2025-06-15 10:23:29,295 - INFO - üìÑ Processando: curr√≠culot√°citobrunosilvavieira.pdf
2025-06-15 10:23:29,454 - INFO - üìÑ Processando: curr√≠culosaraarielesilva.pdf
2025-06-15 10:23:29,495 - ERROR - ‚ùå Erro ao processar curr√≠culot√°citobrunosilvavieira.pdf: ‚ùå PDF vazio ou ileg√≠vel
Traceback (most recent call last):
  File "C:\Users\Viana e Moura.VM210490\Documents\GitHub\Curriculo_IA\Curriculo_IA-clean\SERVICES\analise.py", line 125, in process_candidate
    raise ValueError("‚ùå PDF vazio ou ileg√≠vel")
ValueError: ‚ùå PDF vazio ou ileg√≠vel
2025-06-15 10:23:29,551 - INFO - üìÑ Processando: curr√≠culosu√©vellimcavalcantedelima.pdf
2025-06-15 10:23:29,623 - INFO - üìÑ Processando: curr√≠culosobremim.pdf
2025-06-15 10:23:29,634 - INFO - üìÑ Processando: curr√≠culosuelymariadasilva.pdf
2025-06-15 10:23:29,648 - INFO - üìÑ Processando: curr√≠culotalitasamaradasilvaalves.pdf
2025-06-15 10:23:29,747 - INFO - üìÑ Processando: curr√≠culotatianeliradavi.pdf
2025-06-15 10:23:29,750 - INFO - üìÑ Processando: curr√≠culostefanypereirasampaio.pdf
2025-06-15 10:23:29,951 - INFO - üìÑ Processando: curr√≠culotha√≠sesluciamelo.pdf
2025-06-15 10:23:54,909 - INFO - ‚úÖ Curr√≠culo 'Su√©vellimcavalcantedelima' processado e salvo com ID: b267eb29-119e-41cd-9a58-90b4e8a60b9b
2025-06-15 10:23:55,239 - INFO - üìÑ Processando: curr√≠culotiagomendesbezerra.pdf
2025-06-15 10:23:57,786 - INFO - ‚úÖ Curr√≠culo 'Stefanypereirasampaio' processado e salvo com ID: 9474257b-fcb9-42fa-b167-62e023798ff7
2025-06-15 10:23:58,100 - INFO - üìÑ Processando: curr√≠culovivianemariadasilva.pdf
2025-06-15 10:24:01,481 - INFO - ‚úÖ Curr√≠culo 'Suelymariadasilva' processado e salvo com ID: 1f539b3c-f413-44e3-ab43-630b4358f331
2025-06-15 10:24:01,703 - INFO - ‚úÖ Curr√≠culo 'Sobremim' processado e salvo com ID: 251c1542-5600-43ca-b18c-a5608e505a1c
2025-06-15 10:24:01,811 - INFO - üìÑ Processando: curr√≠culowalkyryamyrelle.pdf
2025-06-15 10:24:02,034 - INFO - üìÑ Processando: curr√≠culowesleydasilvasgarlate.pdf
2025-06-15 10:24:03,863 - INFO - ‚úÖ Curr√≠culo 'Talitasamaradasilvaalves' processado e salvo com ID: deca198d-0fb8-4ba3-9aab-3cf2240b63ad
2025-06-15 10:24:04,197 - INFO - üìÑ Processando: curr√≠culowyllianferanandodossantossilva.pdf
2025-06-15 10:24:04,569 - INFO - ‚úÖ Curr√≠culo 'Saraarielesilva' processado e salvo com ID: f26e5007-8a89-4e51-b7ea-b3206ceee2b5
2025-06-15 10:24:04,894 - INFO - üìÑ Processando: curr√≠culoyagoeduardo.pdf
2025-06-15 10:24:04,983 - INFO - ‚úÖ Curr√≠culo 'Tha√≠sesluciamelo' processado e salvo com ID: 8a78dc10-7f39-4bfe-b9c0-2f08b9aa434b
2025-06-15 10:24:05,340 - INFO - üìÑ Processando: curr√≠culoyagovictorcavalcantifreirealmeida.pdf
2025-06-15 10:24:11,340 - INFO - ‚úÖ Curr√≠culo 'Tatianeliradavi' processado e salvo com ID: 1f6cba41-e741-4815-8da7-30799c5fa2bc
2025-06-15 10:24:11,722 - INFO - üìÑ Processando: curr√≠culoyas.pdf
2025-06-15 10:24:21,567 - INFO - ‚úÖ Curr√≠culo 'Vivianemariadasilva' processado e salvo com ID: 8e261896-8aad-49ce-a2ce-8ed350a0b590
2025-06-15 10:24:21,907 - INFO - ‚úÖ Curr√≠culo 'Tiagomendesbezerra' processado e salvo com ID: d80cf5f6-51b1-495e-958b-d62ebbb9e5f1
2025-06-15 10:24:21,937 - INFO - üìÑ Processando: curr√≠culoyasmimsoares.pdf
2025-06-15 10:24:22,255 - INFO - üìÑ Processando: curr√≠culoyasminlauanesousabarbosa.pdf
2025-06-15 10:24:28,094 - INFO - ‚úÖ Curr√≠culo 'Yagoeduardo' processado e salvo com ID: e3541562-6029-40f4-a0a8-4f588cc6e13e
2025-06-15 10:24:28,915 - INFO - üìÑ Processando: curriculum_pl√≠nio_rafael_caruaru.pdf
2025-06-15 10:24:30,784 - INFO - ‚úÖ Curr√≠culo 'Walkyryamyrelle' processado e salvo com ID: 45b9cac8-a9fb-441b-9ab6-8585972d498f
2025-06-15 10:24:30,895 - INFO - ‚úÖ Curr√≠culo 'Yagovictorcavalcantifreirealmeida' processado e salvo com ID: a36112ac-f6f5-4faa-8c1e-d4a7d9eb66c9
2025-06-15 10:24:31,179 - INFO - üìÑ Processando: curr√≠culoketllyeduardasouzaminervino.pdf
2025-06-15 10:24:31,277 - INFO - üìÑ Processando: curr√≠culokeyllaraphaela.pdf
2025-06-15 10:24:33,236 - INFO - ‚úÖ Curr√≠culo 'Wyllianferanandodossantossilva' processado e salvo com ID: b3207a61-be82-48ff-b24b-c6664ec16a5e
2025-06-15 10:24:33,579 - INFO - üìÑ Processando: curr√≠culolauannycibelleferreiradasilva.pdf
2025-06-15 10:24:35,899 - INFO - ‚úÖ Curr√≠culo 'Wesleydasilvasgarlate' processado e salvo com ID: a655aabf-e3dd-4214-a3ab-4aaa02b29bf3
2025-06-15 10:24:36,284 - INFO - üìÑ Processando: curr√≠culoleonardoalves.pdf
2025-06-15 10:24:50,533 - INFO - ‚úÖ Curr√≠culo 'Yas' processado e salvo com ID: eac82d2e-5100-4d22-9789-34b7bece5f5b
2025-06-15 10:24:50,865 - INFO - üìÑ Processando: curr√≠culoluanvitor.pdf
2025-06-15 10:24:51,126 - INFO - ‚úÖ Curr√≠culo 'Yasminlauanesousabarbosa' processado e salvo com ID: 39f8f763-dbce-4b3b-b505-7165e37c9b00
2025-06-15 10:24:51,468 - INFO - üìÑ Processando: curr√≠culolucasdemacedosantos.pdf
2025-06-15 10:24:56,578 - INFO - ‚úÖ Curr√≠culo 'Yasmimsoares' processado e salvo com ID: ff8f143a-0b1b-4c6e-be17-3b58ef1398b1
2025-06-15 10:24:56,967 - INFO - üìÑ Processando: curr√≠culolucasmateussantosdemac√™do.pdf
2025-06-15 10:24:59,707 - INFO - ‚úÖ Curr√≠culo 'Ketllyeduardasouzaminervino' processado e salvo com ID: 8ad6382c-2f51-4941-878f-7bd27a145c1e
2025-06-15 10:25:00,072 - INFO - üìÑ Processando: curr√≠culoluizfelipetenorioportomoraes.pdf
2025-06-15 10:25:00,409 - INFO - ‚úÖ Curr√≠culo 'Keyllaraphaela' processado e salvo com ID: bd524ede-0a34-4497-890d-9b65daa313f2
2025-06-15 10:25:00,582 - INFO - ‚úÖ Curr√≠culo 'Lauannycibelleferreiradasilva' processado e salvo com ID: 5e0632f8-1d2a-4e47-877f-15743552d3c4
2025-06-15 10:25:00,811 - INFO - üìÑ Processando: curr√≠culoluizfellipedasilvagomes.pdf
2025-06-15 10:25:00,969 - INFO - üìÑ Processando: curr√≠culomarciaeduardalaurentinosilva.pdf
2025-06-15 10:25:04,682 - INFO - ‚úÖ Curr√≠culo 'Curriculum Pl√≠nio Rafael Caruaru' processado e salvo com ID: 0f1da266-9b51-44d9-ab5a-7242c9c2c24b
2025-06-15 10:25:05,025 - INFO - üìÑ Processando: curr√≠culomariaclara.pdf
2025-06-15 10:25:08,362 - INFO - ‚úÖ Curr√≠culo 'Leonardoalves' processado e salvo com ID: 75121628-00c1-4549-aafc-bffb0353b131
2025-06-15 10:25:08,706 - INFO - üìÑ Processando: curr√≠culomariaericadasilva.pdf
2025-06-15 10:25:20,966 - INFO - ‚úÖ Curr√≠culo 'Luanvitor' processado e salvo com ID: f54b5a77-baba-4e15-9822-ef3f72a8adc4
2025-06-15 10:25:21,297 - INFO - üìÑ Processando: curr√≠culomariafernandamarques.pdf
2025-06-15 10:25:26,614 - INFO - ‚úÖ Curr√≠culo 'Luizfelipetenorioportomoraes' processado e salvo com ID: fc8248b7-e98e-4f52-960d-441a7874dcff
2025-06-15 10:25:26,954 - INFO - üìÑ Processando: curr√≠culomariagabriela.pdf
2025-06-15 10:25:27,404 - INFO - ‚úÖ Curr√≠culo 'Mariaclara' processado e salvo com ID: f3a3eeb5-4be8-458e-aab8-34caeffeacfa
2025-06-15 10:25:27,484 - INFO - ‚úÖ Curr√≠culo 'Marciaeduardalaurentinosilva' processado e salvo com ID: 8beba15e-92a7-47ff-b0b0-537babaa4f12
2025-06-15 10:25:27,813 - INFO - üìÑ Processando: curr√≠culomariavit√≥riadacruzmacedo.pdf
2025-06-15 10:25:27,935 - INFO - üìÑ Processando: curr√≠culomatheusjacomettipalmeira.pdf
2025-06-15 10:25:28,030 - INFO - ‚úÖ Curr√≠culo 'Luizfellipedasilvagomes' processado e salvo com ID: 0649741e-0e54-4efd-ba5d-f22a90b69130
2025-06-15 10:25:28,404 - INFO - üìÑ Processando: curr√≠culomatheussantos.pdf
2025-06-15 10:25:30,667 - INFO - ‚úÖ Curr√≠culo 'Lucasdemacedosantos' processado e salvo com ID: e2054ae3-212f-479c-86bf-5964d34e82be
2025-06-15 10:25:31,054 - INFO - üìÑ Processando: curr√≠culomichaelleandrosilva.pdf
2025-06-15 10:25:39,378 - INFO - ‚úÖ Curr√≠culo 'Mariaericadasilva' processado e salvo com ID: 23068a5f-9ee4-4daf-bcbd-e9249b66b145
2025-06-15 10:25:39,710 - INFO - üìÑ Processando: curr√≠culomikaelecristinedasilva.pdf
2025-06-15 10:25:42,650 - INFO - ‚úÖ Curr√≠culo 'Lucasmateussantosdemac√™do' processado e salvo com ID: 29e4fcb2-cc96-43ec-bbe5-acab286322c9
2025-06-15 10:25:43,014 - INFO - üìÑ Processando: curr√≠culomilenalima.pdf
2025-06-15 10:25:53,279 - INFO - ‚úÖ Curr√≠culo 'Mariafernandamarques' processado e salvo com ID: 459be3d3-710b-49db-b10d-fbfd94c35945
2025-06-15 10:25:53,599 - INFO - üìÑ Processando: curr√≠culomiqu√©iassantos.pdf
2025-06-15 10:25:55,772 - INFO - ‚úÖ Curr√≠culo 'Matheussantos' processado e salvo com ID: 7a3c91db-41e5-483c-848f-b7de87601849
2025-06-15 10:25:56,102 - INFO - üìÑ Processando: curr√≠culomonicamoura.pdf
2025-06-15 10:25:57,824 - INFO - ‚úÖ Curr√≠culo 'Mariavit√≥riadacruzmacedo' processado e salvo com ID: 2e5c9d73-f9ec-442c-956e-82cb92e4171e
2025-06-15 10:25:58,181 - INFO - üìÑ Processando: curr√≠culootiliaisl√¢niatorres.pdf
2025-06-15 10:26:02,832 - INFO - ‚úÖ Curr√≠culo 'Mikaelecristinedasilva' processado e salvo com ID: 69a69834-d5bc-40dd-beea-0a0c85687a29
2025-06-15 10:26:03,075 - INFO - ‚úÖ Curr√≠culo 'Michaelleandrosilva' processado e salvo com ID: b8a2bd19-8e72-4aa6-9f2d-18ca5d177f39
2025-06-15 10:26:03,337 - INFO - üìÑ Processando: curr√≠culopaulosergiosergio.pdf
2025-06-15 10:26:03,461 - INFO - üìÑ Processando: curr√≠culopedrohenriquemarquesdasilva.pdf
2025-06-15 10:26:04,168 - INFO - ‚úÖ Curr√≠culo 'Matheusjacomettipalmeira' processado e salvo com ID: 089a7d61-a900-48d3-a7ef-febfefb1e2e5
2025-06-15 10:26:04,536 - INFO - üìÑ Processando: curr√≠culoqu√©tulaeliasdefran√ßasilva.pdf
2025-06-15 10:26:13,390 - INFO - ‚úÖ Curr√≠culo 'Mariagabriela' processado e salvo com ID: 7ee76df7-a639-4a31-a056-83e601ddeb6e
2025-06-15 10:26:13,753 - INFO - üìÑ Processando: curr√≠culorafaelsoaresdelima.pdf
2025-06-15 10:26:14,318 - INFO - ‚úÖ Curr√≠culo 'Milenalima' processado e salvo com ID: 8d72c881-7bda-4da7-862b-3e0c8e52d1dc
2025-06-15 10:26:14,659 - INFO - üìÑ Processando: curr√≠culorebeccaislaynenascimentofreitas.pdf
2025-06-15 10:26:17,319 - INFO - ‚úÖ Curr√≠culo 'Miqu√©iassantos' processado e salvo com ID: ccea449d-d940-4df4-8e79-20403043f5a3
2025-06-15 10:26:17,696 - INFO - üìÑ Processando: curr√≠culoreginaldorodriguesneto.pdf
2025-06-15 10:26:23,063 - INFO - ‚úÖ Curr√≠culo 'Monicamoura' processado e salvo com ID: 64275154-533a-4570-9521-c4e5acca4acd
2025-06-15 10:26:23,480 - INFO - üìÑ Processando: curr√≠culoruthflor√™ncio.pdf
2025-06-15 10:26:29,358 - INFO - ‚úÖ Curr√≠culo 'Otiliaisl√¢niatorres' processado e salvo com ID: 19485822-bbb9-4ce9-82d0-4fb05ac346af
2025-06-15 10:26:32,069 - INFO - ‚úÖ Curr√≠culo 'Qu√©tulaeliasdefran√ßasilva' processado e salvo com ID: 336e8e7b-afb4-490f-865d-c22be4007737
2025-06-15 10:26:32,267 - INFO - ‚úÖ Curr√≠culo 'Pedrohenriquemarquesdasilva' processado e salvo com ID: f727779b-a91f-461a-80c6-7052a53dc07d
2025-06-15 10:26:37,072 - INFO - ‚úÖ Curr√≠culo 'Paulosergiosergio' processado e salvo com ID: 37d8c17e-fa2f-44c8-9409-5aa834ee0b6f
2025-06-15 10:26:42,137 - INFO - ‚úÖ Curr√≠culo 'Rebeccaislaynenascimentofreitas' processado e salvo com ID: 5f62485d-5ca5-42bd-b580-09fad37378dc
2025-06-15 10:26:43,899 - INFO - ‚úÖ Curr√≠culo 'Rafaelsoaresdelima' processado e salvo com ID: ef0b2fb8-68e8-45cd-8369-eeed082e8cc3
2025-06-15 10:26:47,543 - INFO - ‚úÖ Curr√≠culo 'Ruthflor√™ncio' processado e salvo com ID: 831658ce-7947-4de4-adf4-15ec60a7520a
2025-06-15 10:26:57,089 - INFO - ‚úÖ Curr√≠culo 'Reginaldorodriguesneto' processado e salvo com ID: 7d01a8ea-93b2-4e63-aba8-ac5826c007a7
2025-06-16 10:07:09,883 - INFO - üìÑ Processando: CurriculoTacitobrunoSilvavieira.pdf
2025-06-16 10:07:09,897 - INFO - üìÑ Processando: CurriculoSARAARIELESILVA.pdf
2025-06-16 10:07:09,987 - INFO - üìÑ Processando: CurriculoSuelyMariadaSilva.pdf
2025-06-16 10:07:10,281 - INFO - üìÑ Processando: CurriculoTalitaSamaradaSilvaAlves.pdf
2025-06-16 10:07:10,283 - INFO - üìÑ Processando: CurriculoSOBREMIM.pdf
2025-06-16 10:07:10,290 - INFO - üìÑ Processando: CurriculoSuevellimCavalcantedeLima.pdf
2025-06-16 10:07:10,296 - INFO - üìÑ Processando: CurriculoTatianeLiraDavi.pdf
2025-06-16 10:07:10,298 - INFO - üìÑ Processando: CurriculoStefanyPereiraSampaio.pdf
2025-06-16 10:07:10,592 - ERROR - ‚ùå Erro ao processar CurriculoTacitobrunoSilvavieira.pdf: ‚ùå PDF vazio ou ileg√≠vel
Traceback (most recent call last):
  File "C:\Users\Viana e Moura.VM210490\Documents\GitHub\Curriculo_IA\Curriculo_IA-clean\SERVICES\analise.py", line 125, in process_candidate
    raise ValueError("‚ùå PDF vazio ou ileg√≠vel")
ValueError: ‚ùå PDF vazio ou ileg√≠vel
2025-06-16 10:07:31,206 - INFO - ‚úÖ Curr√≠culo 'Suely Mariada Silva' processado e salvo com ID: bef5209d-986a-4f7a-93b9-72813f299659
2025-06-16 10:07:32,763 - INFO - ‚úÖ Curr√≠culo 'Stefany Pereira Sampaio' processado e salvo com ID: faf09b98-b811-4047-9a3c-a3dfcb72848d
2025-06-16 10:07:32,906 - INFO - ‚úÖ Curr√≠culo 'Saraarielesilva' processado e salvo com ID: f9ba356d-514c-4cf7-a781-0d4abf4e4541
2025-06-16 10:07:33,290 - INFO - ‚úÖ Curr√≠culo 'Suevellim Cavalcantede Lima' processado e salvo com ID: 9c9afa07-3413-40d3-ae8f-b319b00b946b
2025-06-16 10:07:35,545 - INFO - ‚úÖ Curr√≠culo 'Sobremim' processado e salvo com ID: 361d9fb5-6d73-42d7-b529-68152bda4b96
2025-06-16 10:07:39,759 - INFO - ‚úÖ Curr√≠culo 'Talita Samarada Silva Alves' processado e salvo com ID: 647427bb-ffff-4ff2-b77a-0f5aeaf5c39b
2025-06-16 10:07:42,210 - INFO - ‚úÖ Curr√≠culo 'Tatiane Lira Davi' processado e salvo com ID: 45a67946-260b-4e9f-a8a9-b24dd510790d
2025-06-16 10:19:12,991 - INFO - üìÑ Processando: CurriculoSARAARIELESILVA.pdf
2025-06-16 10:19:13,057 - INFO - üìÑ Processando: CurriculoStefanyPereiraSampaio.pdf
2025-06-16 10:19:13,121 - INFO - üìÑ Processando: CurriculoTacitobrunoSilvavieira.pdf
2025-06-16 10:19:13,129 - INFO - üìÑ Processando: CurriculoSuelyMariadaSilva.pdf
2025-06-16 10:19:13,199 - INFO - üìÑ Processando: CurriculoSOBREMIM.pdf
2025-06-16 10:19:13,237 - INFO - üìÑ Processando: CurriculoTalitaSamaradaSilvaAlves.pdf
2025-06-16 10:19:13,376 - INFO - üìÑ Processando: CurriculoSuevellimCavalcantedeLima.pdf
2025-06-16 10:19:13,406 - ERROR - ‚ùå Erro ao processar CurriculoTacitobrunoSilvavieira.pdf: ‚ùå PDF vazio ou ileg√≠vel
Traceback (most recent call last):
  File "C:\Users\Viana e Moura.VM210490\Documents\GitHub\Curriculo_IA\Curriculo_IA-clean\SERVICES\analise.py", line 125, in process_candidate
    raise ValueError("‚ùå PDF vazio ou ileg√≠vel")
ValueError: ‚ùå PDF vazio ou ileg√≠vel
2025-06-16 10:19:13,426 - INFO - üìÑ Processando: CurriculoTatianeLiraDavi.pdf
2025-06-16 10:19:34,367 - ERROR - ‚ùå Erro ao processar CurriculoStefanyPereiraSampaio.pdf: Server disconnected
Traceback (most recent call last):
  File "C:\Users\Viana e Moura.VM210490\Documents\GitHub\Curriculo_IA\Curriculo_IA-clean\venv312\Lib\site-packages\httpx\_transports\default.py", line 101, in map_httpcore_exceptions
    yield
  File "C:\Users\Viana e Moura.VM210490\Documents\GitHub\Curriculo_IA\Curriculo_IA-clean\venv312\Lib\site-packages\httpx\_transports\default.py", line 250, in handle_request
    resp = self._pool.handle_request(req)
           ^^^^^^^^^^^^^^^^^^^^^^^^^^^^^^
  File "C:\Users\Viana e Moura.VM210490\Documents\GitHub\Curriculo_IA\Curriculo_IA-clean\venv312\Lib\site-packages\httpcore\_sync\connection_pool.py", line 256, in handle_request
    raise exc from None
  File "C:\Users\Viana e Moura.VM210490\Documents\GitHub\Curriculo_IA\Curriculo_IA-clean\venv312\Lib\site-packages\httpcore\_sync\connection_pool.py", line 236, in handle_request
    response = connection.handle_request(
               ^^^^^^^^^^^^^^^^^^^^^^^^^^
  File "C:\Users\Viana e Moura.VM210490\Documents\GitHub\Curriculo_IA\Curriculo_IA-clean\venv312\Lib\site-packages\httpcore\_sync\connection.py", line 103, in handle_request
    return self._connection.handle_request(request)
           ^^^^^^^^^^^^^^^^^^^^^^^^^^^^^^^^^^^^^^^^
  File "C:\Users\Viana e Moura.VM210490\Documents\GitHub\Curriculo_IA\Curriculo_IA-clean\venv312\Lib\site-packages\httpcore\_sync\http2.py", line 187, in handle_request
    raise exc
  File "C:\Users\Viana e Moura.VM210490\Documents\GitHub\Curriculo_IA\Curriculo_IA-clean\venv312\Lib\site-packages\httpcore\_sync\http2.py", line 150, in handle_request
    status, headers = self._receive_response(
                      ^^^^^^^^^^^^^^^^^^^^^^^
  File "C:\Users\Viana e Moura.VM210490\Documents\GitHub\Curriculo_IA\Curriculo_IA-clean\venv312\Lib\site-packages\httpcore\_sync\http2.py", line 294, in _receive_response
    event = self._receive_stream_event(request, stream_id)
            ^^^^^^^^^^^^^^^^^^^^^^^^^^^^^^^^^^^^^^^^^^^^^^
  File "C:\Users\Viana e Moura.VM210490\Documents\GitHub\Curriculo_IA\Curriculo_IA-clean\venv312\Lib\site-packages\httpcore\_sync\http2.py", line 336, in _receive_stream_event
    self._receive_events(request, stream_id)
  File "C:\Users\Viana e Moura.VM210490\Documents\GitHub\Curriculo_IA\Curriculo_IA-clean\venv312\Lib\site-packages\httpcore\_sync\http2.py", line 364, in _receive_events
    events = self._read_incoming_data(request)
             ^^^^^^^^^^^^^^^^^^^^^^^^^^^^^^^^^
  File "C:\Users\Viana e Moura.VM210490\Documents\GitHub\Curriculo_IA\Curriculo_IA-clean\venv312\Lib\site-packages\httpcore\_sync\http2.py", line 438, in _read_incoming_data
    raise self._read_exception  # pragma: nocover
    ^^^^^^^^^^^^^^^^^^^^^^^^^^
  File "C:\Users\Viana e Moura.VM210490\Documents\GitHub\Curriculo_IA\Curriculo_IA-clean\venv312\Lib\site-packages\httpx\_transports\default.py", line 101, in map_httpcore_exceptions
    yield
  File "C:\Users\Viana e Moura.VM210490\Documents\GitHub\Curriculo_IA\Curriculo_IA-clean\venv312\Lib\site-packages\httpx\_transports\default.py", line 250, in handle_request
    resp = self._pool.handle_request(req)
           ^^^^^^^^^^^^^^^^^^^^^^^^^^^^^^
  File "C:\Users\Viana e Moura.VM210490\Documents\GitHub\Curriculo_IA\Curriculo_IA-clean\venv312\Lib\site-packages\httpcore\_sync\connection_pool.py", line 256, in handle_request
    raise exc from None
  File "C:\Users\Viana e Moura.VM210490\Documents\GitHub\Curriculo_IA\Curriculo_IA-clean\venv312\Lib\site-packages\httpcore\_sync\connection_pool.py", line 236, in handle_request
    response = connection.handle_request(
               ^^^^^^^^^^^^^^^^^^^^^^^^^^
  File "C:\Users\Viana e Moura.VM210490\Documents\GitHub\Curriculo_IA\Curriculo_IA-clean\venv312\Lib\site-packages\httpcore\_sync\connection.py", line 103, in handle_request
    return self._connection.handle_request(request)
           ^^^^^^^^^^^^^^^^^^^^^^^^^^^^^^^^^^^^^^^^
  File "C:\Users\Viana e Moura.VM210490\Documents\GitHub\Curriculo_IA\Curriculo_IA-clean\venv312\Lib\site-packages\httpcore\_sync\http2.py", line 187, in handle_request
    raise exc
  File "C:\Users\Viana e Moura.VM210490\Documents\GitHub\Curriculo_IA\Curriculo_IA-clean\venv312\Lib\site-packages\httpcore\_sync\http2.py", line 150, in handle_request
    status, headers = self._receive_response(
                      ^^^^^^^^^^^^^^^^^^^^^^^
  File "C:\Users\Viana e Moura.VM210490\Documents\GitHub\Curriculo_IA\Curriculo_IA-clean\venv312\Lib\site-packages\httpcore\_sync\http2.py", line 294, in _receive_response
    event = self._receive_stream_event(request, stream_id)
            ^^^^^^^^^^^^^^^^^^^^^^^^^^^^^^^^^^^^^^^^^^^^^^
  File "C:\Users\Viana e Moura.VM210490\Documents\GitHub\Curriculo_IA\Curriculo_IA-clean\venv312\Lib\site-packages\httpcore\_sync\http2.py", line 336, in _receive_stream_event
    self._receive_events(request, stream_id)
  File "C:\Users\Viana e Moura.VM210490\Documents\GitHub\Curriculo_IA\Curriculo_IA-clean\venv312\Lib\site-packages\httpcore\_sync\http2.py", line 364, in _receive_events
    events = self._read_incoming_data(request)
             ^^^^^^^^^^^^^^^^^^^^^^^^^^^^^^^^^
  File "C:\Users\Viana e Moura.VM210490\Documents\GitHub\Curriculo_IA\Curriculo_IA-clean\venv312\Lib\site-packages\httpcore\_sync\http2.py", line 455, in _read_incoming_data
    raise exc
  File "C:\Users\Viana e Moura.VM210490\Documents\GitHub\Curriculo_IA\Curriculo_IA-clean\venv312\Lib\site-packages\httpcore\_sync\http2.py", line 443, in _read_incoming_data
    raise RemoteProtocolError("Server disconnected")
httpcore.RemoteProtocolError: Server disconnected

The above exception was the direct cause of the following exception:

Traceback (most recent call last):
  File "C:\Users\Viana e Moura.VM210490\Documents\GitHub\Curriculo_IA\Curriculo_IA-clean\SERVICES\analise.py", line 182, in process_candidate
    database.insert_analysis(analysis_data.model_dump())
  File "C:\Users\Viana e Moura.VM210490\Documents\GitHub\Curriculo_IA\Curriculo_IA-clean\CONFIG\database.py", line 22, in insert_analysis
    supabase.table("analysis").upsert(analysis_data, on_conflict=["resum_id"]).execute()
  File "C:\Users\Viana e Moura.VM210490\Documents\GitHub\Curriculo_IA\Curriculo_IA-clean\venv312\Lib\site-packages\postgrest\_sync\request_builder.py", line 57, in execute
    r = self.session.request(
        ^^^^^^^^^^^^^^^^^^^^^
  File "C:\Users\Viana e Moura.VM210490\Documents\GitHub\Curriculo_IA\Curriculo_IA-clean\venv312\Lib\site-packages\httpx\_client.py", line 825, in request
    return self.send(request, auth=auth, follow_redirects=follow_redirects)
           ^^^^^^^^^^^^^^^^^^^^^^^^^^^^^^^^^^^^^^^^^^^^^^^^^^^^^^^^^^^^^^^^
  File "C:\Users\Viana e Moura.VM210490\Documents\GitHub\Curriculo_IA\Curriculo_IA-clean\venv312\Lib\site-packages\httpx\_client.py", line 914, in send
    response = self._send_handling_auth(
               ^^^^^^^^^^^^^^^^^^^^^^^^^
  File "C:\Users\Viana e Moura.VM210490\Documents\GitHub\Curriculo_IA\Curriculo_IA-clean\venv312\Lib\site-packages\httpx\_client.py", line 942, in _send_handling_auth
    response = self._send_handling_redirects(
               ^^^^^^^^^^^^^^^^^^^^^^^^^^^^^^
  File "C:\Users\Viana e Moura.VM210490\Documents\GitHub\Curriculo_IA\Curriculo_IA-clean\venv312\Lib\site-packages\httpx\_client.py", line 979, in _send_handling_redirects
    response = self._send_single_request(request)
               ^^^^^^^^^^^^^^^^^^^^^^^^^^^^^^^^^^
  File "C:\Users\Viana e Moura.VM210490\Documents\GitHub\Curriculo_IA\Curriculo_IA-clean\venv312\Lib\site-packages\httpx\_client.py", line 1014, in _send_single_request
    response = transport.handle_request(request)
               ^^^^^^^^^^^^^^^^^^^^^^^^^^^^^^^^^
  File "C:\Users\Viana e Moura.VM210490\Documents\GitHub\Curriculo_IA\Curriculo_IA-clean\venv312\Lib\site-packages\httpx\_transports\default.py", line 249, in handle_request
    with map_httpcore_exceptions():
  File "C:\Users\Viana e Moura.VM210490\AppData\Local\Programs\Python\Python312\Lib\contextlib.py", line 158, in __exit__
    self.gen.throw(value)
  File "C:\Users\Viana e Moura.VM210490\Documents\GitHub\Curriculo_IA\Curriculo_IA-clean\venv312\Lib\site-packages\httpx\_transports\default.py", line 118, in map_httpcore_exceptions
    raise mapped_exc(message) from exc
httpx.RemoteProtocolError: Server disconnected
2025-06-16 10:19:34,368 - ERROR - ‚ùå Erro ao processar CurriculoSARAARIELESILVA.pdf: Server disconnected
Traceback (most recent call last):
  File "C:\Users\Viana e Moura.VM210490\Documents\GitHub\Curriculo_IA\Curriculo_IA-clean\venv312\Lib\site-packages\httpx\_transports\default.py", line 101, in map_httpcore_exceptions
    yield
  File "C:\Users\Viana e Moura.VM210490\Documents\GitHub\Curriculo_IA\Curriculo_IA-clean\venv312\Lib\site-packages\httpx\_transports\default.py", line 250, in handle_request
    resp = self._pool.handle_request(req)
           ^^^^^^^^^^^^^^^^^^^^^^^^^^^^^^
  File "C:\Users\Viana e Moura.VM210490\Documents\GitHub\Curriculo_IA\Curriculo_IA-clean\venv312\Lib\site-packages\httpcore\_sync\connection_pool.py", line 256, in handle_request
    raise exc from None
  File "C:\Users\Viana e Moura.VM210490\Documents\GitHub\Curriculo_IA\Curriculo_IA-clean\venv312\Lib\site-packages\httpcore\_sync\connection_pool.py", line 236, in handle_request
    response = connection.handle_request(
               ^^^^^^^^^^^^^^^^^^^^^^^^^^
  File "C:\Users\Viana e Moura.VM210490\Documents\GitHub\Curriculo_IA\Curriculo_IA-clean\venv312\Lib\site-packages\httpcore\_sync\connection.py", line 103, in handle_request
    return self._connection.handle_request(request)
           ^^^^^^^^^^^^^^^^^^^^^^^^^^^^^^^^^^^^^^^^
  File "C:\Users\Viana e Moura.VM210490\Documents\GitHub\Curriculo_IA\Curriculo_IA-clean\venv312\Lib\site-packages\httpcore\_sync\http2.py", line 187, in handle_request
    raise exc
  File "C:\Users\Viana e Moura.VM210490\Documents\GitHub\Curriculo_IA\Curriculo_IA-clean\venv312\Lib\site-packages\httpcore\_sync\http2.py", line 150, in handle_request
    status, headers = self._receive_response(
                      ^^^^^^^^^^^^^^^^^^^^^^^
  File "C:\Users\Viana e Moura.VM210490\Documents\GitHub\Curriculo_IA\Curriculo_IA-clean\venv312\Lib\site-packages\httpcore\_sync\http2.py", line 294, in _receive_response
    event = self._receive_stream_event(request, stream_id)
            ^^^^^^^^^^^^^^^^^^^^^^^^^^^^^^^^^^^^^^^^^^^^^^
  File "C:\Users\Viana e Moura.VM210490\Documents\GitHub\Curriculo_IA\Curriculo_IA-clean\venv312\Lib\site-packages\httpcore\_sync\http2.py", line 336, in _receive_stream_event
    self._receive_events(request, stream_id)
  File "C:\Users\Viana e Moura.VM210490\Documents\GitHub\Curriculo_IA\Curriculo_IA-clean\venv312\Lib\site-packages\httpcore\_sync\http2.py", line 364, in _receive_events
    events = self._read_incoming_data(request)
             ^^^^^^^^^^^^^^^^^^^^^^^^^^^^^^^^^
  File "C:\Users\Viana e Moura.VM210490\Documents\GitHub\Curriculo_IA\Curriculo_IA-clean\venv312\Lib\site-packages\httpcore\_sync\http2.py", line 438, in _read_incoming_data
    raise self._read_exception  # pragma: nocover
    ^^^^^^^^^^^^^^^^^^^^^^^^^^
  File "C:\Users\Viana e Moura.VM210490\Documents\GitHub\Curriculo_IA\Curriculo_IA-clean\venv312\Lib\site-packages\httpx\_transports\default.py", line 101, in map_httpcore_exceptions
    yield
  File "C:\Users\Viana e Moura.VM210490\Documents\GitHub\Curriculo_IA\Curriculo_IA-clean\venv312\Lib\site-packages\httpx\_transports\default.py", line 250, in handle_request
    resp = self._pool.handle_request(req)
           ^^^^^^^^^^^^^^^^^^^^^^^^^^^^^^
  File "C:\Users\Viana e Moura.VM210490\Documents\GitHub\Curriculo_IA\Curriculo_IA-clean\venv312\Lib\site-packages\httpcore\_sync\connection_pool.py", line 256, in handle_request
    raise exc from None
  File "C:\Users\Viana e Moura.VM210490\Documents\GitHub\Curriculo_IA\Curriculo_IA-clean\venv312\Lib\site-packages\httpcore\_sync\connection_pool.py", line 236, in handle_request
    response = connection.handle_request(
               ^^^^^^^^^^^^^^^^^^^^^^^^^^
  File "C:\Users\Viana e Moura.VM210490\Documents\GitHub\Curriculo_IA\Curriculo_IA-clean\venv312\Lib\site-packages\httpcore\_sync\connection.py", line 103, in handle_request
    return self._connection.handle_request(request)
           ^^^^^^^^^^^^^^^^^^^^^^^^^^^^^^^^^^^^^^^^
  File "C:\Users\Viana e Moura.VM210490\Documents\GitHub\Curriculo_IA\Curriculo_IA-clean\venv312\Lib\site-packages\httpcore\_sync\http2.py", line 187, in handle_request
    raise exc
  File "C:\Users\Viana e Moura.VM210490\Documents\GitHub\Curriculo_IA\Curriculo_IA-clean\venv312\Lib\site-packages\httpcore\_sync\http2.py", line 150, in handle_request
    status, headers = self._receive_response(
                      ^^^^^^^^^^^^^^^^^^^^^^^
  File "C:\Users\Viana e Moura.VM210490\Documents\GitHub\Curriculo_IA\Curriculo_IA-clean\venv312\Lib\site-packages\httpcore\_sync\http2.py", line 294, in _receive_response
    event = self._receive_stream_event(request, stream_id)
            ^^^^^^^^^^^^^^^^^^^^^^^^^^^^^^^^^^^^^^^^^^^^^^
  File "C:\Users\Viana e Moura.VM210490\Documents\GitHub\Curriculo_IA\Curriculo_IA-clean\venv312\Lib\site-packages\httpcore\_sync\http2.py", line 336, in _receive_stream_event
    self._receive_events(request, stream_id)
  File "C:\Users\Viana e Moura.VM210490\Documents\GitHub\Curriculo_IA\Curriculo_IA-clean\venv312\Lib\site-packages\httpcore\_sync\http2.py", line 364, in _receive_events
    events = self._read_incoming_data(request)
             ^^^^^^^^^^^^^^^^^^^^^^^^^^^^^^^^^
  File "C:\Users\Viana e Moura.VM210490\Documents\GitHub\Curriculo_IA\Curriculo_IA-clean\venv312\Lib\site-packages\httpcore\_sync\http2.py", line 455, in _read_incoming_data
    raise exc
  File "C:\Users\Viana e Moura.VM210490\Documents\GitHub\Curriculo_IA\Curriculo_IA-clean\venv312\Lib\site-packages\httpcore\_sync\http2.py", line 443, in _read_incoming_data
    raise RemoteProtocolError("Server disconnected")
httpcore.RemoteProtocolError: Server disconnected

The above exception was the direct cause of the following exception:

Traceback (most recent call last):
  File "C:\Users\Viana e Moura.VM210490\Documents\GitHub\Curriculo_IA\Curriculo_IA-clean\SERVICES\analise.py", line 182, in process_candidate
    database.insert_analysis(analysis_data.model_dump())
  File "C:\Users\Viana e Moura.VM210490\Documents\GitHub\Curriculo_IA\Curriculo_IA-clean\CONFIG\database.py", line 22, in insert_analysis
    supabase.table("analysis").upsert(analysis_data, on_conflict=["resum_id"]).execute()
  File "C:\Users\Viana e Moura.VM210490\Documents\GitHub\Curriculo_IA\Curriculo_IA-clean\venv312\Lib\site-packages\postgrest\_sync\request_builder.py", line 57, in execute
    r = self.session.request(
        ^^^^^^^^^^^^^^^^^^^^^
  File "C:\Users\Viana e Moura.VM210490\Documents\GitHub\Curriculo_IA\Curriculo_IA-clean\venv312\Lib\site-packages\httpx\_client.py", line 825, in request
    return self.send(request, auth=auth, follow_redirects=follow_redirects)
           ^^^^^^^^^^^^^^^^^^^^^^^^^^^^^^^^^^^^^^^^^^^^^^^^^^^^^^^^^^^^^^^^
  File "C:\Users\Viana e Moura.VM210490\Documents\GitHub\Curriculo_IA\Curriculo_IA-clean\venv312\Lib\site-packages\httpx\_client.py", line 914, in send
    response = self._send_handling_auth(
               ^^^^^^^^^^^^^^^^^^^^^^^^^
  File "C:\Users\Viana e Moura.VM210490\Documents\GitHub\Curriculo_IA\Curriculo_IA-clean\venv312\Lib\site-packages\httpx\_client.py", line 942, in _send_handling_auth
    response = self._send_handling_redirects(
               ^^^^^^^^^^^^^^^^^^^^^^^^^^^^^^
  File "C:\Users\Viana e Moura.VM210490\Documents\GitHub\Curriculo_IA\Curriculo_IA-clean\venv312\Lib\site-packages\httpx\_client.py", line 979, in _send_handling_redirects
    response = self._send_single_request(request)
               ^^^^^^^^^^^^^^^^^^^^^^^^^^^^^^^^^^
  File "C:\Users\Viana e Moura.VM210490\Documents\GitHub\Curriculo_IA\Curriculo_IA-clean\venv312\Lib\site-packages\httpx\_client.py", line 1014, in _send_single_request
    response = transport.handle_request(request)
               ^^^^^^^^^^^^^^^^^^^^^^^^^^^^^^^^^
  File "C:\Users\Viana e Moura.VM210490\Documents\GitHub\Curriculo_IA\Curriculo_IA-clean\venv312\Lib\site-packages\httpx\_transports\default.py", line 249, in handle_request
    with map_httpcore_exceptions():
  File "C:\Users\Viana e Moura.VM210490\AppData\Local\Programs\Python\Python312\Lib\contextlib.py", line 158, in __exit__
    self.gen.throw(value)
  File "C:\Users\Viana e Moura.VM210490\Documents\GitHub\Curriculo_IA\Curriculo_IA-clean\venv312\Lib\site-packages\httpx\_transports\default.py", line 118, in map_httpcore_exceptions
    raise mapped_exc(message) from exc
httpx.RemoteProtocolError: Server disconnected
2025-06-16 10:19:34,368 - INFO - ‚úÖ Curr√≠culo 'Suevellim Cavalcantede Lima' processado e salvo com ID: e3e01973-5ac3-4bae-8c4c-60d7f1015d5a
2025-06-16 10:19:35,180 - INFO - ‚úÖ Curr√≠culo 'Suely Mariada Silva' processado e salvo com ID: 9a2fa36a-2a96-4c93-80a5-d459b41393c6
2025-06-16 10:19:36,607 - INFO - ‚úÖ Curr√≠culo 'Sobremim' processado e salvo com ID: 1b6c978b-7c51-45b2-b826-0e09cbccbbd2
2025-06-16 10:19:40,871 - INFO - ‚úÖ Curr√≠culo 'Talita Samarada Silva Alves' processado e salvo com ID: 221f8cdd-a516-4e05-a8ea-774dd472e75b
2025-06-16 10:19:43,619 - INFO - ‚úÖ Curr√≠culo 'Tatiane Lira Davi' processado e salvo com ID: 0842513a-0814-4a9f-9d1c-1eb3dc0e00aa
2025-06-16 10:22:48,758 - INFO - üìÑ Processando: CurriculoSARAARIELESILVA.pdf
2025-06-16 10:22:48,797 - INFO - üìÑ Processando: CurriculoTacitobrunoSilvavieira.pdf
2025-06-16 10:22:48,816 - INFO - üìÑ Processando: CurriculoSuelyMariadaSilva.pdf
2025-06-16 10:22:48,918 - INFO - üìÑ Processando: CurriculoSOBREMIM.pdf
2025-06-16 10:22:48,919 - INFO - üìÑ Processando: CurriculoStefanyPereiraSampaio.pdf
2025-06-16 10:22:48,952 - INFO - üìÑ Processando: CurriculoSuevellimCavalcantedeLima.pdf
2025-06-16 10:22:48,958 - INFO - üìÑ Processando: CurriculoTalitaSamaradaSilvaAlves.pdf
2025-06-16 10:22:49,002 - INFO - üìÑ Processando: CurriculoTatianeLiraDavi.pdf
2025-06-16 10:22:49,087 - ERROR - ‚ùå Erro ao processar CurriculoTacitobrunoSilvavieira.pdf: ‚ùå PDF vazio ou ileg√≠vel
Traceback (most recent call last):
  File "C:\Users\Viana e Moura.VM210490\Documents\GitHub\Curriculo_IA\Curriculo_IA-clean\SERVICES\analise.py", line 125, in process_candidate
    raise ValueError("‚ùå PDF vazio ou ileg√≠vel")
ValueError: ‚ùå PDF vazio ou ileg√≠vel
2025-06-16 10:23:08,293 - INFO - ‚úÖ Curr√≠culo 'Suely Mariada Silva' processado e salvo com ID: cc973311-f94d-4864-8326-926d9fc8a21c
2025-06-16 10:23:09,751 - ERROR - ‚ùå Erro ao processar CurriculoSARAARIELESILVA.pdf: Server disconnected
Traceback (most recent call last):
  File "C:\Users\Viana e Moura.VM210490\Documents\GitHub\Curriculo_IA\Curriculo_IA-clean\venv312\Lib\site-packages\httpx\_transports\default.py", line 101, in map_httpcore_exceptions
    yield
  File "C:\Users\Viana e Moura.VM210490\Documents\GitHub\Curriculo_IA\Curriculo_IA-clean\venv312\Lib\site-packages\httpx\_transports\default.py", line 250, in handle_request
    resp = self._pool.handle_request(req)
           ^^^^^^^^^^^^^^^^^^^^^^^^^^^^^^
  File "C:\Users\Viana e Moura.VM210490\Documents\GitHub\Curriculo_IA\Curriculo_IA-clean\venv312\Lib\site-packages\httpcore\_sync\connection_pool.py", line 256, in handle_request
    raise exc from None
  File "C:\Users\Viana e Moura.VM210490\Documents\GitHub\Curriculo_IA\Curriculo_IA-clean\venv312\Lib\site-packages\httpcore\_sync\connection_pool.py", line 236, in handle_request
    response = connection.handle_request(
               ^^^^^^^^^^^^^^^^^^^^^^^^^^
  File "C:\Users\Viana e Moura.VM210490\Documents\GitHub\Curriculo_IA\Curriculo_IA-clean\venv312\Lib\site-packages\httpcore\_sync\connection.py", line 103, in handle_request
    return self._connection.handle_request(request)
           ^^^^^^^^^^^^^^^^^^^^^^^^^^^^^^^^^^^^^^^^
  File "C:\Users\Viana e Moura.VM210490\Documents\GitHub\Curriculo_IA\Curriculo_IA-clean\venv312\Lib\site-packages\httpcore\_sync\http2.py", line 187, in handle_request
    raise exc
  File "C:\Users\Viana e Moura.VM210490\Documents\GitHub\Curriculo_IA\Curriculo_IA-clean\venv312\Lib\site-packages\httpcore\_sync\http2.py", line 150, in handle_request
    status, headers = self._receive_response(
                      ^^^^^^^^^^^^^^^^^^^^^^^
  File "C:\Users\Viana e Moura.VM210490\Documents\GitHub\Curriculo_IA\Curriculo_IA-clean\venv312\Lib\site-packages\httpcore\_sync\http2.py", line 294, in _receive_response
    event = self._receive_stream_event(request, stream_id)
            ^^^^^^^^^^^^^^^^^^^^^^^^^^^^^^^^^^^^^^^^^^^^^^
  File "C:\Users\Viana e Moura.VM210490\Documents\GitHub\Curriculo_IA\Curriculo_IA-clean\venv312\Lib\site-packages\httpcore\_sync\http2.py", line 336, in _receive_stream_event
    self._receive_events(request, stream_id)
  File "C:\Users\Viana e Moura.VM210490\Documents\GitHub\Curriculo_IA\Curriculo_IA-clean\venv312\Lib\site-packages\httpcore\_sync\http2.py", line 364, in _receive_events
    events = self._read_incoming_data(request)
             ^^^^^^^^^^^^^^^^^^^^^^^^^^^^^^^^^
  File "C:\Users\Viana e Moura.VM210490\Documents\GitHub\Curriculo_IA\Curriculo_IA-clean\venv312\Lib\site-packages\httpcore\_sync\http2.py", line 438, in _read_incoming_data
    raise self._read_exception  # pragma: nocover
    ^^^^^^^^^^^^^^^^^^^^^^^^^^
  File "C:\Users\Viana e Moura.VM210490\Documents\GitHub\Curriculo_IA\Curriculo_IA-clean\venv312\Lib\site-packages\httpx\_transports\default.py", line 101, in map_httpcore_exceptions
    yield
  File "C:\Users\Viana e Moura.VM210490\Documents\GitHub\Curriculo_IA\Curriculo_IA-clean\venv312\Lib\site-packages\httpx\_transports\default.py", line 250, in handle_request
    resp = self._pool.handle_request(req)
           ^^^^^^^^^^^^^^^^^^^^^^^^^^^^^^
  File "C:\Users\Viana e Moura.VM210490\Documents\GitHub\Curriculo_IA\Curriculo_IA-clean\venv312\Lib\site-packages\httpcore\_sync\connection_pool.py", line 256, in handle_request
    raise exc from None
  File "C:\Users\Viana e Moura.VM210490\Documents\GitHub\Curriculo_IA\Curriculo_IA-clean\venv312\Lib\site-packages\httpcore\_sync\connection_pool.py", line 236, in handle_request
    response = connection.handle_request(
               ^^^^^^^^^^^^^^^^^^^^^^^^^^
  File "C:\Users\Viana e Moura.VM210490\Documents\GitHub\Curriculo_IA\Curriculo_IA-clean\venv312\Lib\site-packages\httpcore\_sync\connection.py", line 103, in handle_request
    return self._connection.handle_request(request)
           ^^^^^^^^^^^^^^^^^^^^^^^^^^^^^^^^^^^^^^^^
  File "C:\Users\Viana e Moura.VM210490\Documents\GitHub\Curriculo_IA\Curriculo_IA-clean\venv312\Lib\site-packages\httpcore\_sync\http2.py", line 187, in handle_request
    raise exc
  File "C:\Users\Viana e Moura.VM210490\Documents\GitHub\Curriculo_IA\Curriculo_IA-clean\venv312\Lib\site-packages\httpcore\_sync\http2.py", line 150, in handle_request
    status, headers = self._receive_response(
                      ^^^^^^^^^^^^^^^^^^^^^^^
  File "C:\Users\Viana e Moura.VM210490\Documents\GitHub\Curriculo_IA\Curriculo_IA-clean\venv312\Lib\site-packages\httpcore\_sync\http2.py", line 294, in _receive_response
    event = self._receive_stream_event(request, stream_id)
            ^^^^^^^^^^^^^^^^^^^^^^^^^^^^^^^^^^^^^^^^^^^^^^
  File "C:\Users\Viana e Moura.VM210490\Documents\GitHub\Curriculo_IA\Curriculo_IA-clean\venv312\Lib\site-packages\httpcore\_sync\http2.py", line 336, in _receive_stream_event
    self._receive_events(request, stream_id)
  File "C:\Users\Viana e Moura.VM210490\Documents\GitHub\Curriculo_IA\Curriculo_IA-clean\venv312\Lib\site-packages\httpcore\_sync\http2.py", line 364, in _receive_events
    events = self._read_incoming_data(request)
             ^^^^^^^^^^^^^^^^^^^^^^^^^^^^^^^^^
  File "C:\Users\Viana e Moura.VM210490\Documents\GitHub\Curriculo_IA\Curriculo_IA-clean\venv312\Lib\site-packages\httpcore\_sync\http2.py", line 455, in _read_incoming_data
    raise exc
  File "C:\Users\Viana e Moura.VM210490\Documents\GitHub\Curriculo_IA\Curriculo_IA-clean\venv312\Lib\site-packages\httpcore\_sync\http2.py", line 443, in _read_incoming_data
    raise RemoteProtocolError("Server disconnected")
httpcore.RemoteProtocolError: Server disconnected

The above exception was the direct cause of the following exception:

Traceback (most recent call last):
  File "C:\Users\Viana e Moura.VM210490\Documents\GitHub\Curriculo_IA\Curriculo_IA-clean\SERVICES\analise.py", line 182, in process_candidate
    database.insert_analysis(analysis_data.model_dump())
  File "C:\Users\Viana e Moura.VM210490\Documents\GitHub\Curriculo_IA\Curriculo_IA-clean\CONFIG\database.py", line 22, in insert_analysis
    supabase.table("analysis").upsert(analysis_data, on_conflict=["resum_id"]).execute()
  File "C:\Users\Viana e Moura.VM210490\Documents\GitHub\Curriculo_IA\Curriculo_IA-clean\venv312\Lib\site-packages\postgrest\_sync\request_builder.py", line 57, in execute
    r = self.session.request(
        ^^^^^^^^^^^^^^^^^^^^^
  File "C:\Users\Viana e Moura.VM210490\Documents\GitHub\Curriculo_IA\Curriculo_IA-clean\venv312\Lib\site-packages\httpx\_client.py", line 825, in request
    return self.send(request, auth=auth, follow_redirects=follow_redirects)
           ^^^^^^^^^^^^^^^^^^^^^^^^^^^^^^^^^^^^^^^^^^^^^^^^^^^^^^^^^^^^^^^^
  File "C:\Users\Viana e Moura.VM210490\Documents\GitHub\Curriculo_IA\Curriculo_IA-clean\venv312\Lib\site-packages\httpx\_client.py", line 914, in send
    response = self._send_handling_auth(
               ^^^^^^^^^^^^^^^^^^^^^^^^^
  File "C:\Users\Viana e Moura.VM210490\Documents\GitHub\Curriculo_IA\Curriculo_IA-clean\venv312\Lib\site-packages\httpx\_client.py", line 942, in _send_handling_auth
    response = self._send_handling_redirects(
               ^^^^^^^^^^^^^^^^^^^^^^^^^^^^^^
  File "C:\Users\Viana e Moura.VM210490\Documents\GitHub\Curriculo_IA\Curriculo_IA-clean\venv312\Lib\site-packages\httpx\_client.py", line 979, in _send_handling_redirects
    response = self._send_single_request(request)
               ^^^^^^^^^^^^^^^^^^^^^^^^^^^^^^^^^^
  File "C:\Users\Viana e Moura.VM210490\Documents\GitHub\Curriculo_IA\Curriculo_IA-clean\venv312\Lib\site-packages\httpx\_client.py", line 1014, in _send_single_request
    response = transport.handle_request(request)
               ^^^^^^^^^^^^^^^^^^^^^^^^^^^^^^^^^
  File "C:\Users\Viana e Moura.VM210490\Documents\GitHub\Curriculo_IA\Curriculo_IA-clean\venv312\Lib\site-packages\httpx\_transports\default.py", line 249, in handle_request
    with map_httpcore_exceptions():
  File "C:\Users\Viana e Moura.VM210490\AppData\Local\Programs\Python\Python312\Lib\contextlib.py", line 158, in __exit__
    self.gen.throw(value)
  File "C:\Users\Viana e Moura.VM210490\Documents\GitHub\Curriculo_IA\Curriculo_IA-clean\venv312\Lib\site-packages\httpx\_transports\default.py", line 118, in map_httpcore_exceptions
    raise mapped_exc(message) from exc
httpx.RemoteProtocolError: Server disconnected
2025-06-16 10:23:09,751 - ERROR - ‚ùå Erro ao processar CurriculoSuevellimCavalcantedeLima.pdf: Server disconnected
Traceback (most recent call last):
  File "C:\Users\Viana e Moura.VM210490\Documents\GitHub\Curriculo_IA\Curriculo_IA-clean\venv312\Lib\site-packages\httpx\_transports\default.py", line 101, in map_httpcore_exceptions
    yield
  File "C:\Users\Viana e Moura.VM210490\Documents\GitHub\Curriculo_IA\Curriculo_IA-clean\venv312\Lib\site-packages\httpx\_transports\default.py", line 250, in handle_request
    resp = self._pool.handle_request(req)
           ^^^^^^^^^^^^^^^^^^^^^^^^^^^^^^
  File "C:\Users\Viana e Moura.VM210490\Documents\GitHub\Curriculo_IA\Curriculo_IA-clean\venv312\Lib\site-packages\httpcore\_sync\connection_pool.py", line 256, in handle_request
    raise exc from None
  File "C:\Users\Viana e Moura.VM210490\Documents\GitHub\Curriculo_IA\Curriculo_IA-clean\venv312\Lib\site-packages\httpcore\_sync\connection_pool.py", line 236, in handle_request
    response = connection.handle_request(
               ^^^^^^^^^^^^^^^^^^^^^^^^^^
  File "C:\Users\Viana e Moura.VM210490\Documents\GitHub\Curriculo_IA\Curriculo_IA-clean\venv312\Lib\site-packages\httpcore\_sync\connection.py", line 103, in handle_request
    return self._connection.handle_request(request)
           ^^^^^^^^^^^^^^^^^^^^^^^^^^^^^^^^^^^^^^^^
  File "C:\Users\Viana e Moura.VM210490\Documents\GitHub\Curriculo_IA\Curriculo_IA-clean\venv312\Lib\site-packages\httpcore\_sync\http2.py", line 187, in handle_request
    raise exc
  File "C:\Users\Viana e Moura.VM210490\Documents\GitHub\Curriculo_IA\Curriculo_IA-clean\venv312\Lib\site-packages\httpcore\_sync\http2.py", line 150, in handle_request
    status, headers = self._receive_response(
                      ^^^^^^^^^^^^^^^^^^^^^^^
  File "C:\Users\Viana e Moura.VM210490\Documents\GitHub\Curriculo_IA\Curriculo_IA-clean\venv312\Lib\site-packages\httpcore\_sync\http2.py", line 294, in _receive_response
    event = self._receive_stream_event(request, stream_id)
            ^^^^^^^^^^^^^^^^^^^^^^^^^^^^^^^^^^^^^^^^^^^^^^
  File "C:\Users\Viana e Moura.VM210490\Documents\GitHub\Curriculo_IA\Curriculo_IA-clean\venv312\Lib\site-packages\httpcore\_sync\http2.py", line 336, in _receive_stream_event
    self._receive_events(request, stream_id)
  File "C:\Users\Viana e Moura.VM210490\Documents\GitHub\Curriculo_IA\Curriculo_IA-clean\venv312\Lib\site-packages\httpcore\_sync\http2.py", line 364, in _receive_events
    events = self._read_incoming_data(request)
             ^^^^^^^^^^^^^^^^^^^^^^^^^^^^^^^^^
  File "C:\Users\Viana e Moura.VM210490\Documents\GitHub\Curriculo_IA\Curriculo_IA-clean\venv312\Lib\site-packages\httpcore\_sync\http2.py", line 438, in _read_incoming_data
    raise self._read_exception  # pragma: nocover
    ^^^^^^^^^^^^^^^^^^^^^^^^^^
  File "C:\Users\Viana e Moura.VM210490\Documents\GitHub\Curriculo_IA\Curriculo_IA-clean\venv312\Lib\site-packages\httpx\_transports\default.py", line 101, in map_httpcore_exceptions
    yield
  File "C:\Users\Viana e Moura.VM210490\Documents\GitHub\Curriculo_IA\Curriculo_IA-clean\venv312\Lib\site-packages\httpx\_transports\default.py", line 250, in handle_request
    resp = self._pool.handle_request(req)
           ^^^^^^^^^^^^^^^^^^^^^^^^^^^^^^
  File "C:\Users\Viana e Moura.VM210490\Documents\GitHub\Curriculo_IA\Curriculo_IA-clean\venv312\Lib\site-packages\httpcore\_sync\connection_pool.py", line 256, in handle_request
    raise exc from None
  File "C:\Users\Viana e Moura.VM210490\Documents\GitHub\Curriculo_IA\Curriculo_IA-clean\venv312\Lib\site-packages\httpcore\_sync\connection_pool.py", line 236, in handle_request
    response = connection.handle_request(
               ^^^^^^^^^^^^^^^^^^^^^^^^^^
  File "C:\Users\Viana e Moura.VM210490\Documents\GitHub\Curriculo_IA\Curriculo_IA-clean\venv312\Lib\site-packages\httpcore\_sync\connection.py", line 103, in handle_request
    return self._connection.handle_request(request)
           ^^^^^^^^^^^^^^^^^^^^^^^^^^^^^^^^^^^^^^^^
  File "C:\Users\Viana e Moura.VM210490\Documents\GitHub\Curriculo_IA\Curriculo_IA-clean\venv312\Lib\site-packages\httpcore\_sync\http2.py", line 187, in handle_request
    raise exc
  File "C:\Users\Viana e Moura.VM210490\Documents\GitHub\Curriculo_IA\Curriculo_IA-clean\venv312\Lib\site-packages\httpcore\_sync\http2.py", line 150, in handle_request
    status, headers = self._receive_response(
                      ^^^^^^^^^^^^^^^^^^^^^^^
  File "C:\Users\Viana e Moura.VM210490\Documents\GitHub\Curriculo_IA\Curriculo_IA-clean\venv312\Lib\site-packages\httpcore\_sync\http2.py", line 294, in _receive_response
    event = self._receive_stream_event(request, stream_id)
            ^^^^^^^^^^^^^^^^^^^^^^^^^^^^^^^^^^^^^^^^^^^^^^
  File "C:\Users\Viana e Moura.VM210490\Documents\GitHub\Curriculo_IA\Curriculo_IA-clean\venv312\Lib\site-packages\httpcore\_sync\http2.py", line 336, in _receive_stream_event
    self._receive_events(request, stream_id)
  File "C:\Users\Viana e Moura.VM210490\Documents\GitHub\Curriculo_IA\Curriculo_IA-clean\venv312\Lib\site-packages\httpcore\_sync\http2.py", line 364, in _receive_events
    events = self._read_incoming_data(request)
             ^^^^^^^^^^^^^^^^^^^^^^^^^^^^^^^^^
  File "C:\Users\Viana e Moura.VM210490\Documents\GitHub\Curriculo_IA\Curriculo_IA-clean\venv312\Lib\site-packages\httpcore\_sync\http2.py", line 455, in _read_incoming_data
    raise exc
  File "C:\Users\Viana e Moura.VM210490\Documents\GitHub\Curriculo_IA\Curriculo_IA-clean\venv312\Lib\site-packages\httpcore\_sync\http2.py", line 443, in _read_incoming_data
    raise RemoteProtocolError("Server disconnected")
httpcore.RemoteProtocolError: Server disconnected

The above exception was the direct cause of the following exception:

Traceback (most recent call last):
  File "C:\Users\Viana e Moura.VM210490\Documents\GitHub\Curriculo_IA\Curriculo_IA-clean\SERVICES\analise.py", line 183, in process_candidate
    database.insert_file(file_data)
  File "C:\Users\Viana e Moura.VM210490\Documents\GitHub\Curriculo_IA\Curriculo_IA-clean\CONFIG\database.py", line 25, in insert_file
    supabase.table("files").upsert(file_data, on_conflict=["file_path"]).execute()
  File "C:\Users\Viana e Moura.VM210490\Documents\GitHub\Curriculo_IA\Curriculo_IA-clean\venv312\Lib\site-packages\postgrest\_sync\request_builder.py", line 57, in execute
    r = self.session.request(
        ^^^^^^^^^^^^^^^^^^^^^
  File "C:\Users\Viana e Moura.VM210490\Documents\GitHub\Curriculo_IA\Curriculo_IA-clean\venv312\Lib\site-packages\httpx\_client.py", line 825, in request
    return self.send(request, auth=auth, follow_redirects=follow_redirects)
           ^^^^^^^^^^^^^^^^^^^^^^^^^^^^^^^^^^^^^^^^^^^^^^^^^^^^^^^^^^^^^^^^
  File "C:\Users\Viana e Moura.VM210490\Documents\GitHub\Curriculo_IA\Curriculo_IA-clean\venv312\Lib\site-packages\httpx\_client.py", line 914, in send
    response = self._send_handling_auth(
               ^^^^^^^^^^^^^^^^^^^^^^^^^
  File "C:\Users\Viana e Moura.VM210490\Documents\GitHub\Curriculo_IA\Curriculo_IA-clean\venv312\Lib\site-packages\httpx\_client.py", line 942, in _send_handling_auth
    response = self._send_handling_redirects(
               ^^^^^^^^^^^^^^^^^^^^^^^^^^^^^^
  File "C:\Users\Viana e Moura.VM210490\Documents\GitHub\Curriculo_IA\Curriculo_IA-clean\venv312\Lib\site-packages\httpx\_client.py", line 979, in _send_handling_redirects
    response = self._send_single_request(request)
               ^^^^^^^^^^^^^^^^^^^^^^^^^^^^^^^^^^
  File "C:\Users\Viana e Moura.VM210490\Documents\GitHub\Curriculo_IA\Curriculo_IA-clean\venv312\Lib\site-packages\httpx\_client.py", line 1014, in _send_single_request
    response = transport.handle_request(request)
               ^^^^^^^^^^^^^^^^^^^^^^^^^^^^^^^^^
  File "C:\Users\Viana e Moura.VM210490\Documents\GitHub\Curriculo_IA\Curriculo_IA-clean\venv312\Lib\site-packages\httpx\_transports\default.py", line 249, in handle_request
    with map_httpcore_exceptions():
  File "C:\Users\Viana e Moura.VM210490\AppData\Local\Programs\Python\Python312\Lib\contextlib.py", line 158, in __exit__
    self.gen.throw(value)
  File "C:\Users\Viana e Moura.VM210490\Documents\GitHub\Curriculo_IA\Curriculo_IA-clean\venv312\Lib\site-packages\httpx\_transports\default.py", line 118, in map_httpcore_exceptions
    raise mapped_exc(message) from exc
httpx.RemoteProtocolError: Server disconnected
2025-06-16 10:23:11,869 - INFO - ‚úÖ Curr√≠culo 'Stefany Pereira Sampaio' processado e salvo com ID: 9fe6dcda-d003-414b-b80b-0a2b272e9497
2025-06-16 10:23:15,078 - INFO - ‚úÖ Curr√≠culo 'Sobremim' processado e salvo com ID: a8550e71-acda-4acf-8f5f-d959df6b8169
2025-06-16 10:23:15,983 - INFO - ‚úÖ Curr√≠culo 'Talita Samarada Silva Alves' processado e salvo com ID: fb2a5830-95d3-436b-80db-095d9a3555a7
2025-06-16 10:23:19,546 - INFO - ‚úÖ Curr√≠culo 'Tatiane Lira Davi' processado e salvo com ID: a640f15f-7676-4560-b702-88b82a360f18
2025-06-16 10:29:52,513 - INFO - üìÑ Processando: CurriculoSARAARIELESILVA.pdf
2025-06-16 10:29:52,566 - INFO - üìÑ Processando: CurriculoSOBREMIM.pdf
2025-06-16 10:29:52,567 - INFO - üìÑ Processando: CurriculoStefanyPereiraSampaio.pdf
2025-06-16 10:30:13,831 - ERROR - ‚ùå Erro ao processar CurriculoSARAARIELESILVA.pdf: Server disconnected
Traceback (most recent call last):
  File "C:\Users\Viana e Moura.VM210490\Documents\GitHub\Curriculo_IA\Curriculo_IA-clean\venv312\Lib\site-packages\httpx\_transports\default.py", line 101, in map_httpcore_exceptions
    yield
  File "C:\Users\Viana e Moura.VM210490\Documents\GitHub\Curriculo_IA\Curriculo_IA-clean\venv312\Lib\site-packages\httpx\_transports\default.py", line 250, in handle_request
    resp = self._pool.handle_request(req)
           ^^^^^^^^^^^^^^^^^^^^^^^^^^^^^^
  File "C:\Users\Viana e Moura.VM210490\Documents\GitHub\Curriculo_IA\Curriculo_IA-clean\venv312\Lib\site-packages\httpcore\_sync\connection_pool.py", line 256, in handle_request
    raise exc from None
  File "C:\Users\Viana e Moura.VM210490\Documents\GitHub\Curriculo_IA\Curriculo_IA-clean\venv312\Lib\site-packages\httpcore\_sync\connection_pool.py", line 236, in handle_request
    response = connection.handle_request(
               ^^^^^^^^^^^^^^^^^^^^^^^^^^
  File "C:\Users\Viana e Moura.VM210490\Documents\GitHub\Curriculo_IA\Curriculo_IA-clean\venv312\Lib\site-packages\httpcore\_sync\connection.py", line 103, in handle_request
    return self._connection.handle_request(request)
           ^^^^^^^^^^^^^^^^^^^^^^^^^^^^^^^^^^^^^^^^
  File "C:\Users\Viana e Moura.VM210490\Documents\GitHub\Curriculo_IA\Curriculo_IA-clean\venv312\Lib\site-packages\httpcore\_sync\http2.py", line 187, in handle_request
    raise exc
  File "C:\Users\Viana e Moura.VM210490\Documents\GitHub\Curriculo_IA\Curriculo_IA-clean\venv312\Lib\site-packages\httpcore\_sync\http2.py", line 150, in handle_request
    status, headers = self._receive_response(
                      ^^^^^^^^^^^^^^^^^^^^^^^
  File "C:\Users\Viana e Moura.VM210490\Documents\GitHub\Curriculo_IA\Curriculo_IA-clean\venv312\Lib\site-packages\httpcore\_sync\http2.py", line 294, in _receive_response
    event = self._receive_stream_event(request, stream_id)
            ^^^^^^^^^^^^^^^^^^^^^^^^^^^^^^^^^^^^^^^^^^^^^^
  File "C:\Users\Viana e Moura.VM210490\Documents\GitHub\Curriculo_IA\Curriculo_IA-clean\venv312\Lib\site-packages\httpcore\_sync\http2.py", line 336, in _receive_stream_event
    self._receive_events(request, stream_id)
  File "C:\Users\Viana e Moura.VM210490\Documents\GitHub\Curriculo_IA\Curriculo_IA-clean\venv312\Lib\site-packages\httpcore\_sync\http2.py", line 364, in _receive_events
    events = self._read_incoming_data(request)
             ^^^^^^^^^^^^^^^^^^^^^^^^^^^^^^^^^
  File "C:\Users\Viana e Moura.VM210490\Documents\GitHub\Curriculo_IA\Curriculo_IA-clean\venv312\Lib\site-packages\httpcore\_sync\http2.py", line 438, in _read_incoming_data
    raise self._read_exception  # pragma: nocover
    ^^^^^^^^^^^^^^^^^^^^^^^^^^
  File "C:\Users\Viana e Moura.VM210490\Documents\GitHub\Curriculo_IA\Curriculo_IA-clean\venv312\Lib\site-packages\httpx\_transports\default.py", line 101, in map_httpcore_exceptions
    yield
  File "C:\Users\Viana e Moura.VM210490\Documents\GitHub\Curriculo_IA\Curriculo_IA-clean\venv312\Lib\site-packages\httpx\_transports\default.py", line 250, in handle_request
    resp = self._pool.handle_request(req)
           ^^^^^^^^^^^^^^^^^^^^^^^^^^^^^^
  File "C:\Users\Viana e Moura.VM210490\Documents\GitHub\Curriculo_IA\Curriculo_IA-clean\venv312\Lib\site-packages\httpcore\_sync\connection_pool.py", line 256, in handle_request
    raise exc from None
  File "C:\Users\Viana e Moura.VM210490\Documents\GitHub\Curriculo_IA\Curriculo_IA-clean\venv312\Lib\site-packages\httpcore\_sync\connection_pool.py", line 236, in handle_request
    response = connection.handle_request(
               ^^^^^^^^^^^^^^^^^^^^^^^^^^
  File "C:\Users\Viana e Moura.VM210490\Documents\GitHub\Curriculo_IA\Curriculo_IA-clean\venv312\Lib\site-packages\httpcore\_sync\connection.py", line 103, in handle_request
    return self._connection.handle_request(request)
           ^^^^^^^^^^^^^^^^^^^^^^^^^^^^^^^^^^^^^^^^
  File "C:\Users\Viana e Moura.VM210490\Documents\GitHub\Curriculo_IA\Curriculo_IA-clean\venv312\Lib\site-packages\httpcore\_sync\http2.py", line 187, in handle_request
    raise exc
  File "C:\Users\Viana e Moura.VM210490\Documents\GitHub\Curriculo_IA\Curriculo_IA-clean\venv312\Lib\site-packages\httpcore\_sync\http2.py", line 150, in handle_request
    status, headers = self._receive_response(
                      ^^^^^^^^^^^^^^^^^^^^^^^
  File "C:\Users\Viana e Moura.VM210490\Documents\GitHub\Curriculo_IA\Curriculo_IA-clean\venv312\Lib\site-packages\httpcore\_sync\http2.py", line 294, in _receive_response
    event = self._receive_stream_event(request, stream_id)
            ^^^^^^^^^^^^^^^^^^^^^^^^^^^^^^^^^^^^^^^^^^^^^^
  File "C:\Users\Viana e Moura.VM210490\Documents\GitHub\Curriculo_IA\Curriculo_IA-clean\venv312\Lib\site-packages\httpcore\_sync\http2.py", line 336, in _receive_stream_event
    self._receive_events(request, stream_id)
  File "C:\Users\Viana e Moura.VM210490\Documents\GitHub\Curriculo_IA\Curriculo_IA-clean\venv312\Lib\site-packages\httpcore\_sync\http2.py", line 364, in _receive_events
    events = self._read_incoming_data(request)
             ^^^^^^^^^^^^^^^^^^^^^^^^^^^^^^^^^
  File "C:\Users\Viana e Moura.VM210490\Documents\GitHub\Curriculo_IA\Curriculo_IA-clean\venv312\Lib\site-packages\httpcore\_sync\http2.py", line 455, in _read_incoming_data
    raise exc
  File "C:\Users\Viana e Moura.VM210490\Documents\GitHub\Curriculo_IA\Curriculo_IA-clean\venv312\Lib\site-packages\httpcore\_sync\http2.py", line 443, in _read_incoming_data
    raise RemoteProtocolError("Server disconnected")
httpcore.RemoteProtocolError: Server disconnected

The above exception was the direct cause of the following exception:

Traceback (most recent call last):
  File "C:\Users\Viana e Moura.VM210490\Documents\GitHub\Curriculo_IA\Curriculo_IA-clean\SERVICES\analise.py", line 183, in process_candidate
    database.insert_file(file_data)
  File "C:\Users\Viana e Moura.VM210490\Documents\GitHub\Curriculo_IA\Curriculo_IA-clean\CONFIG\database.py", line 25, in insert_file
    supabase.table("files").upsert(file_data, on_conflict=["file_path"]).execute()
  File "C:\Users\Viana e Moura.VM210490\Documents\GitHub\Curriculo_IA\Curriculo_IA-clean\venv312\Lib\site-packages\postgrest\_sync\request_builder.py", line 57, in execute
    r = self.session.request(
        ^^^^^^^^^^^^^^^^^^^^^
  File "C:\Users\Viana e Moura.VM210490\Documents\GitHub\Curriculo_IA\Curriculo_IA-clean\venv312\Lib\site-packages\httpx\_client.py", line 825, in request
    return self.send(request, auth=auth, follow_redirects=follow_redirects)
           ^^^^^^^^^^^^^^^^^^^^^^^^^^^^^^^^^^^^^^^^^^^^^^^^^^^^^^^^^^^^^^^^
  File "C:\Users\Viana e Moura.VM210490\Documents\GitHub\Curriculo_IA\Curriculo_IA-clean\venv312\Lib\site-packages\httpx\_client.py", line 914, in send
    response = self._send_handling_auth(
               ^^^^^^^^^^^^^^^^^^^^^^^^^
  File "C:\Users\Viana e Moura.VM210490\Documents\GitHub\Curriculo_IA\Curriculo_IA-clean\venv312\Lib\site-packages\httpx\_client.py", line 942, in _send_handling_auth
    response = self._send_handling_redirects(
               ^^^^^^^^^^^^^^^^^^^^^^^^^^^^^^
  File "C:\Users\Viana e Moura.VM210490\Documents\GitHub\Curriculo_IA\Curriculo_IA-clean\venv312\Lib\site-packages\httpx\_client.py", line 979, in _send_handling_redirects
    response = self._send_single_request(request)
               ^^^^^^^^^^^^^^^^^^^^^^^^^^^^^^^^^^
  File "C:\Users\Viana e Moura.VM210490\Documents\GitHub\Curriculo_IA\Curriculo_IA-clean\venv312\Lib\site-packages\httpx\_client.py", line 1014, in _send_single_request
    response = transport.handle_request(request)
               ^^^^^^^^^^^^^^^^^^^^^^^^^^^^^^^^^
  File "C:\Users\Viana e Moura.VM210490\Documents\GitHub\Curriculo_IA\Curriculo_IA-clean\venv312\Lib\site-packages\httpx\_transports\default.py", line 249, in handle_request
    with map_httpcore_exceptions():
  File "C:\Users\Viana e Moura.VM210490\AppData\Local\Programs\Python\Python312\Lib\contextlib.py", line 158, in __exit__
    self.gen.throw(value)
  File "C:\Users\Viana e Moura.VM210490\Documents\GitHub\Curriculo_IA\Curriculo_IA-clean\venv312\Lib\site-packages\httpx\_transports\default.py", line 118, in map_httpcore_exceptions
    raise mapped_exc(message) from exc
httpx.RemoteProtocolError: Server disconnected
2025-06-16 10:30:13,831 - ERROR - ‚ùå Erro ao processar CurriculoStefanyPereiraSampaio.pdf: Server disconnected
Traceback (most recent call last):
  File "C:\Users\Viana e Moura.VM210490\Documents\GitHub\Curriculo_IA\Curriculo_IA-clean\venv312\Lib\site-packages\httpx\_transports\default.py", line 101, in map_httpcore_exceptions
    yield
  File "C:\Users\Viana e Moura.VM210490\Documents\GitHub\Curriculo_IA\Curriculo_IA-clean\venv312\Lib\site-packages\httpx\_transports\default.py", line 250, in handle_request
    resp = self._pool.handle_request(req)
           ^^^^^^^^^^^^^^^^^^^^^^^^^^^^^^
  File "C:\Users\Viana e Moura.VM210490\Documents\GitHub\Curriculo_IA\Curriculo_IA-clean\venv312\Lib\site-packages\httpcore\_sync\connection_pool.py", line 256, in handle_request
    raise exc from None
  File "C:\Users\Viana e Moura.VM210490\Documents\GitHub\Curriculo_IA\Curriculo_IA-clean\venv312\Lib\site-packages\httpcore\_sync\connection_pool.py", line 236, in handle_request
    response = connection.handle_request(
               ^^^^^^^^^^^^^^^^^^^^^^^^^^
  File "C:\Users\Viana e Moura.VM210490\Documents\GitHub\Curriculo_IA\Curriculo_IA-clean\venv312\Lib\site-packages\httpcore\_sync\connection.py", line 103, in handle_request
    return self._connection.handle_request(request)
           ^^^^^^^^^^^^^^^^^^^^^^^^^^^^^^^^^^^^^^^^
  File "C:\Users\Viana e Moura.VM210490\Documents\GitHub\Curriculo_IA\Curriculo_IA-clean\venv312\Lib\site-packages\httpcore\_sync\http2.py", line 187, in handle_request
    raise exc
  File "C:\Users\Viana e Moura.VM210490\Documents\GitHub\Curriculo_IA\Curriculo_IA-clean\venv312\Lib\site-packages\httpcore\_sync\http2.py", line 150, in handle_request
    status, headers = self._receive_response(
                      ^^^^^^^^^^^^^^^^^^^^^^^
  File "C:\Users\Viana e Moura.VM210490\Documents\GitHub\Curriculo_IA\Curriculo_IA-clean\venv312\Lib\site-packages\httpcore\_sync\http2.py", line 294, in _receive_response
    event = self._receive_stream_event(request, stream_id)
            ^^^^^^^^^^^^^^^^^^^^^^^^^^^^^^^^^^^^^^^^^^^^^^
  File "C:\Users\Viana e Moura.VM210490\Documents\GitHub\Curriculo_IA\Curriculo_IA-clean\venv312\Lib\site-packages\httpcore\_sync\http2.py", line 336, in _receive_stream_event
    self._receive_events(request, stream_id)
  File "C:\Users\Viana e Moura.VM210490\Documents\GitHub\Curriculo_IA\Curriculo_IA-clean\venv312\Lib\site-packages\httpcore\_sync\http2.py", line 364, in _receive_events
    events = self._read_incoming_data(request)
             ^^^^^^^^^^^^^^^^^^^^^^^^^^^^^^^^^
  File "C:\Users\Viana e Moura.VM210490\Documents\GitHub\Curriculo_IA\Curriculo_IA-clean\venv312\Lib\site-packages\httpcore\_sync\http2.py", line 438, in _read_incoming_data
    raise self._read_exception  # pragma: nocover
    ^^^^^^^^^^^^^^^^^^^^^^^^^^
  File "C:\Users\Viana e Moura.VM210490\Documents\GitHub\Curriculo_IA\Curriculo_IA-clean\venv312\Lib\site-packages\httpx\_transports\default.py", line 101, in map_httpcore_exceptions
    yield
  File "C:\Users\Viana e Moura.VM210490\Documents\GitHub\Curriculo_IA\Curriculo_IA-clean\venv312\Lib\site-packages\httpx\_transports\default.py", line 250, in handle_request
    resp = self._pool.handle_request(req)
           ^^^^^^^^^^^^^^^^^^^^^^^^^^^^^^
  File "C:\Users\Viana e Moura.VM210490\Documents\GitHub\Curriculo_IA\Curriculo_IA-clean\venv312\Lib\site-packages\httpcore\_sync\connection_pool.py", line 256, in handle_request
    raise exc from None
  File "C:\Users\Viana e Moura.VM210490\Documents\GitHub\Curriculo_IA\Curriculo_IA-clean\venv312\Lib\site-packages\httpcore\_sync\connection_pool.py", line 236, in handle_request
    response = connection.handle_request(
               ^^^^^^^^^^^^^^^^^^^^^^^^^^
  File "C:\Users\Viana e Moura.VM210490\Documents\GitHub\Curriculo_IA\Curriculo_IA-clean\venv312\Lib\site-packages\httpcore\_sync\connection.py", line 103, in handle_request
    return self._connection.handle_request(request)
           ^^^^^^^^^^^^^^^^^^^^^^^^^^^^^^^^^^^^^^^^
  File "C:\Users\Viana e Moura.VM210490\Documents\GitHub\Curriculo_IA\Curriculo_IA-clean\venv312\Lib\site-packages\httpcore\_sync\http2.py", line 187, in handle_request
    raise exc
  File "C:\Users\Viana e Moura.VM210490\Documents\GitHub\Curriculo_IA\Curriculo_IA-clean\venv312\Lib\site-packages\httpcore\_sync\http2.py", line 150, in handle_request
    status, headers = self._receive_response(
                      ^^^^^^^^^^^^^^^^^^^^^^^
  File "C:\Users\Viana e Moura.VM210490\Documents\GitHub\Curriculo_IA\Curriculo_IA-clean\venv312\Lib\site-packages\httpcore\_sync\http2.py", line 294, in _receive_response
    event = self._receive_stream_event(request, stream_id)
            ^^^^^^^^^^^^^^^^^^^^^^^^^^^^^^^^^^^^^^^^^^^^^^
  File "C:\Users\Viana e Moura.VM210490\Documents\GitHub\Curriculo_IA\Curriculo_IA-clean\venv312\Lib\site-packages\httpcore\_sync\http2.py", line 336, in _receive_stream_event
    self._receive_events(request, stream_id)
  File "C:\Users\Viana e Moura.VM210490\Documents\GitHub\Curriculo_IA\Curriculo_IA-clean\venv312\Lib\site-packages\httpcore\_sync\http2.py", line 364, in _receive_events
    events = self._read_incoming_data(request)
             ^^^^^^^^^^^^^^^^^^^^^^^^^^^^^^^^^
  File "C:\Users\Viana e Moura.VM210490\Documents\GitHub\Curriculo_IA\Curriculo_IA-clean\venv312\Lib\site-packages\httpcore\_sync\http2.py", line 455, in _read_incoming_data
    raise exc
  File "C:\Users\Viana e Moura.VM210490\Documents\GitHub\Curriculo_IA\Curriculo_IA-clean\venv312\Lib\site-packages\httpcore\_sync\http2.py", line 443, in _read_incoming_data
    raise RemoteProtocolError("Server disconnected")
httpcore.RemoteProtocolError: Server disconnected

The above exception was the direct cause of the following exception:

Traceback (most recent call last):
  File "C:\Users\Viana e Moura.VM210490\Documents\GitHub\Curriculo_IA\Curriculo_IA-clean\SERVICES\analise.py", line 183, in process_candidate
    database.insert_file(file_data)
  File "C:\Users\Viana e Moura.VM210490\Documents\GitHub\Curriculo_IA\Curriculo_IA-clean\CONFIG\database.py", line 25, in insert_file
    supabase.table("files").upsert(file_data, on_conflict=["file_path"]).execute()
  File "C:\Users\Viana e Moura.VM210490\Documents\GitHub\Curriculo_IA\Curriculo_IA-clean\venv312\Lib\site-packages\postgrest\_sync\request_builder.py", line 57, in execute
    r = self.session.request(
        ^^^^^^^^^^^^^^^^^^^^^
  File "C:\Users\Viana e Moura.VM210490\Documents\GitHub\Curriculo_IA\Curriculo_IA-clean\venv312\Lib\site-packages\httpx\_client.py", line 825, in request
    return self.send(request, auth=auth, follow_redirects=follow_redirects)
           ^^^^^^^^^^^^^^^^^^^^^^^^^^^^^^^^^^^^^^^^^^^^^^^^^^^^^^^^^^^^^^^^
  File "C:\Users\Viana e Moura.VM210490\Documents\GitHub\Curriculo_IA\Curriculo_IA-clean\venv312\Lib\site-packages\httpx\_client.py", line 914, in send
    response = self._send_handling_auth(
               ^^^^^^^^^^^^^^^^^^^^^^^^^
  File "C:\Users\Viana e Moura.VM210490\Documents\GitHub\Curriculo_IA\Curriculo_IA-clean\venv312\Lib\site-packages\httpx\_client.py", line 942, in _send_handling_auth
    response = self._send_handling_redirects(
               ^^^^^^^^^^^^^^^^^^^^^^^^^^^^^^
  File "C:\Users\Viana e Moura.VM210490\Documents\GitHub\Curriculo_IA\Curriculo_IA-clean\venv312\Lib\site-packages\httpx\_client.py", line 979, in _send_handling_redirects
    response = self._send_single_request(request)
               ^^^^^^^^^^^^^^^^^^^^^^^^^^^^^^^^^^
  File "C:\Users\Viana e Moura.VM210490\Documents\GitHub\Curriculo_IA\Curriculo_IA-clean\venv312\Lib\site-packages\httpx\_client.py", line 1014, in _send_single_request
    response = transport.handle_request(request)
               ^^^^^^^^^^^^^^^^^^^^^^^^^^^^^^^^^
  File "C:\Users\Viana e Moura.VM210490\Documents\GitHub\Curriculo_IA\Curriculo_IA-clean\venv312\Lib\site-packages\httpx\_transports\default.py", line 249, in handle_request
    with map_httpcore_exceptions():
  File "C:\Users\Viana e Moura.VM210490\AppData\Local\Programs\Python\Python312\Lib\contextlib.py", line 158, in __exit__
    self.gen.throw(value)
  File "C:\Users\Viana e Moura.VM210490\Documents\GitHub\Curriculo_IA\Curriculo_IA-clean\venv312\Lib\site-packages\httpx\_transports\default.py", line 118, in map_httpcore_exceptions
    raise mapped_exc(message) from exc
httpx.RemoteProtocolError: Server disconnected
2025-06-16 10:30:14,307 - INFO - üìÑ Processando: CurriculoSuelyMariadaSilva.pdf
2025-06-16 10:30:14,345 - INFO - üìÑ Processando: CurriculoSuevellimCavalcantedeLima.pdf
2025-06-16 10:30:15,793 - INFO - ‚úÖ Curr√≠culo 'Sobremim' processado e salvo com ID: d3bd2a75-b913-4c5f-ac36-ebc50174ff97
2025-06-16 10:30:16,143 - INFO - üìÑ Processando: CurriculoTacitobrunoSilvavieira.pdf
2025-06-16 10:30:16,303 - ERROR - ‚ùå Erro ao processar CurriculoTacitobrunoSilvavieira.pdf: ‚ùå PDF vazio ou ileg√≠vel
Traceback (most recent call last):
  File "C:\Users\Viana e Moura.VM210490\Documents\GitHub\Curriculo_IA\Curriculo_IA-clean\SERVICES\analise.py", line 125, in process_candidate
    raise ValueError("‚ùå PDF vazio ou ileg√≠vel")
ValueError: ‚ùå PDF vazio ou ileg√≠vel
2025-06-16 10:30:16,696 - INFO - üìÑ Processando: CurriculoTalitaSamaradaSilvaAlves.pdf
2025-06-16 10:30:35,175 - INFO - ‚úÖ Curr√≠culo 'Suevellim Cavalcantede Lima' processado e salvo com ID: 8ab0a9c0-0adf-4bf1-b990-3d01d9098696
2025-06-16 10:30:35,735 - INFO - üìÑ Processando: CurriculoTatianeLiraDavi.pdf
2025-06-16 10:30:40,946 - INFO - ‚úÖ Curr√≠culo 'Suely Mariada Silva' processado e salvo com ID: 32f42e26-3362-4e7e-b060-24e6845828e0
2025-06-16 10:30:43,914 - INFO - ‚úÖ Curr√≠culo 'Talita Samarada Silva Alves' processado e salvo com ID: 0d1cc9ba-e16b-4452-8f17-3ca99210ec3c
2025-06-16 10:31:05,740 - INFO - ‚úÖ Curr√≠culo 'Tatiane Lira Davi' processado e salvo com ID: d4fc7c19-6a97-45ea-8d3d-2822f0a51c89
2025-06-16 10:48:22,362 - INFO - üìÑ Processando: CurriculoTacitobrunoSilvavieira.pdf
2025-06-16 10:48:22,375 - INFO - üìÑ Processando: CurriculoSuelyMariadaSilva.pdf
2025-06-16 10:48:22,474 - INFO - üìÑ Processando: CurriculoSARAARIELESILVA.pdf
2025-06-16 10:48:22,491 - INFO - üìÑ Processando: CurriculoStefanyPereiraSampaio.pdf
2025-06-16 10:48:22,658 - INFO - üìÑ Processando: CurriculoSOBREMIM.pdf
2025-06-16 10:48:22,659 - INFO - üìÑ Processando: CurriculoSuevellimCavalcantedeLima.pdf
2025-06-16 10:48:22,670 - INFO - üìÑ Processando: CurriculoTalitaSamaradaSilvaAlves.pdf
2025-06-16 10:48:22,769 - INFO - üìÑ Processando: CurriculoTatianeLiraDavi.pdf
2025-06-16 10:48:22,784 - ERROR - ‚ùå Erro ao processar CurriculoTacitobrunoSilvavieira.pdf: ‚ùå PDF vazio ou ileg√≠vel
Traceback (most recent call last):
  File "C:\Users\Viana e Moura.VM210490\Documents\GitHub\Curriculo_IA\Curriculo_IA-clean\SERVICES\analise.py", line 125, in process_candidate
    raise ValueError("‚ùå PDF vazio ou ileg√≠vel")
ValueError: ‚ùå PDF vazio ou ileg√≠vel
2025-06-16 10:48:42,295 - INFO - ‚úÖ Curr√≠culo 'Sobremim' processado e salvo com ID: 9467e1ce-f80d-4c12-a74d-1dcf1fe01925
2025-06-16 10:48:43,769 - INFO - ‚úÖ Curr√≠culo 'Saraarielesilva' processado e salvo com ID: 91bb85a7-8b45-4a2b-bf62-b22b9272ec90
2025-06-16 10:48:43,769 - INFO - ‚úÖ Curr√≠culo 'Suely Mariada Silva' processado e salvo com ID: c7bc0e41-78ab-4846-9bb4-282ba7812a83
2025-06-16 10:48:44,834 - INFO - ‚úÖ Curr√≠culo 'Suevellim Cavalcantede Lima' processado e salvo com ID: 14cdc37e-ff7c-488c-b97b-211fbc15b003
2025-06-16 10:48:46,101 - INFO - ‚úÖ Curr√≠culo 'Stefany Pereira Sampaio' processado e salvo com ID: 9b0d7515-9380-44b8-9eb7-2b1c606fc23e
2025-06-16 10:48:49,660 - INFO - ‚úÖ Curr√≠culo 'Talita Samarada Silva Alves' processado e salvo com ID: fc26d2ad-411a-4a8b-94e6-0ea3b2da0112
2025-06-16 10:48:54,085 - INFO - ‚úÖ Curr√≠culo 'Tatiane Lira Davi' processado e salvo com ID: ae6e5909-6ad6-4cd2-bb6b-681feb65162f
2025-06-16 14:01:25,737 - INFO - üìÑ Processando: CurriculoStefanyPereiraSampaio.pdf
2025-06-16 14:01:25,744 - INFO - üìÑ Processando: CurriculoSARAARIELESILVA.pdf
2025-06-16 14:01:25,881 - INFO - üìÑ Processando: CurriculoSuevellimCavalcantedeLima.pdf
2025-06-16 14:01:25,960 - INFO - üìÑ Processando: CurriculoSuelyMariadaSilva.pdf
2025-06-16 14:01:25,960 - INFO - üìÑ Processando: CurriculoTacitobrunoSilvavieira.pdf
2025-06-16 14:01:25,960 - INFO - üìÑ Processando: CurriculoTalitaSamaradaSilvaAlves.pdf
2025-06-16 14:01:25,961 - INFO - üìÑ Processando: CurriculoSOBREMIM.pdf
2025-06-16 14:01:25,982 - INFO - üìÑ Processando: CurriculoTatianeLiraDavi.pdf
2025-06-16 14:01:26,297 - ERROR - ‚ùå Erro ao processar CurriculoTacitobrunoSilvavieira.pdf: ‚ùå PDF vazio ou ileg√≠vel
Traceback (most recent call last):
  File "C:\Users\Viana e Moura.VM210490\Documents\GitHub\Curriculo_IA\Curriculo_IA-clean\SERVICES\analise.py", line 125, in process_candidate
    raise ValueError("‚ùå PDF vazio ou ileg√≠vel")
ValueError: ‚ùå PDF vazio ou ileg√≠vel
2025-06-16 14:01:56,210 - INFO - ‚úÖ Curr√≠culo 'Saraarielesilva' processado e salvo com ID: ee0bd01d-519a-40b6-810f-77fe20a75ec7
2025-06-16 14:01:56,211 - INFO - ‚úÖ Curr√≠culo 'Suevellim Cavalcantede Lima' processado e salvo com ID: 3f0fd3b3-bf13-4a76-b7ef-e9bdaad102fb
2025-06-16 14:01:57,684 - INFO - ‚úÖ Curr√≠culo 'Sobremim' processado e salvo com ID: 84070eb6-154b-487b-9306-6d0a8dffd6ff
2025-06-16 14:01:59,376 - INFO - ‚úÖ Curr√≠culo 'Suely Mariada Silva' processado e salvo com ID: ac6afa63-6587-458b-81df-8cad5c3a4b9d
2025-06-16 14:02:00,909 - INFO - ‚úÖ Curr√≠culo 'Talita Samarada Silva Alves' processado e salvo com ID: 251f7aa4-405e-4ab4-be51-1c650d6721ac
2025-06-16 14:02:01,858 - INFO - ‚úÖ Curr√≠culo 'Stefany Pereira Sampaio' processado e salvo com ID: 7413fcbf-8aaf-4f36-86dc-d013453061be
2025-06-16 14:02:24,686 - INFO - ‚úÖ Curr√≠culo 'Tatiane Lira Davi' processado e salvo com ID: 782f6233-ac4e-4510-9904-4b88333b1a08
2025-06-16 14:08:56,921 - INFO - üìÑ Processando: CurriculoSARAARIELESILVA.pdf
2025-06-16 14:08:56,954 - INFO - üìÑ Processando: CurriculoSuelyMariadaSilva.pdf
2025-06-16 14:08:57,014 - INFO - üìÑ Processando: CurriculoStefanyPereiraSampaio.pdf
2025-06-16 14:08:57,126 - INFO - üìÑ Processando: CurriculoTalitaSamaradaSilvaAlves.pdf
2025-06-16 14:08:57,126 - INFO - üìÑ Processando: CurriculoSuevellimCavalcantedeLima.pdf
2025-06-16 14:08:57,126 - INFO - üìÑ Processando: CurriculoSOBREMIM.pdf
2025-06-16 14:08:57,126 - INFO - üìÑ Processando: CurriculoTacitobrunoSilvavieira.pdf
2025-06-16 14:08:57,185 - INFO - üìÑ Processando: CurriculoTatianeLiraDavi.pdf
2025-06-16 14:08:57,330 - ERROR - ‚ùå Erro ao processar CurriculoTacitobrunoSilvavieira.pdf: ‚ùå PDF vazio ou ileg√≠vel
Traceback (most recent call last):
  File "C:\Users\Viana e Moura.VM210490\Documents\GitHub\Curriculo_IA\Curriculo_IA-clean\SERVICES\analise.py", line 125, in process_candidate
    raise ValueError("‚ùå PDF vazio ou ileg√≠vel")
ValueError: ‚ùå PDF vazio ou ileg√≠vel
2025-06-16 14:08:57,750 - INFO - üìÑ Processando: CurriculoThaisesLuciaMelo.pdf
2025-06-16 14:09:20,468 - INFO - ‚úÖ Curr√≠culo 'Saraarielesilva' processado e salvo com ID: fff46c07-8557-4b23-90ca-5661e8478acc
2025-06-16 14:09:20,816 - INFO - üìÑ Processando: CurriculoTIAGOMENDESBEZERRA.pdf
2025-06-16 14:09:22,115 - INFO - ‚úÖ Curr√≠culo 'Stefany Pereira Sampaio' processado e salvo com ID: aaaec52b-a034-47eb-a47a-2a8d5b278365
2025-06-16 14:09:22,466 - INFO - üìÑ Processando: CurriculoVivianeMariadaSilva.pdf
2025-06-16 14:09:23,466 - INFO - ‚úÖ Curr√≠culo 'Suevellim Cavalcantede Lima' processado e salvo com ID: c4143fd1-de5f-4146-9dcc-4c4b980fbe11
2025-06-16 14:09:24,012 - INFO - ‚úÖ Curr√≠culo 'Sobremim' processado e salvo com ID: 9880ba3a-6504-4b8b-b711-ac5d013f0b69
2025-06-16 14:09:27,408 - INFO - ‚úÖ Curr√≠culo 'Talita Samarada Silva Alves' processado e salvo com ID: 9d76c4a9-52e5-4e6e-9c04-dc101af6106e
2025-06-16 14:09:29,512 - INFO - ‚úÖ Curr√≠culo 'Suely Mariada Silva' processado e salvo com ID: bb064907-0cfa-4a4a-926b-4753ed15d470
2025-06-16 14:09:35,912 - INFO - ‚úÖ Curr√≠culo 'Thaises Lucia Melo' processado e salvo com ID: 3c172069-0636-423f-816f-7bd119ccea16
2025-06-16 14:09:36,053 - INFO - ‚úÖ Curr√≠culo 'Tatiane Lira Davi' processado e salvo com ID: c068c06a-ba97-4121-a22d-6d63d2e888f0
2025-06-16 14:09:50,599 - INFO - ‚úÖ Curr√≠culo 'Viviane Mariada Silva' processado e salvo com ID: 4afe156c-da16-476b-b39b-7ad2f385d21f
2025-06-16 14:10:01,149 - INFO - ‚úÖ Curr√≠culo 'Tiagomendesbezerra' processado e salvo com ID: 1bcac5ae-1222-429f-b8ad-72a52d989bdf
2025-06-16 14:11:04,201 - INFO - üìÑ Processando: CurriculoSARAARIELESILVA.pdf
2025-06-16 14:11:04,297 - INFO - üìÑ Processando: CurriculoSOBREMIM.pdf
2025-06-16 14:11:04,339 - INFO - üìÑ Processando: CurriculoTacitobrunoSilvavieira.pdf
2025-06-16 14:11:04,349 - INFO - üìÑ Processando: CurriculoStefanyPereiraSampaio.pdf
2025-06-16 14:11:04,352 - INFO - üìÑ Processando: CurriculoSuelyMariadaSilva.pdf
2025-06-16 14:11:04,368 - INFO - üìÑ Processando: CurriculoSuevellimCavalcantedeLima.pdf
2025-06-16 14:11:04,413 - INFO - üìÑ Processando: CurriculoTalitaSamaradaSilvaAlves.pdf
2025-06-16 14:11:04,538 - INFO - üìÑ Processando: CurriculoTatianeLiraDavi.pdf
2025-06-16 14:11:04,557 - ERROR - ‚ùå Erro ao processar CurriculoTacitobrunoSilvavieira.pdf: ‚ùå PDF vazio ou ileg√≠vel
Traceback (most recent call last):
  File "C:\Users\Viana e Moura.VM210490\Documents\GitHub\Curriculo_IA\Curriculo_IA-clean\SERVICES\analise.py", line 125, in process_candidate
    raise ValueError("‚ùå PDF vazio ou ileg√≠vel")
ValueError: ‚ùå PDF vazio ou ileg√≠vel
2025-06-16 14:11:33,961 - INFO - ‚úÖ Curr√≠culo 'Stefany Pereira Sampaio' processado e salvo com ID: 2cdd8a4d-8eae-4c21-ad7b-854e63903f73
2025-06-16 14:11:33,964 - INFO - ‚úÖ Curr√≠culo 'Saraarielesilva' processado e salvo com ID: a830add8-09b7-41db-95ea-81f0a8ab2dc3
2025-06-16 14:11:35,394 - INFO - ‚úÖ Curr√≠culo 'Sobremim' processado e salvo com ID: 669ad970-6813-45b0-ab28-bf2f93c007d9
2025-06-16 14:11:35,689 - INFO - ‚úÖ Curr√≠culo 'Suevellim Cavalcantede Lima' processado e salvo com ID: 9ad82468-78d9-4416-afab-7ccddf56c2a1
2025-06-16 14:11:36,586 - INFO - ‚úÖ Curr√≠culo 'Suely Mariada Silva' processado e salvo com ID: 741f2a0a-e210-4cd8-8277-75a65a0a35f9
2025-06-16 14:11:45,770 - INFO - ‚úÖ Curr√≠culo 'Tatiane Lira Davi' processado e salvo com ID: 15d8934c-f517-41f1-9e12-b3db78af43a6
2025-06-16 14:11:45,772 - INFO - ‚úÖ Curr√≠culo 'Talita Samarada Silva Alves' processado e salvo com ID: d01bd390-240c-4ad8-b006-58d37ed2439e
2025-06-16 14:17:33,494 - INFO - üìÑ Processando: CurriculoSARAARIELESILVA.pdf
2025-06-16 14:17:33,640 - INFO - üìÑ Processando: CurriculoStefanyPereiraSampaio.pdf
2025-06-16 14:17:33,643 - INFO - üìÑ Processando: CurriculoTacitobrunoSilvavieira.pdf
2025-06-16 14:17:33,713 - INFO - üìÑ Processando: CurriculoSuelyMariadaSilva.pdf
2025-06-16 14:17:33,720 - INFO - üìÑ Processando: CurriculoTalitaSamaradaSilvaAlves.pdf
2025-06-16 14:17:33,726 - INFO - üìÑ Processando: CurriculoSuevellimCavalcantedeLima.pdf
2025-06-16 14:17:33,733 - INFO - üìÑ Processando: CurriculoSOBREMIM.pdf
2025-06-16 14:17:33,845 - INFO - üìÑ Processando: CurriculoTatianeLiraDavi.pdf
2025-06-16 14:17:33,992 - ERROR - ‚ùå Erro ao processar CurriculoTacitobrunoSilvavieira.pdf: ‚ùå PDF vazio ou ileg√≠vel
Traceback (most recent call last):
  File "C:\Users\Viana e Moura.VM210490\Documents\GitHub\Curriculo_IA\Curriculo_IA-clean\SERVICES\analise.py", line 125, in process_candidate
    raise ValueError("‚ùå PDF vazio ou ileg√≠vel")
ValueError: ‚ùå PDF vazio ou ileg√≠vel
2025-06-16 14:17:57,659 - INFO - ‚úÖ Curr√≠culo 'Saraarielesilva' processado e salvo com ID: 4b517f11-1224-41ff-a68f-814c18ec1850
2025-06-16 14:17:57,989 - INFO - ‚úÖ Curr√≠culo 'Suevellim Cavalcantede Lima' processado e salvo com ID: 921a6091-d3c9-4460-b6ed-b423ef9f9a8e
2025-06-16 14:17:58,128 - INFO - ‚úÖ Curr√≠culo 'Sobremim' processado e salvo com ID: 48eefbe6-7a96-489d-adae-99633ea6f9af
2025-06-16 14:18:04,987 - INFO - ‚úÖ Curr√≠culo 'Talita Samarada Silva Alves' processado e salvo com ID: 240b907f-24e9-4e06-8b56-d43c8adc30ec
2025-06-16 14:18:15,928 - INFO - ‚úÖ Curr√≠culo 'Tatiane Lira Davi' processado e salvo com ID: 1755e7d3-1ba4-420a-bd44-ad0e17df343e
2025-06-16 14:18:29,497 - INFO - ‚úÖ Curr√≠culo 'Suely Mariada Silva' processado e salvo com ID: f8afdf9b-2306-4744-8fff-75aa96454040
2025-06-16 14:18:29,841 - INFO - ‚úÖ Curr√≠culo 'Stefany Pereira Sampaio' processado e salvo com ID: 0244e265-a031-4caa-aabf-afa644f3dde9
2025-06-16 14:19:15,350 - INFO - üìÑ Processando: CurriculoTacitobrunoSilvavieira.pdf
2025-06-16 14:19:15,372 - INFO - üìÑ Processando: CurriculoSARAARIELESILVA.pdf
2025-06-16 14:19:15,378 - INFO - üìÑ Processando: CurriculoSuelyMariadaSilva.pdf
2025-06-16 14:19:15,387 - INFO - üìÑ Processando: CurriculoSOBREMIM.pdf
2025-06-16 14:19:15,440 - INFO - üìÑ Processando: CurriculoStefanyPereiraSampaio.pdf
2025-06-16 14:19:15,451 - INFO - üìÑ Processando: CurriculoTalitaSamaradaSilvaAlves.pdf
2025-06-16 14:19:15,477 - INFO - üìÑ Processando: CurriculoSuevellimCavalcantedeLima.pdf
2025-06-16 14:19:15,584 - INFO - üìÑ Processando: CurriculoTatianeLiraDavi.pdf
2025-06-16 14:19:15,594 - ERROR - ‚ùå Erro ao processar CurriculoTacitobrunoSilvavieira.pdf: ‚ùå PDF vazio ou ileg√≠vel
Traceback (most recent call last):
  File "C:\Users\Viana e Moura.VM210490\Documents\GitHub\Curriculo_IA\Curriculo_IA-clean\SERVICES\analise.py", line 125, in process_candidate
    raise ValueError("‚ùå PDF vazio ou ileg√≠vel")
ValueError: ‚ùå PDF vazio ou ileg√≠vel
2025-06-16 14:19:42,136 - INFO - ‚úÖ Curr√≠culo 'Suevellim Cavalcantede Lima' processado e salvo com ID: c89bdfd1-e058-4441-abaf-9e26c6230f28
2025-06-16 14:19:46,503 - INFO - ‚úÖ Curr√≠culo 'Suely Mariada Silva' processado e salvo com ID: dd30eac0-ee77-42d3-98f3-3e4ab0ad8b20
2025-06-16 14:19:50,466 - INFO - ‚úÖ Curr√≠culo 'Saraarielesilva' processado e salvo com ID: 6e434410-8be9-4883-ada7-0d6164a64d0a
2025-06-16 14:19:52,433 - INFO - ‚úÖ Curr√≠culo 'Sobremim' processado e salvo com ID: e8646599-53af-4a16-99fc-7d023b3bb2a0
2025-06-16 14:19:54,638 - INFO - ‚úÖ Curr√≠culo 'Stefany Pereira Sampaio' processado e salvo com ID: dbe60919-d8b6-45f4-9acd-2cecfc527273
2025-06-16 14:19:55,122 - INFO - ‚úÖ Curr√≠culo 'Talita Samarada Silva Alves' processado e salvo com ID: 51ef83e4-2798-4abf-94ab-d9d2f9240edd
2025-06-16 14:19:56,863 - INFO - ‚úÖ Curr√≠culo 'Tatiane Lira Davi' processado e salvo com ID: d0accfa5-f3dd-4564-b506-5b1955fe764d
2025-06-16 14:27:02,624 - INFO - üìÑ Processando: CurriculoSARAARIELESILVA.pdf
2025-06-16 14:27:02,702 - INFO - üìÑ Processando: CurriculoSuelyMariadaSilva.pdf
2025-06-16 14:27:02,723 - INFO - üìÑ Processando: CurriculoStefanyPereiraSampaio.pdf
2025-06-16 14:27:02,747 - INFO - üìÑ Processando: CurriculoTacitobrunoSilvavieira.pdf
2025-06-16 14:27:02,832 - INFO - üìÑ Processando: CurriculoSuevellimCavalcantedeLima.pdf
2025-06-16 14:27:02,907 - INFO - üìÑ Processando: CurriculoSOBREMIM.pdf
2025-06-16 14:27:02,920 - INFO - üìÑ Processando: CurriculoTalitaSamaradaSilvaAlves.pdf
2025-06-16 14:27:02,922 - INFO - üìÑ Processando: CurriculoTatianeLiraDavi.pdf
2025-06-16 14:27:02,937 - ERROR - ‚ùå Erro ao processar CurriculoTacitobrunoSilvavieira.pdf: ‚ùå PDF vazio ou ileg√≠vel
Traceback (most recent call last):
  File "C:\Users\Viana e Moura.VM210490\Documents\GitHub\Curriculo_IA\Curriculo_IA-clean\SERVICES\analise.py", line 125, in process_candidate
    raise ValueError("‚ùå PDF vazio ou ileg√≠vel")
ValueError: ‚ùå PDF vazio ou ileg√≠vel
2025-06-16 14:27:03,313 - INFO - üìÑ Processando: CurriculoThaisesLuciaMelo.pdf
2025-06-16 14:27:28,777 - INFO - ‚úÖ Curr√≠culo 'Suely Mariada Silva' processado e salvo com ID: 906712d0-77af-49f2-9ec7-032cd19d8cc9
2025-06-16 14:27:29,127 - INFO - üìÑ Processando: CurriculoTIAGOMENDESBEZERRA.pdf
2025-06-16 14:27:29,391 - INFO - ‚úÖ Curr√≠culo 'Suevellim Cavalcantede Lima' processado e salvo com ID: 38dfda5c-59be-441a-9941-0291a8f32479
2025-06-16 14:27:29,754 - INFO - üìÑ Processando: CurriculoVivianeMariadaSilva.pdf
2025-06-16 14:27:30,353 - INFO - ‚úÖ Curr√≠culo 'Saraarielesilva' processado e salvo com ID: 4ca6a7c4-732c-40d7-9ddb-bab701ef33b2
2025-06-16 14:27:30,678 - INFO - üìÑ Processando: CurriculoWalkyryaMyrelle.pdf
2025-06-16 14:27:36,017 - INFO - ‚úÖ Curr√≠culo 'Talita Samarada Silva Alves' processado e salvo com ID: 037bb74e-7dcb-4553-a9c2-cd69009f1b72
2025-06-16 14:27:36,435 - INFO - üìÑ Processando: CurriculowesleydaSilvasgarlate.pdf
2025-06-16 14:27:36,597 - INFO - ‚úÖ Curr√≠culo 'Stefany Pereira Sampaio' processado e salvo com ID: 86b8958a-4e1b-419e-a802-ba24973122eb
2025-06-16 14:27:36,964 - INFO - üìÑ Processando: CurriculoWyllianFeranandodosSantosSilva.pdf
2025-06-16 14:27:39,511 - INFO - ‚úÖ Curr√≠culo 'Tatiane Lira Davi' processado e salvo com ID: d75e9503-3941-47d8-9c57-ad1b0c298b69
2025-06-16 14:27:39,854 - INFO - üìÑ Processando: CurriculoYagoEduardo.pdf
2025-06-16 14:27:41,779 - INFO - ‚úÖ Curr√≠culo 'Sobremim' processado e salvo com ID: e635a73d-c1b8-482b-b5f6-257eb10da9d6
2025-06-16 14:27:42,133 - INFO - üìÑ Processando: CurriculoYagoVictorCavalcantiFreireAlmeida.pdf
2025-06-16 14:27:42,576 - INFO - ‚úÖ Curr√≠culo 'Thaises Lucia Melo' processado e salvo com ID: 99bb395a-8062-4661-acd6-add7f922ca3e
2025-06-16 14:27:42,927 - INFO - üìÑ Processando: CurriculoYas.pdf
2025-06-16 14:27:50,989 - INFO - ‚úÖ Curr√≠culo 'Viviane Mariada Silva' processado e salvo com ID: a2825f2e-aac2-4417-aea1-abb6870b09ee
2025-06-16 14:27:51,359 - INFO - üìÑ Processando: CurriculoYasmimSoares.pdf
2025-06-16 14:27:53,133 - INFO - ‚úÖ Curr√≠culo 'Walkyrya Myrelle' processado e salvo com ID: 1c5f78fd-aa3f-43ea-947e-4d8c112824ac
2025-06-16 14:27:53,492 - INFO - üìÑ Processando: CurriculoYASMINLAUANESOUSABARBOSA.pdf
2025-06-16 14:27:58,207 - INFO - ‚úÖ Curr√≠culo 'Tiagomendesbezerra' processado e salvo com ID: eeb115a6-6346-4c9a-b1ae-b415fdd8f492
2025-06-16 14:27:59,038 - INFO - üìÑ Processando: curriculum Plinio Rafael caruaru.pdf
2025-06-16 14:28:07,164 - INFO - ‚úÖ Curr√≠culo 'Yago Eduardo' processado e salvo com ID: c7e2161c-e401-4787-9449-8967eb38d706
2025-06-16 14:28:07,572 - INFO - üìÑ Processando: CurriculoKETLLYEDUARDASOUZAMINERVINO.pdf
2025-06-16 14:28:17,690 - INFO - ‚úÖ Curr√≠culo 'Wyllian Feranandodos Santos Silva' processado e salvo com ID: 1ffed181-fd51-4c82-8442-222f35d58e42
2025-06-16 14:28:18,042 - INFO - üìÑ Processando: CurriculoKeyllaRaphaela.pdf
2025-06-16 14:28:21,858 - INFO - ‚úÖ Curr√≠culo 'Yago Victor Cavalcanti Freire Almeida' processado e salvo com ID: 4a177649-d069-4a41-8d01-61074f30894d
2025-06-16 14:28:22,208 - INFO - üìÑ Processando: CurriculoLauannyCibelleFerreiradaSilva.pdf
2025-06-16 14:28:22,736 - INFO - ‚úÖ Curr√≠culo 'Yas' processado e salvo com ID: 13d0c841-1292-4f2e-a041-f1c096bd5321
2025-06-16 14:28:24,285 - INFO - ‚úÖ Curr√≠culo 'Wesleyda Silvasgarlate' processado e salvo com ID: 2c45a83f-7abd-4f9e-8b88-9c52b776b87f
2025-06-16 14:28:30,558 - INFO - ‚úÖ Curr√≠culo 'Yasminlauanesousabarbosa' processado e salvo com ID: b8360ee8-a7b6-4b09-af61-71b96be1b0f1
2025-06-16 14:28:36,329 - INFO - ‚úÖ Curr√≠culo 'Yasmim Soares' processado e salvo com ID: 1018e0fb-5cdc-46ab-9641-6be5f3c57286
2025-06-16 14:28:39,906 - INFO - ‚úÖ Curr√≠culo 'Curriculum Plinio Rafael Caruaru' processado e salvo com ID: c1f8a340-69dd-444b-a32f-2489d94d2dd3
2025-06-16 14:28:47,643 - INFO - ‚úÖ Curr√≠culo 'Ketllyeduardasouzaminervino' processado e salvo com ID: ffb59bb7-6892-46a9-8eeb-7b004addab01
2025-06-16 14:28:50,813 - INFO - ‚úÖ Curr√≠culo 'Keylla Raphaela' processado e salvo com ID: 59753094-30e4-4488-baab-097f933c55f2
2025-06-16 14:28:54,714 - INFO - ‚úÖ Curr√≠culo 'Lauanny Cibelle Ferreirada Silva' processado e salvo com ID: b781c293-1966-47a9-a990-8ad14e9da3f3
2025-06-16 14:34:27,188 - INFO - üìÑ Processando: CurriculoSARAARIELESILVA.pdf
2025-06-16 14:34:27,199 - INFO - üìÑ Processando: CurriculoStefanyPereiraSampaio.pdf
2025-06-16 14:34:27,409 - INFO - üìÑ Processando: CurriculoTacitobrunoSilvavieira.pdf
2025-06-16 14:34:27,409 - INFO - üìÑ Processando: CurriculoSOBREMIM.pdf
2025-06-16 14:34:27,410 - INFO - üìÑ Processando: CurriculoSuevellimCavalcantedeLima.pdf
2025-06-16 14:34:27,410 - INFO - üìÑ Processando: CurriculoSuelyMariadaSilva.pdf
2025-06-16 14:34:27,410 - INFO - üìÑ Processando: CurriculoTalitaSamaradaSilvaAlves.pdf
2025-06-16 14:34:27,470 - INFO - üìÑ Processando: CurriculoTatianeLiraDavi.pdf
2025-06-16 14:34:27,700 - ERROR - ‚ùå Erro ao processar CurriculoTacitobrunoSilvavieira.pdf: ‚ùå PDF vazio ou ileg√≠vel
Traceback (most recent call last):
  File "C:\Users\Viana e Moura.VM210490\Documents\GitHub\Curriculo_IA\Curriculo_IA-clean\SERVICES\analise.py", line 125, in process_candidate
    raise ValueError("‚ùå PDF vazio ou ileg√≠vel")
ValueError: ‚ùå PDF vazio ou ileg√≠vel
2025-06-16 14:34:28,119 - INFO - üìÑ Processando: CurriculoThaisesLuciaMelo.pdf
2025-06-16 14:34:53,121 - INFO - ‚úÖ Curr√≠culo 'Suevellim Cavalcantede Lima' processado e salvo com ID: 5b050f26-4131-4fcb-8a4e-70abc67c681d
2025-06-16 14:34:53,472 - INFO - üìÑ Processando: CurriculoTIAGOMENDESBEZERRA.pdf
2025-06-16 14:34:55,017 - INFO - ‚úÖ Curr√≠culo 'Stefany Pereira Sampaio' processado e salvo com ID: fc63b3ea-1d18-4f3a-b80b-c0ae83b2b362
2025-06-16 14:34:55,362 - INFO - üìÑ Processando: CurriculoVivianeMariadaSilva.pdf
2025-06-16 14:34:55,837 - INFO - ‚úÖ Curr√≠culo 'Suely Mariada Silva' processado e salvo com ID: 28835162-493c-47a5-8f5e-cbc633857200
2025-06-16 14:34:56,177 - INFO - üìÑ Processando: CurriculoWalkyryaMyrelle.pdf
2025-06-16 14:34:58,359 - INFO - ‚úÖ Curr√≠culo 'Sobremim' processado e salvo com ID: 1578a53d-75a6-47bd-9163-9219079c55d4
2025-06-16 14:34:58,708 - INFO - üìÑ Processando: CurriculowesleydaSilvasgarlate.pdf
2025-06-16 14:35:00,087 - INFO - ‚úÖ Curr√≠culo 'Saraarielesilva' processado e salvo com ID: a67e8901-15ed-4089-b4b0-af952b0a5412
2025-06-16 14:35:00,431 - INFO - üìÑ Processando: CurriculoWyllianFeranandodosSantosSilva.pdf
2025-06-16 14:35:06,204 - INFO - ‚úÖ Curr√≠culo 'Talita Samarada Silva Alves' processado e salvo com ID: f3704881-8f8e-4451-ba80-713cf9a3ba98
2025-06-16 14:35:06,553 - INFO - üìÑ Processando: CurriculoYagoEduardo.pdf
2025-06-16 14:35:09,452 - INFO - ‚úÖ Curr√≠culo 'Thaises Lucia Melo' processado e salvo com ID: 429b5c41-7659-4fb7-a00a-19dca60dbd79
2025-06-16 14:35:09,805 - INFO - üìÑ Processando: CurriculoYagoVictorCavalcantiFreireAlmeida.pdf
2025-06-16 14:35:18,346 - INFO - ‚úÖ Curr√≠culo 'Tatiane Lira Davi' processado e salvo com ID: 6c3233ee-2265-4c94-9a3d-8ef9e52a06fc
2025-06-16 14:35:18,694 - INFO - üìÑ Processando: CurriculoYas.pdf
2025-06-16 14:35:20,738 - INFO - ‚úÖ Curr√≠culo 'Tiagomendesbezerra' processado e salvo com ID: ea25c1ca-d97f-4615-a5b4-bbb41bc2e8ad
2025-06-16 14:35:21,116 - INFO - üìÑ Processando: CurriculoYasmimSoares.pdf
2025-06-16 14:35:24,842 - INFO - ‚úÖ Curr√≠culo 'Viviane Mariada Silva' processado e salvo com ID: 4aa17c4c-1e30-4317-94ff-4fc582a112be
2025-06-16 14:35:25,212 - INFO - üìÑ Processando: CurriculoYASMINLAUANESOUSABARBOSA.pdf
2025-06-16 14:35:35,709 - INFO - ‚úÖ Curr√≠culo 'Yago Eduardo' processado e salvo com ID: 43f98c37-0506-4347-803f-377fdbc2608e
2025-06-16 14:35:36,432 - INFO - ‚úÖ Curr√≠culo 'Walkyrya Myrelle' processado e salvo com ID: 953126fb-98e1-4ef3-80e3-c1943d72cf92
2025-06-16 14:35:39,811 - INFO - ‚úÖ Curr√≠culo 'Wesleyda Silvasgarlate' processado e salvo com ID: 03a36823-77ce-40d6-8365-e539b4b8f49f
2025-06-16 14:35:43,893 - INFO - ‚úÖ Curr√≠culo 'Wyllian Feranandodos Santos Silva' processado e salvo com ID: 05f4c16c-47b8-4dca-9fbc-2edab9842ebc
2025-06-16 14:35:55,598 - INFO - ‚úÖ Curr√≠culo 'Yago Victor Cavalcanti Freire Almeida' processado e salvo com ID: efd0b595-dd64-4267-9cb0-5439b00d83ac
2025-06-16 14:35:55,603 - INFO - ‚úÖ Curr√≠culo 'Yas' processado e salvo com ID: dc38492e-e74c-441e-9022-2a8ced59e415
2025-06-16 14:35:58,680 - INFO - ‚úÖ Curr√≠culo 'Yasmim Soares' processado e salvo com ID: 4c7e870a-2a46-4f8f-bcb4-170a9a3f659c
2025-06-16 14:36:11,937 - INFO - ‚úÖ Curr√≠culo 'Yasminlauanesousabarbosa' processado e salvo com ID: 166fb447-0cc4-4e2d-bb9f-bf4294fdec0a
2025-06-16 14:38:37,821 - INFO - üìÑ Processando: CurriculoSARAARIELESILVA.pdf
2025-06-16 14:38:37,984 - INFO - üìÑ Processando: CurriculoSuelyMariadaSilva.pdf
2025-06-16 14:38:37,991 - INFO - üìÑ Processando: CurriculoSuevellimCavalcantedeLima.pdf
2025-06-16 14:38:38,008 - INFO - üìÑ Processando: CurriculoSOBREMIM.pdf
2025-06-16 14:38:38,017 - INFO - üìÑ Processando: CurriculoStefanyPereiraSampaio.pdf
2025-06-16 14:39:11,562 - INFO - ‚úÖ Curr√≠culo 'Suevellim Cavalcantede Lima' processado e salvo com ID: a5cfb52f-d958-4db7-b9b3-4c5b5e2974ea
2025-06-16 14:39:13,157 - INFO - ‚úÖ Curr√≠culo 'Suely Mariada Silva' processado e salvo com ID: f3c40c89-de55-42ca-9dbc-c913ede5723a
2025-06-16 14:39:13,426 - INFO - ‚úÖ Curr√≠culo 'Saraarielesilva' processado e salvo com ID: 59a423bd-a502-45d1-b114-1eab91f853e0
2025-06-16 14:39:16,186 - INFO - ‚úÖ Curr√≠culo 'Stefany Pereira Sampaio' processado e salvo com ID: 9983b4ba-1a6f-45d0-909e-0b380ff91288
2025-06-16 14:39:19,817 - INFO - ‚úÖ Curr√≠culo 'Sobremim' processado e salvo com ID: 847b40b9-8337-4ca2-84dd-ac010c8045d1
2025-06-16 14:41:15,292 - INFO - üìÑ Processando: CurriculoSARAARIELESILVA.pdf
2025-06-16 14:41:15,345 - INFO - üìÑ Processando: CurriculoStefanyPereiraSampaio.pdf
2025-06-16 14:41:15,358 - INFO - üìÑ Processando: CurriculoSOBREMIM.pdf
2025-06-16 14:41:41,994 - INFO - ‚úÖ Curr√≠culo 'Sobremim' processado e salvo com ID: 51231094-8d18-4430-9d01-2b9be97b3d43
2025-06-16 14:41:43,190 - INFO - ‚úÖ Curr√≠culo 'Stefany Pereira Sampaio' processado e salvo com ID: b4049fee-57fa-4672-8550-3275b2deb71a
2025-06-16 14:41:45,328 - INFO - ‚úÖ Curr√≠culo 'Saraarielesilva' processado e salvo com ID: 405a8916-3a65-433f-b9ad-918686e98d06
2025-06-16 14:48:32,828 - INFO - üìÑ Processando: CurriculoStefanyPereiraSampaio.pdf
2025-06-16 14:48:32,829 - INFO - üìÑ Processando: CurriculoSARAARIELESILVA.pdf
2025-06-16 14:48:32,878 - INFO - üìÑ Processando: CurriculoSOBREMIM.pdf
2025-06-16 14:48:33,042 - WARNING - ‚ö†Ô∏è Arquivo j√° processado anteriormente. Ignorando: CurriculoStefanyPereiraSampaio.pdf
2025-06-16 14:48:33,044 - WARNING - ‚ö†Ô∏è Arquivo j√° processado anteriormente. Ignorando: CurriculoSARAARIELESILVA.pdf
2025-06-16 14:48:33,046 - WARNING - ‚ö†Ô∏è Arquivo j√° processado anteriormente. Ignorando: CurriculoSOBREMIM.pdf
2025-06-16 14:53:02,230 - INFO - üìÑ Processando: CurriculoSARAARIELESILVA.pdf
2025-06-16 14:53:02,235 - INFO - üìÑ Processando: CurriculoSOBREMIM.pdf
2025-06-16 14:53:02,248 - INFO - üìÑ Processando: CurriculoSuelyMariadaSilva.pdf
2025-06-16 14:53:02,256 - INFO - üìÑ Processando: CurriculoStefanyPereiraSampaio.pdf
2025-06-16 14:53:02,256 - INFO - üìÑ Processando: CurriculoSuevellimCavalcantedeLima.pdf
2025-06-16 14:53:30,770 - INFO - ‚úÖ Curr√≠culo 'Stefany Pereira Sampaio' processado e salvo com ID: 023aa4f8-b655-4336-abee-8674f251a725
2025-06-16 14:53:31,290 - INFO - ‚úÖ Curr√≠culo 'Saraarielesilva' processado e salvo com ID: 883025b9-917f-4402-9b13-4b238919df23
2025-06-16 14:53:31,428 - INFO - ‚úÖ Curr√≠culo 'Suevellim Cavalcantede Lima' processado e salvo com ID: 820ecf1e-ee5c-4f9f-ae05-82d7ba4ff4e8
2025-06-16 14:53:33,946 - INFO - ‚úÖ Curr√≠culo 'Suely Mariada Silva' processado e salvo com ID: dfb3277f-5635-49f4-a450-edde253d0750
2025-06-16 14:53:37,230 - INFO - ‚úÖ Curr√≠culo 'Sobremim' processado e salvo com ID: 1ad948bb-e397-420f-a1f0-dd2396d4f27c
2025-06-16 15:01:04,371 - INFO - üìÑ Processando: CurriculoSARAARIELESILVA.pdf
2025-06-16 15:01:04,534 - INFO - üìÑ Processando: CurriculoSuelyMariadaSilva.pdf
2025-06-16 15:01:04,534 - INFO - üìÑ Processando: CurriculoSOBREMIM.pdf
2025-06-16 15:01:04,535 - INFO - üìÑ Processando: CurriculoStefanyPereiraSampaio.pdf
2025-06-16 15:01:04,540 - INFO - üìÑ Processando: CurriculoTacitobrunoSilvavieira.pdf
2025-06-16 15:01:04,574 - INFO - üìÑ Processando: CurriculoSuevellimCavalcantedeLima.pdf
2025-06-16 15:01:04,969 - ERROR - ‚ùå Erro ao processar CurriculoTacitobrunoSilvavieira.pdf: ‚ùå PDF vazio ou ileg√≠vel
Traceback (most recent call last):
  File "C:\Users\Viana e Moura.VM210490\Documents\GitHub\Curriculo_IA\Curriculo_IA-clean\SERVICES\analise.py", line 125, in process_candidate
    raise ValueError("‚ùå PDF vazio ou ileg√≠vel")
ValueError: ‚ùå PDF vazio ou ileg√≠vel
2025-06-16 15:01:35,134 - INFO - ‚úÖ Curr√≠culo 'Stefany Pereira Sampaio' processado e salvo com ID: a88e9610-a4e4-4f2c-a58a-bcf8ba3d31d2
2025-06-16 15:01:35,359 - INFO - ‚úÖ Curr√≠culo 'Saraarielesilva' processado e salvo com ID: f24a08dc-d41f-455a-acbd-e210bc579df2
2025-06-16 15:01:35,504 - INFO - ‚úÖ Curr√≠culo 'Suevellim Cavalcantede Lima' processado e salvo com ID: 9608c52b-01d0-4681-b2e9-25323a36655f
2025-06-16 15:01:36,405 - INFO - ‚úÖ Curr√≠culo 'Suely Mariada Silva' processado e salvo com ID: 9910de1b-d9b3-4008-9ff8-ba7e2fa86e7d
2025-06-16 15:01:38,781 - INFO - ‚úÖ Curr√≠culo 'Sobremim' processado e salvo com ID: ef3e078a-89f4-4385-8c94-65549e5eef90
2025-06-16 15:02:37,106 - INFO - üìÑ Processando: CurriculoTacitobrunoSilvavieira.pdf
2025-06-16 15:02:37,279 - ERROR - ‚ùå Erro ao processar CurriculoTacitobrunoSilvavieira.pdf: ‚ùå PDF vazio ou ileg√≠vel
Traceback (most recent call last):
  File "C:\Users\Viana e Moura.VM210490\Documents\GitHub\Curriculo_IA\Curriculo_IA-clean\SERVICES\analise.py", line 125, in process_candidate
    raise ValueError("‚ùå PDF vazio ou ileg√≠vel")
ValueError: ‚ùå PDF vazio ou ileg√≠vel
2025-06-16 15:03:09,099 - INFO - üìÑ Processando: CurriculoTacitobrunoSilvavieira.pdf
2025-06-16 15:03:09,253 - ERROR - ‚ùå Erro ao processar CurriculoTacitobrunoSilvavieira.pdf: ‚ùå PDF vazio ou ileg√≠vel
Traceback (most recent call last):
  File "C:\Users\Viana e Moura.VM210490\Documents\GitHub\Curriculo_IA\Curriculo_IA-clean\SERVICES\analise.py", line 125, in process_candidate
    raise ValueError("‚ùå PDF vazio ou ileg√≠vel")
ValueError: ‚ùå PDF vazio ou ileg√≠vel
2025-06-16 15:03:40,327 - INFO - üìÑ Processando: CurriculoTacitobrunoSilvavieira.pdf
2025-06-16 15:03:40,462 - ERROR - ‚ùå Erro ao processar CurriculoTacitobrunoSilvavieira.pdf: ‚ùå PDF vazio ou ileg√≠vel
Traceback (most recent call last):
  File "C:\Users\Viana e Moura.VM210490\Documents\GitHub\Curriculo_IA\Curriculo_IA-clean\SERVICES\analise.py", line 125, in process_candidate
    raise ValueError("‚ùå PDF vazio ou ileg√≠vel")
ValueError: ‚ùå PDF vazio ou ileg√≠vel
2025-06-16 15:13:01,132 - INFO - üìÑ Processando: CurriculoSARAARIELESILVA.pdf
2025-06-16 15:13:01,175 - INFO - üìÑ Processando: CurriculoSOBREMIM.pdf
2025-06-16 15:13:01,190 - INFO - üìÑ Processando: CurriculoStefanyPereiraSampaio.pdf
2025-06-16 15:13:01,198 - INFO - üìÑ Processando: CurriculoSuelyMariadaSilva.pdf
2025-06-16 15:13:26,425 - ERROR - ‚ùå Erro ao processar CurriculoSARAARIELESILVA.pdf: Server disconnected
Traceback (most recent call last):
  File "C:\Users\Viana e Moura.VM210490\Documents\GitHub\Curriculo_IA\Curriculo_IA-clean\venv312\Lib\site-packages\httpx\_transports\default.py", line 101, in map_httpcore_exceptions
    yield
  File "C:\Users\Viana e Moura.VM210490\Documents\GitHub\Curriculo_IA\Curriculo_IA-clean\venv312\Lib\site-packages\httpx\_transports\default.py", line 250, in handle_request
    resp = self._pool.handle_request(req)
           ^^^^^^^^^^^^^^^^^^^^^^^^^^^^^^
  File "C:\Users\Viana e Moura.VM210490\Documents\GitHub\Curriculo_IA\Curriculo_IA-clean\venv312\Lib\site-packages\httpcore\_sync\connection_pool.py", line 256, in handle_request
    raise exc from None
  File "C:\Users\Viana e Moura.VM210490\Documents\GitHub\Curriculo_IA\Curriculo_IA-clean\venv312\Lib\site-packages\httpcore\_sync\connection_pool.py", line 236, in handle_request
    response = connection.handle_request(
               ^^^^^^^^^^^^^^^^^^^^^^^^^^
  File "C:\Users\Viana e Moura.VM210490\Documents\GitHub\Curriculo_IA\Curriculo_IA-clean\venv312\Lib\site-packages\httpcore\_sync\connection.py", line 103, in handle_request
    return self._connection.handle_request(request)
           ^^^^^^^^^^^^^^^^^^^^^^^^^^^^^^^^^^^^^^^^
  File "C:\Users\Viana e Moura.VM210490\Documents\GitHub\Curriculo_IA\Curriculo_IA-clean\venv312\Lib\site-packages\httpcore\_sync\http2.py", line 187, in handle_request
    raise exc
  File "C:\Users\Viana e Moura.VM210490\Documents\GitHub\Curriculo_IA\Curriculo_IA-clean\venv312\Lib\site-packages\httpcore\_sync\http2.py", line 150, in handle_request
    status, headers = self._receive_response(
                      ^^^^^^^^^^^^^^^^^^^^^^^
  File "C:\Users\Viana e Moura.VM210490\Documents\GitHub\Curriculo_IA\Curriculo_IA-clean\venv312\Lib\site-packages\httpcore\_sync\http2.py", line 294, in _receive_response
    event = self._receive_stream_event(request, stream_id)
            ^^^^^^^^^^^^^^^^^^^^^^^^^^^^^^^^^^^^^^^^^^^^^^
  File "C:\Users\Viana e Moura.VM210490\Documents\GitHub\Curriculo_IA\Curriculo_IA-clean\venv312\Lib\site-packages\httpcore\_sync\http2.py", line 336, in _receive_stream_event
    self._receive_events(request, stream_id)
  File "C:\Users\Viana e Moura.VM210490\Documents\GitHub\Curriculo_IA\Curriculo_IA-clean\venv312\Lib\site-packages\httpcore\_sync\http2.py", line 364, in _receive_events
    events = self._read_incoming_data(request)
             ^^^^^^^^^^^^^^^^^^^^^^^^^^^^^^^^^
  File "C:\Users\Viana e Moura.VM210490\Documents\GitHub\Curriculo_IA\Curriculo_IA-clean\venv312\Lib\site-packages\httpcore\_sync\http2.py", line 438, in _read_incoming_data
    raise self._read_exception  # pragma: nocover
    ^^^^^^^^^^^^^^^^^^^^^^^^^^
  File "C:\Users\Viana e Moura.VM210490\Documents\GitHub\Curriculo_IA\Curriculo_IA-clean\venv312\Lib\site-packages\httpx\_transports\default.py", line 101, in map_httpcore_exceptions
    yield
  File "C:\Users\Viana e Moura.VM210490\Documents\GitHub\Curriculo_IA\Curriculo_IA-clean\venv312\Lib\site-packages\httpx\_transports\default.py", line 250, in handle_request
    resp = self._pool.handle_request(req)
           ^^^^^^^^^^^^^^^^^^^^^^^^^^^^^^
  File "C:\Users\Viana e Moura.VM210490\Documents\GitHub\Curriculo_IA\Curriculo_IA-clean\venv312\Lib\site-packages\httpcore\_sync\connection_pool.py", line 256, in handle_request
    raise exc from None
  File "C:\Users\Viana e Moura.VM210490\Documents\GitHub\Curriculo_IA\Curriculo_IA-clean\venv312\Lib\site-packages\httpcore\_sync\connection_pool.py", line 236, in handle_request
    response = connection.handle_request(
               ^^^^^^^^^^^^^^^^^^^^^^^^^^
  File "C:\Users\Viana e Moura.VM210490\Documents\GitHub\Curriculo_IA\Curriculo_IA-clean\venv312\Lib\site-packages\httpcore\_sync\connection.py", line 103, in handle_request
    return self._connection.handle_request(request)
           ^^^^^^^^^^^^^^^^^^^^^^^^^^^^^^^^^^^^^^^^
  File "C:\Users\Viana e Moura.VM210490\Documents\GitHub\Curriculo_IA\Curriculo_IA-clean\venv312\Lib\site-packages\httpcore\_sync\http2.py", line 187, in handle_request
    raise exc
  File "C:\Users\Viana e Moura.VM210490\Documents\GitHub\Curriculo_IA\Curriculo_IA-clean\venv312\Lib\site-packages\httpcore\_sync\http2.py", line 150, in handle_request
    status, headers = self._receive_response(
                      ^^^^^^^^^^^^^^^^^^^^^^^
  File "C:\Users\Viana e Moura.VM210490\Documents\GitHub\Curriculo_IA\Curriculo_IA-clean\venv312\Lib\site-packages\httpcore\_sync\http2.py", line 294, in _receive_response
    event = self._receive_stream_event(request, stream_id)
            ^^^^^^^^^^^^^^^^^^^^^^^^^^^^^^^^^^^^^^^^^^^^^^
  File "C:\Users\Viana e Moura.VM210490\Documents\GitHub\Curriculo_IA\Curriculo_IA-clean\venv312\Lib\site-packages\httpcore\_sync\http2.py", line 336, in _receive_stream_event
    self._receive_events(request, stream_id)
  File "C:\Users\Viana e Moura.VM210490\Documents\GitHub\Curriculo_IA\Curriculo_IA-clean\venv312\Lib\site-packages\httpcore\_sync\http2.py", line 364, in _receive_events
    events = self._read_incoming_data(request)
             ^^^^^^^^^^^^^^^^^^^^^^^^^^^^^^^^^
  File "C:\Users\Viana e Moura.VM210490\Documents\GitHub\Curriculo_IA\Curriculo_IA-clean\venv312\Lib\site-packages\httpcore\_sync\http2.py", line 455, in _read_incoming_data
    raise exc
  File "C:\Users\Viana e Moura.VM210490\Documents\GitHub\Curriculo_IA\Curriculo_IA-clean\venv312\Lib\site-packages\httpcore\_sync\http2.py", line 443, in _read_incoming_data
    raise RemoteProtocolError("Server disconnected")
httpcore.RemoteProtocolError: Server disconnected

The above exception was the direct cause of the following exception:

Traceback (most recent call last):
  File "C:\Users\Viana e Moura.VM210490\Documents\GitHub\Curriculo_IA\Curriculo_IA-clean\SERVICES\analise.py", line 182, in process_candidate
    database.insert_analysis(analysis_data.model_dump())
  File "C:\Users\Viana e Moura.VM210490\Documents\GitHub\Curriculo_IA\Curriculo_IA-clean\CONFIG\database.py", line 22, in insert_analysis
    supabase.table("analysis").upsert(analysis_data, on_conflict=["resum_id"]).execute()
  File "C:\Users\Viana e Moura.VM210490\Documents\GitHub\Curriculo_IA\Curriculo_IA-clean\venv312\Lib\site-packages\postgrest\_sync\request_builder.py", line 57, in execute
    r = self.session.request(
        ^^^^^^^^^^^^^^^^^^^^^
  File "C:\Users\Viana e Moura.VM210490\Documents\GitHub\Curriculo_IA\Curriculo_IA-clean\venv312\Lib\site-packages\httpx\_client.py", line 825, in request
    return self.send(request, auth=auth, follow_redirects=follow_redirects)
           ^^^^^^^^^^^^^^^^^^^^^^^^^^^^^^^^^^^^^^^^^^^^^^^^^^^^^^^^^^^^^^^^
  File "C:\Users\Viana e Moura.VM210490\Documents\GitHub\Curriculo_IA\Curriculo_IA-clean\venv312\Lib\site-packages\httpx\_client.py", line 914, in send
    response = self._send_handling_auth(
               ^^^^^^^^^^^^^^^^^^^^^^^^^
  File "C:\Users\Viana e Moura.VM210490\Documents\GitHub\Curriculo_IA\Curriculo_IA-clean\venv312\Lib\site-packages\httpx\_client.py", line 942, in _send_handling_auth
    response = self._send_handling_redirects(
               ^^^^^^^^^^^^^^^^^^^^^^^^^^^^^^
  File "C:\Users\Viana e Moura.VM210490\Documents\GitHub\Curriculo_IA\Curriculo_IA-clean\venv312\Lib\site-packages\httpx\_client.py", line 979, in _send_handling_redirects
    response = self._send_single_request(request)
               ^^^^^^^^^^^^^^^^^^^^^^^^^^^^^^^^^^
  File "C:\Users\Viana e Moura.VM210490\Documents\GitHub\Curriculo_IA\Curriculo_IA-clean\venv312\Lib\site-packages\httpx\_client.py", line 1014, in _send_single_request
    response = transport.handle_request(request)
               ^^^^^^^^^^^^^^^^^^^^^^^^^^^^^^^^^
  File "C:\Users\Viana e Moura.VM210490\Documents\GitHub\Curriculo_IA\Curriculo_IA-clean\venv312\Lib\site-packages\httpx\_transports\default.py", line 249, in handle_request
    with map_httpcore_exceptions():
  File "C:\Users\Viana e Moura.VM210490\AppData\Local\Programs\Python\Python312\Lib\contextlib.py", line 158, in __exit__
    self.gen.throw(value)
  File "C:\Users\Viana e Moura.VM210490\Documents\GitHub\Curriculo_IA\Curriculo_IA-clean\venv312\Lib\site-packages\httpx\_transports\default.py", line 118, in map_httpcore_exceptions
    raise mapped_exc(message) from exc
httpx.RemoteProtocolError: Server disconnected
2025-06-16 15:13:26,425 - ERROR - ‚ùå Erro ao processar CurriculoSuelyMariadaSilva.pdf: Server disconnected
Traceback (most recent call last):
  File "C:\Users\Viana e Moura.VM210490\Documents\GitHub\Curriculo_IA\Curriculo_IA-clean\venv312\Lib\site-packages\httpx\_transports\default.py", line 101, in map_httpcore_exceptions
    yield
  File "C:\Users\Viana e Moura.VM210490\Documents\GitHub\Curriculo_IA\Curriculo_IA-clean\venv312\Lib\site-packages\httpx\_transports\default.py", line 250, in handle_request
    resp = self._pool.handle_request(req)
           ^^^^^^^^^^^^^^^^^^^^^^^^^^^^^^
  File "C:\Users\Viana e Moura.VM210490\Documents\GitHub\Curriculo_IA\Curriculo_IA-clean\venv312\Lib\site-packages\httpcore\_sync\connection_pool.py", line 256, in handle_request
    raise exc from None
  File "C:\Users\Viana e Moura.VM210490\Documents\GitHub\Curriculo_IA\Curriculo_IA-clean\venv312\Lib\site-packages\httpcore\_sync\connection_pool.py", line 236, in handle_request
    response = connection.handle_request(
               ^^^^^^^^^^^^^^^^^^^^^^^^^^
  File "C:\Users\Viana e Moura.VM210490\Documents\GitHub\Curriculo_IA\Curriculo_IA-clean\venv312\Lib\site-packages\httpcore\_sync\connection.py", line 103, in handle_request
    return self._connection.handle_request(request)
           ^^^^^^^^^^^^^^^^^^^^^^^^^^^^^^^^^^^^^^^^
  File "C:\Users\Viana e Moura.VM210490\Documents\GitHub\Curriculo_IA\Curriculo_IA-clean\venv312\Lib\site-packages\httpcore\_sync\http2.py", line 187, in handle_request
    raise exc
  File "C:\Users\Viana e Moura.VM210490\Documents\GitHub\Curriculo_IA\Curriculo_IA-clean\venv312\Lib\site-packages\httpcore\_sync\http2.py", line 150, in handle_request
    status, headers = self._receive_response(
                      ^^^^^^^^^^^^^^^^^^^^^^^
  File "C:\Users\Viana e Moura.VM210490\Documents\GitHub\Curriculo_IA\Curriculo_IA-clean\venv312\Lib\site-packages\httpcore\_sync\http2.py", line 294, in _receive_response
    event = self._receive_stream_event(request, stream_id)
            ^^^^^^^^^^^^^^^^^^^^^^^^^^^^^^^^^^^^^^^^^^^^^^
  File "C:\Users\Viana e Moura.VM210490\Documents\GitHub\Curriculo_IA\Curriculo_IA-clean\venv312\Lib\site-packages\httpcore\_sync\http2.py", line 336, in _receive_stream_event
    self._receive_events(request, stream_id)
  File "C:\Users\Viana e Moura.VM210490\Documents\GitHub\Curriculo_IA\Curriculo_IA-clean\venv312\Lib\site-packages\httpcore\_sync\http2.py", line 364, in _receive_events
    events = self._read_incoming_data(request)
             ^^^^^^^^^^^^^^^^^^^^^^^^^^^^^^^^^
  File "C:\Users\Viana e Moura.VM210490\Documents\GitHub\Curriculo_IA\Curriculo_IA-clean\venv312\Lib\site-packages\httpcore\_sync\http2.py", line 438, in _read_incoming_data
    raise self._read_exception  # pragma: nocover
    ^^^^^^^^^^^^^^^^^^^^^^^^^^
  File "C:\Users\Viana e Moura.VM210490\Documents\GitHub\Curriculo_IA\Curriculo_IA-clean\venv312\Lib\site-packages\httpx\_transports\default.py", line 101, in map_httpcore_exceptions
    yield
  File "C:\Users\Viana e Moura.VM210490\Documents\GitHub\Curriculo_IA\Curriculo_IA-clean\venv312\Lib\site-packages\httpx\_transports\default.py", line 250, in handle_request
    resp = self._pool.handle_request(req)
           ^^^^^^^^^^^^^^^^^^^^^^^^^^^^^^
  File "C:\Users\Viana e Moura.VM210490\Documents\GitHub\Curriculo_IA\Curriculo_IA-clean\venv312\Lib\site-packages\httpcore\_sync\connection_pool.py", line 256, in handle_request
    raise exc from None
  File "C:\Users\Viana e Moura.VM210490\Documents\GitHub\Curriculo_IA\Curriculo_IA-clean\venv312\Lib\site-packages\httpcore\_sync\connection_pool.py", line 236, in handle_request
    response = connection.handle_request(
               ^^^^^^^^^^^^^^^^^^^^^^^^^^
  File "C:\Users\Viana e Moura.VM210490\Documents\GitHub\Curriculo_IA\Curriculo_IA-clean\venv312\Lib\site-packages\httpcore\_sync\connection.py", line 103, in handle_request
    return self._connection.handle_request(request)
           ^^^^^^^^^^^^^^^^^^^^^^^^^^^^^^^^^^^^^^^^
  File "C:\Users\Viana e Moura.VM210490\Documents\GitHub\Curriculo_IA\Curriculo_IA-clean\venv312\Lib\site-packages\httpcore\_sync\http2.py", line 187, in handle_request
    raise exc
  File "C:\Users\Viana e Moura.VM210490\Documents\GitHub\Curriculo_IA\Curriculo_IA-clean\venv312\Lib\site-packages\httpcore\_sync\http2.py", line 150, in handle_request
    status, headers = self._receive_response(
                      ^^^^^^^^^^^^^^^^^^^^^^^
  File "C:\Users\Viana e Moura.VM210490\Documents\GitHub\Curriculo_IA\Curriculo_IA-clean\venv312\Lib\site-packages\httpcore\_sync\http2.py", line 294, in _receive_response
    event = self._receive_stream_event(request, stream_id)
            ^^^^^^^^^^^^^^^^^^^^^^^^^^^^^^^^^^^^^^^^^^^^^^
  File "C:\Users\Viana e Moura.VM210490\Documents\GitHub\Curriculo_IA\Curriculo_IA-clean\venv312\Lib\site-packages\httpcore\_sync\http2.py", line 336, in _receive_stream_event
    self._receive_events(request, stream_id)
  File "C:\Users\Viana e Moura.VM210490\Documents\GitHub\Curriculo_IA\Curriculo_IA-clean\venv312\Lib\site-packages\httpcore\_sync\http2.py", line 364, in _receive_events
    events = self._read_incoming_data(request)
             ^^^^^^^^^^^^^^^^^^^^^^^^^^^^^^^^^
  File "C:\Users\Viana e Moura.VM210490\Documents\GitHub\Curriculo_IA\Curriculo_IA-clean\venv312\Lib\site-packages\httpcore\_sync\http2.py", line 455, in _read_incoming_data
    raise exc
  File "C:\Users\Viana e Moura.VM210490\Documents\GitHub\Curriculo_IA\Curriculo_IA-clean\venv312\Lib\site-packages\httpcore\_sync\http2.py", line 443, in _read_incoming_data
    raise RemoteProtocolError("Server disconnected")
httpcore.RemoteProtocolError: Server disconnected

The above exception was the direct cause of the following exception:

Traceback (most recent call last):
  File "C:\Users\Viana e Moura.VM210490\Documents\GitHub\Curriculo_IA\Curriculo_IA-clean\SERVICES\analise.py", line 183, in process_candidate
    database.insert_file(file_data)
  File "C:\Users\Viana e Moura.VM210490\Documents\GitHub\Curriculo_IA\Curriculo_IA-clean\CONFIG\database.py", line 25, in insert_file
    supabase.table("files").upsert(file_data, on_conflict=["file_path"]).execute()
  File "C:\Users\Viana e Moura.VM210490\Documents\GitHub\Curriculo_IA\Curriculo_IA-clean\venv312\Lib\site-packages\postgrest\_sync\request_builder.py", line 57, in execute
    r = self.session.request(
        ^^^^^^^^^^^^^^^^^^^^^
  File "C:\Users\Viana e Moura.VM210490\Documents\GitHub\Curriculo_IA\Curriculo_IA-clean\venv312\Lib\site-packages\httpx\_client.py", line 825, in request
    return self.send(request, auth=auth, follow_redirects=follow_redirects)
           ^^^^^^^^^^^^^^^^^^^^^^^^^^^^^^^^^^^^^^^^^^^^^^^^^^^^^^^^^^^^^^^^
  File "C:\Users\Viana e Moura.VM210490\Documents\GitHub\Curriculo_IA\Curriculo_IA-clean\venv312\Lib\site-packages\httpx\_client.py", line 914, in send
    response = self._send_handling_auth(
               ^^^^^^^^^^^^^^^^^^^^^^^^^
  File "C:\Users\Viana e Moura.VM210490\Documents\GitHub\Curriculo_IA\Curriculo_IA-clean\venv312\Lib\site-packages\httpx\_client.py", line 942, in _send_handling_auth
    response = self._send_handling_redirects(
               ^^^^^^^^^^^^^^^^^^^^^^^^^^^^^^
  File "C:\Users\Viana e Moura.VM210490\Documents\GitHub\Curriculo_IA\Curriculo_IA-clean\venv312\Lib\site-packages\httpx\_client.py", line 979, in _send_handling_redirects
    response = self._send_single_request(request)
               ^^^^^^^^^^^^^^^^^^^^^^^^^^^^^^^^^^
  File "C:\Users\Viana e Moura.VM210490\Documents\GitHub\Curriculo_IA\Curriculo_IA-clean\venv312\Lib\site-packages\httpx\_client.py", line 1014, in _send_single_request
    response = transport.handle_request(request)
               ^^^^^^^^^^^^^^^^^^^^^^^^^^^^^^^^^
  File "C:\Users\Viana e Moura.VM210490\Documents\GitHub\Curriculo_IA\Curriculo_IA-clean\venv312\Lib\site-packages\httpx\_transports\default.py", line 249, in handle_request
    with map_httpcore_exceptions():
  File "C:\Users\Viana e Moura.VM210490\AppData\Local\Programs\Python\Python312\Lib\contextlib.py", line 158, in __exit__
    self.gen.throw(value)
  File "C:\Users\Viana e Moura.VM210490\Documents\GitHub\Curriculo_IA\Curriculo_IA-clean\venv312\Lib\site-packages\httpx\_transports\default.py", line 118, in map_httpcore_exceptions
    raise mapped_exc(message) from exc
httpx.RemoteProtocolError: Server disconnected
2025-06-16 15:13:27,605 - INFO - ‚úÖ Curr√≠culo 'Stefany Pereira Sampaio' processado e salvo com ID: d3c92b1c-6059-445f-b678-75523e5ac24d
2025-06-16 15:13:31,475 - INFO - ‚úÖ Curr√≠culo 'Sobremim' processado e salvo com ID: fead3225-afe1-4cba-bfe0-9db75cd26e2a
2025-06-16 15:13:54,239 - INFO - üìÑ Processando: CurriculoSOBREMIM.pdf
2025-06-16 15:13:54,240 - INFO - üìÑ Processando: CurriculoSARAARIELESILVA.pdf
2025-06-16 15:13:54,243 - INFO - üìÑ Processando: CurriculoStefanyPereiraSampaio.pdf
2025-06-16 15:13:54,244 - INFO - üìÑ Processando: CurriculoSuelyMariadaSilva.pdf
2025-06-16 15:14:22,494 - INFO - ‚úÖ Curr√≠culo 'Stefany Pereira Sampaio' processado e salvo com ID: 69b41f31-afca-40d3-abf5-b164d9f29f55
2025-06-16 15:14:24,851 - ERROR - ‚ùå Erro ao processar CurriculoSOBREMIM.pdf: Server disconnected
Traceback (most recent call last):
  File "C:\Users\Viana e Moura.VM210490\Documents\GitHub\Curriculo_IA\Curriculo_IA-clean\venv312\Lib\site-packages\httpx\_transports\default.py", line 101, in map_httpcore_exceptions
    yield
  File "C:\Users\Viana e Moura.VM210490\Documents\GitHub\Curriculo_IA\Curriculo_IA-clean\venv312\Lib\site-packages\httpx\_transports\default.py", line 250, in handle_request
    resp = self._pool.handle_request(req)
           ^^^^^^^^^^^^^^^^^^^^^^^^^^^^^^
  File "C:\Users\Viana e Moura.VM210490\Documents\GitHub\Curriculo_IA\Curriculo_IA-clean\venv312\Lib\site-packages\httpcore\_sync\connection_pool.py", line 256, in handle_request
    raise exc from None
  File "C:\Users\Viana e Moura.VM210490\Documents\GitHub\Curriculo_IA\Curriculo_IA-clean\venv312\Lib\site-packages\httpcore\_sync\connection_pool.py", line 236, in handle_request
    response = connection.handle_request(
               ^^^^^^^^^^^^^^^^^^^^^^^^^^
  File "C:\Users\Viana e Moura.VM210490\Documents\GitHub\Curriculo_IA\Curriculo_IA-clean\venv312\Lib\site-packages\httpcore\_sync\connection.py", line 103, in handle_request
    return self._connection.handle_request(request)
           ^^^^^^^^^^^^^^^^^^^^^^^^^^^^^^^^^^^^^^^^
  File "C:\Users\Viana e Moura.VM210490\Documents\GitHub\Curriculo_IA\Curriculo_IA-clean\venv312\Lib\site-packages\httpcore\_sync\http2.py", line 187, in handle_request
    raise exc
  File "C:\Users\Viana e Moura.VM210490\Documents\GitHub\Curriculo_IA\Curriculo_IA-clean\venv312\Lib\site-packages\httpcore\_sync\http2.py", line 150, in handle_request
    status, headers = self._receive_response(
                      ^^^^^^^^^^^^^^^^^^^^^^^
  File "C:\Users\Viana e Moura.VM210490\Documents\GitHub\Curriculo_IA\Curriculo_IA-clean\venv312\Lib\site-packages\httpcore\_sync\http2.py", line 294, in _receive_response
    event = self._receive_stream_event(request, stream_id)
            ^^^^^^^^^^^^^^^^^^^^^^^^^^^^^^^^^^^^^^^^^^^^^^
  File "C:\Users\Viana e Moura.VM210490\Documents\GitHub\Curriculo_IA\Curriculo_IA-clean\venv312\Lib\site-packages\httpcore\_sync\http2.py", line 336, in _receive_stream_event
    self._receive_events(request, stream_id)
  File "C:\Users\Viana e Moura.VM210490\Documents\GitHub\Curriculo_IA\Curriculo_IA-clean\venv312\Lib\site-packages\httpcore\_sync\http2.py", line 364, in _receive_events
    events = self._read_incoming_data(request)
             ^^^^^^^^^^^^^^^^^^^^^^^^^^^^^^^^^
  File "C:\Users\Viana e Moura.VM210490\Documents\GitHub\Curriculo_IA\Curriculo_IA-clean\venv312\Lib\site-packages\httpcore\_sync\http2.py", line 438, in _read_incoming_data
    raise self._read_exception  # pragma: nocover
    ^^^^^^^^^^^^^^^^^^^^^^^^^^
  File "C:\Users\Viana e Moura.VM210490\Documents\GitHub\Curriculo_IA\Curriculo_IA-clean\venv312\Lib\site-packages\httpx\_transports\default.py", line 101, in map_httpcore_exceptions
    yield
  File "C:\Users\Viana e Moura.VM210490\Documents\GitHub\Curriculo_IA\Curriculo_IA-clean\venv312\Lib\site-packages\httpx\_transports\default.py", line 250, in handle_request
    resp = self._pool.handle_request(req)
           ^^^^^^^^^^^^^^^^^^^^^^^^^^^^^^
  File "C:\Users\Viana e Moura.VM210490\Documents\GitHub\Curriculo_IA\Curriculo_IA-clean\venv312\Lib\site-packages\httpcore\_sync\connection_pool.py", line 256, in handle_request
    raise exc from None
  File "C:\Users\Viana e Moura.VM210490\Documents\GitHub\Curriculo_IA\Curriculo_IA-clean\venv312\Lib\site-packages\httpcore\_sync\connection_pool.py", line 236, in handle_request
    response = connection.handle_request(
               ^^^^^^^^^^^^^^^^^^^^^^^^^^
  File "C:\Users\Viana e Moura.VM210490\Documents\GitHub\Curriculo_IA\Curriculo_IA-clean\venv312\Lib\site-packages\httpcore\_sync\connection.py", line 103, in handle_request
    return self._connection.handle_request(request)
           ^^^^^^^^^^^^^^^^^^^^^^^^^^^^^^^^^^^^^^^^
  File "C:\Users\Viana e Moura.VM210490\Documents\GitHub\Curriculo_IA\Curriculo_IA-clean\venv312\Lib\site-packages\httpcore\_sync\http2.py", line 187, in handle_request
    raise exc
  File "C:\Users\Viana e Moura.VM210490\Documents\GitHub\Curriculo_IA\Curriculo_IA-clean\venv312\Lib\site-packages\httpcore\_sync\http2.py", line 150, in handle_request
    status, headers = self._receive_response(
                      ^^^^^^^^^^^^^^^^^^^^^^^
  File "C:\Users\Viana e Moura.VM210490\Documents\GitHub\Curriculo_IA\Curriculo_IA-clean\venv312\Lib\site-packages\httpcore\_sync\http2.py", line 294, in _receive_response
    event = self._receive_stream_event(request, stream_id)
            ^^^^^^^^^^^^^^^^^^^^^^^^^^^^^^^^^^^^^^^^^^^^^^
  File "C:\Users\Viana e Moura.VM210490\Documents\GitHub\Curriculo_IA\Curriculo_IA-clean\venv312\Lib\site-packages\httpcore\_sync\http2.py", line 336, in _receive_stream_event
    self._receive_events(request, stream_id)
  File "C:\Users\Viana e Moura.VM210490\Documents\GitHub\Curriculo_IA\Curriculo_IA-clean\venv312\Lib\site-packages\httpcore\_sync\http2.py", line 364, in _receive_events
    events = self._read_incoming_data(request)
             ^^^^^^^^^^^^^^^^^^^^^^^^^^^^^^^^^
  File "C:\Users\Viana e Moura.VM210490\Documents\GitHub\Curriculo_IA\Curriculo_IA-clean\venv312\Lib\site-packages\httpcore\_sync\http2.py", line 455, in _read_incoming_data
    raise exc
  File "C:\Users\Viana e Moura.VM210490\Documents\GitHub\Curriculo_IA\Curriculo_IA-clean\venv312\Lib\site-packages\httpcore\_sync\http2.py", line 443, in _read_incoming_data
    raise RemoteProtocolError("Server disconnected")
httpcore.RemoteProtocolError: Server disconnected

The above exception was the direct cause of the following exception:

Traceback (most recent call last):
  File "C:\Users\Viana e Moura.VM210490\Documents\GitHub\Curriculo_IA\Curriculo_IA-clean\SERVICES\analise.py", line 183, in process_candidate
    database.insert_file(file_data)
  File "C:\Users\Viana e Moura.VM210490\Documents\GitHub\Curriculo_IA\Curriculo_IA-clean\CONFIG\database.py", line 25, in insert_file
    supabase.table("files").upsert(file_data, on_conflict=["file_path"]).execute()
  File "C:\Users\Viana e Moura.VM210490\Documents\GitHub\Curriculo_IA\Curriculo_IA-clean\venv312\Lib\site-packages\postgrest\_sync\request_builder.py", line 57, in execute
    r = self.session.request(
        ^^^^^^^^^^^^^^^^^^^^^
  File "C:\Users\Viana e Moura.VM210490\Documents\GitHub\Curriculo_IA\Curriculo_IA-clean\venv312\Lib\site-packages\httpx\_client.py", line 825, in request
    return self.send(request, auth=auth, follow_redirects=follow_redirects)
           ^^^^^^^^^^^^^^^^^^^^^^^^^^^^^^^^^^^^^^^^^^^^^^^^^^^^^^^^^^^^^^^^
  File "C:\Users\Viana e Moura.VM210490\Documents\GitHub\Curriculo_IA\Curriculo_IA-clean\venv312\Lib\site-packages\httpx\_client.py", line 914, in send
    response = self._send_handling_auth(
               ^^^^^^^^^^^^^^^^^^^^^^^^^
  File "C:\Users\Viana e Moura.VM210490\Documents\GitHub\Curriculo_IA\Curriculo_IA-clean\venv312\Lib\site-packages\httpx\_client.py", line 942, in _send_handling_auth
    response = self._send_handling_redirects(
               ^^^^^^^^^^^^^^^^^^^^^^^^^^^^^^
  File "C:\Users\Viana e Moura.VM210490\Documents\GitHub\Curriculo_IA\Curriculo_IA-clean\venv312\Lib\site-packages\httpx\_client.py", line 979, in _send_handling_redirects
    response = self._send_single_request(request)
               ^^^^^^^^^^^^^^^^^^^^^^^^^^^^^^^^^^
  File "C:\Users\Viana e Moura.VM210490\Documents\GitHub\Curriculo_IA\Curriculo_IA-clean\venv312\Lib\site-packages\httpx\_client.py", line 1014, in _send_single_request
    response = transport.handle_request(request)
               ^^^^^^^^^^^^^^^^^^^^^^^^^^^^^^^^^
  File "C:\Users\Viana e Moura.VM210490\Documents\GitHub\Curriculo_IA\Curriculo_IA-clean\venv312\Lib\site-packages\httpx\_transports\default.py", line 249, in handle_request
    with map_httpcore_exceptions():
  File "C:\Users\Viana e Moura.VM210490\AppData\Local\Programs\Python\Python312\Lib\contextlib.py", line 158, in __exit__
    self.gen.throw(value)
  File "C:\Users\Viana e Moura.VM210490\Documents\GitHub\Curriculo_IA\Curriculo_IA-clean\venv312\Lib\site-packages\httpx\_transports\default.py", line 118, in map_httpcore_exceptions
    raise mapped_exc(message) from exc
httpx.RemoteProtocolError: Server disconnected
2025-06-16 15:14:24,852 - ERROR - ‚ùå Erro ao processar CurriculoSuelyMariadaSilva.pdf: Server disconnected
Traceback (most recent call last):
  File "C:\Users\Viana e Moura.VM210490\Documents\GitHub\Curriculo_IA\Curriculo_IA-clean\venv312\Lib\site-packages\httpx\_transports\default.py", line 101, in map_httpcore_exceptions
    yield
  File "C:\Users\Viana e Moura.VM210490\Documents\GitHub\Curriculo_IA\Curriculo_IA-clean\venv312\Lib\site-packages\httpx\_transports\default.py", line 250, in handle_request
    resp = self._pool.handle_request(req)
           ^^^^^^^^^^^^^^^^^^^^^^^^^^^^^^
  File "C:\Users\Viana e Moura.VM210490\Documents\GitHub\Curriculo_IA\Curriculo_IA-clean\venv312\Lib\site-packages\httpcore\_sync\connection_pool.py", line 256, in handle_request
    raise exc from None
  File "C:\Users\Viana e Moura.VM210490\Documents\GitHub\Curriculo_IA\Curriculo_IA-clean\venv312\Lib\site-packages\httpcore\_sync\connection_pool.py", line 236, in handle_request
    response = connection.handle_request(
               ^^^^^^^^^^^^^^^^^^^^^^^^^^
  File "C:\Users\Viana e Moura.VM210490\Documents\GitHub\Curriculo_IA\Curriculo_IA-clean\venv312\Lib\site-packages\httpcore\_sync\connection.py", line 103, in handle_request
    return self._connection.handle_request(request)
           ^^^^^^^^^^^^^^^^^^^^^^^^^^^^^^^^^^^^^^^^
  File "C:\Users\Viana e Moura.VM210490\Documents\GitHub\Curriculo_IA\Curriculo_IA-clean\venv312\Lib\site-packages\httpcore\_sync\http2.py", line 187, in handle_request
    raise exc
  File "C:\Users\Viana e Moura.VM210490\Documents\GitHub\Curriculo_IA\Curriculo_IA-clean\venv312\Lib\site-packages\httpcore\_sync\http2.py", line 150, in handle_request
    status, headers = self._receive_response(
                      ^^^^^^^^^^^^^^^^^^^^^^^
  File "C:\Users\Viana e Moura.VM210490\Documents\GitHub\Curriculo_IA\Curriculo_IA-clean\venv312\Lib\site-packages\httpcore\_sync\http2.py", line 294, in _receive_response
    event = self._receive_stream_event(request, stream_id)
            ^^^^^^^^^^^^^^^^^^^^^^^^^^^^^^^^^^^^^^^^^^^^^^
  File "C:\Users\Viana e Moura.VM210490\Documents\GitHub\Curriculo_IA\Curriculo_IA-clean\venv312\Lib\site-packages\httpcore\_sync\http2.py", line 336, in _receive_stream_event
    self._receive_events(request, stream_id)
  File "C:\Users\Viana e Moura.VM210490\Documents\GitHub\Curriculo_IA\Curriculo_IA-clean\venv312\Lib\site-packages\httpcore\_sync\http2.py", line 364, in _receive_events
    events = self._read_incoming_data(request)
             ^^^^^^^^^^^^^^^^^^^^^^^^^^^^^^^^^
  File "C:\Users\Viana e Moura.VM210490\Documents\GitHub\Curriculo_IA\Curriculo_IA-clean\venv312\Lib\site-packages\httpcore\_sync\http2.py", line 438, in _read_incoming_data
    raise self._read_exception  # pragma: nocover
    ^^^^^^^^^^^^^^^^^^^^^^^^^^
  File "C:\Users\Viana e Moura.VM210490\Documents\GitHub\Curriculo_IA\Curriculo_IA-clean\venv312\Lib\site-packages\httpx\_transports\default.py", line 101, in map_httpcore_exceptions
    yield
  File "C:\Users\Viana e Moura.VM210490\Documents\GitHub\Curriculo_IA\Curriculo_IA-clean\venv312\Lib\site-packages\httpx\_transports\default.py", line 250, in handle_request
    resp = self._pool.handle_request(req)
           ^^^^^^^^^^^^^^^^^^^^^^^^^^^^^^
  File "C:\Users\Viana e Moura.VM210490\Documents\GitHub\Curriculo_IA\Curriculo_IA-clean\venv312\Lib\site-packages\httpcore\_sync\connection_pool.py", line 256, in handle_request
    raise exc from None
  File "C:\Users\Viana e Moura.VM210490\Documents\GitHub\Curriculo_IA\Curriculo_IA-clean\venv312\Lib\site-packages\httpcore\_sync\connection_pool.py", line 236, in handle_request
    response = connection.handle_request(
               ^^^^^^^^^^^^^^^^^^^^^^^^^^
  File "C:\Users\Viana e Moura.VM210490\Documents\GitHub\Curriculo_IA\Curriculo_IA-clean\venv312\Lib\site-packages\httpcore\_sync\connection.py", line 103, in handle_request
    return self._connection.handle_request(request)
           ^^^^^^^^^^^^^^^^^^^^^^^^^^^^^^^^^^^^^^^^
  File "C:\Users\Viana e Moura.VM210490\Documents\GitHub\Curriculo_IA\Curriculo_IA-clean\venv312\Lib\site-packages\httpcore\_sync\http2.py", line 187, in handle_request
    raise exc
  File "C:\Users\Viana e Moura.VM210490\Documents\GitHub\Curriculo_IA\Curriculo_IA-clean\venv312\Lib\site-packages\httpcore\_sync\http2.py", line 150, in handle_request
    status, headers = self._receive_response(
                      ^^^^^^^^^^^^^^^^^^^^^^^
  File "C:\Users\Viana e Moura.VM210490\Documents\GitHub\Curriculo_IA\Curriculo_IA-clean\venv312\Lib\site-packages\httpcore\_sync\http2.py", line 294, in _receive_response
    event = self._receive_stream_event(request, stream_id)
            ^^^^^^^^^^^^^^^^^^^^^^^^^^^^^^^^^^^^^^^^^^^^^^
  File "C:\Users\Viana e Moura.VM210490\Documents\GitHub\Curriculo_IA\Curriculo_IA-clean\venv312\Lib\site-packages\httpcore\_sync\http2.py", line 336, in _receive_stream_event
    self._receive_events(request, stream_id)
  File "C:\Users\Viana e Moura.VM210490\Documents\GitHub\Curriculo_IA\Curriculo_IA-clean\venv312\Lib\site-packages\httpcore\_sync\http2.py", line 364, in _receive_events
    events = self._read_incoming_data(request)
             ^^^^^^^^^^^^^^^^^^^^^^^^^^^^^^^^^
  File "C:\Users\Viana e Moura.VM210490\Documents\GitHub\Curriculo_IA\Curriculo_IA-clean\venv312\Lib\site-packages\httpcore\_sync\http2.py", line 455, in _read_incoming_data
    raise exc
  File "C:\Users\Viana e Moura.VM210490\Documents\GitHub\Curriculo_IA\Curriculo_IA-clean\venv312\Lib\site-packages\httpcore\_sync\http2.py", line 443, in _read_incoming_data
    raise RemoteProtocolError("Server disconnected")
httpcore.RemoteProtocolError: Server disconnected

The above exception was the direct cause of the following exception:

Traceback (most recent call last):
  File "C:\Users\Viana e Moura.VM210490\Documents\GitHub\Curriculo_IA\Curriculo_IA-clean\SERVICES\analise.py", line 182, in process_candidate
    database.insert_analysis(analysis_data.model_dump())
  File "C:\Users\Viana e Moura.VM210490\Documents\GitHub\Curriculo_IA\Curriculo_IA-clean\CONFIG\database.py", line 22, in insert_analysis
    supabase.table("analysis").upsert(analysis_data, on_conflict=["resum_id"]).execute()
  File "C:\Users\Viana e Moura.VM210490\Documents\GitHub\Curriculo_IA\Curriculo_IA-clean\venv312\Lib\site-packages\postgrest\_sync\request_builder.py", line 57, in execute
    r = self.session.request(
        ^^^^^^^^^^^^^^^^^^^^^
  File "C:\Users\Viana e Moura.VM210490\Documents\GitHub\Curriculo_IA\Curriculo_IA-clean\venv312\Lib\site-packages\httpx\_client.py", line 825, in request
    return self.send(request, auth=auth, follow_redirects=follow_redirects)
           ^^^^^^^^^^^^^^^^^^^^^^^^^^^^^^^^^^^^^^^^^^^^^^^^^^^^^^^^^^^^^^^^
  File "C:\Users\Viana e Moura.VM210490\Documents\GitHub\Curriculo_IA\Curriculo_IA-clean\venv312\Lib\site-packages\httpx\_client.py", line 914, in send
    response = self._send_handling_auth(
               ^^^^^^^^^^^^^^^^^^^^^^^^^
  File "C:\Users\Viana e Moura.VM210490\Documents\GitHub\Curriculo_IA\Curriculo_IA-clean\venv312\Lib\site-packages\httpx\_client.py", line 942, in _send_handling_auth
    response = self._send_handling_redirects(
               ^^^^^^^^^^^^^^^^^^^^^^^^^^^^^^
  File "C:\Users\Viana e Moura.VM210490\Documents\GitHub\Curriculo_IA\Curriculo_IA-clean\venv312\Lib\site-packages\httpx\_client.py", line 979, in _send_handling_redirects
    response = self._send_single_request(request)
               ^^^^^^^^^^^^^^^^^^^^^^^^^^^^^^^^^^
  File "C:\Users\Viana e Moura.VM210490\Documents\GitHub\Curriculo_IA\Curriculo_IA-clean\venv312\Lib\site-packages\httpx\_client.py", line 1014, in _send_single_request
    response = transport.handle_request(request)
               ^^^^^^^^^^^^^^^^^^^^^^^^^^^^^^^^^
  File "C:\Users\Viana e Moura.VM210490\Documents\GitHub\Curriculo_IA\Curriculo_IA-clean\venv312\Lib\site-packages\httpx\_transports\default.py", line 249, in handle_request
    with map_httpcore_exceptions():
  File "C:\Users\Viana e Moura.VM210490\AppData\Local\Programs\Python\Python312\Lib\contextlib.py", line 158, in __exit__
    self.gen.throw(value)
  File "C:\Users\Viana e Moura.VM210490\Documents\GitHub\Curriculo_IA\Curriculo_IA-clean\venv312\Lib\site-packages\httpx\_transports\default.py", line 118, in map_httpcore_exceptions
    raise mapped_exc(message) from exc
httpx.RemoteProtocolError: Server disconnected
2025-06-16 15:14:25,924 - INFO - ‚úÖ Curr√≠culo 'Saraarielesilva' processado e salvo com ID: aae4af9b-4e61-49cd-a06c-694b35aee8f4
2025-06-16 17:06:22,631 - INFO - üìÑ Processando: CurriculoSARAARIELESILVA.pdf
2025-06-16 17:06:22,656 - INFO - üìÑ Processando: CurriculoSuelyMariadaSilva.pdf
2025-06-16 17:06:22,733 - INFO - üìÑ Processando: CurriculoStefanyPereiraSampaio.pdf
2025-06-16 17:06:22,735 - INFO - üìÑ Processando: CurriculoSOBREMIM.pdf
2025-06-16 17:06:49,210 - INFO - ‚úÖ Curr√≠culo 'Stefany Pereira Sampaio' processado e salvo com ID: c09123d3-00c2-4650-a6ea-ff024165e08c
2025-06-16 17:06:49,662 - INFO - üìÑ Processando: CurriculoSuevellimCavalcantedeLima.pdf
2025-06-16 17:06:49,867 - INFO - ‚úÖ Curr√≠culo 'Saraarielesilva' processado e salvo com ID: d9a8d2a7-b31c-43fd-bedf-59a912b6c258
2025-06-16 17:06:50,265 - INFO - üìÑ Processando: CurriculoTacitobrunoSilvavieira.pdf
2025-06-16 17:06:50,524 - ERROR - ‚ùå Erro ao processar CurriculoTacitobrunoSilvavieira.pdf: ‚ùå PDF vazio ou ileg√≠vel
Traceback (most recent call last):
  File "C:\Users\Viana e Moura.VM210490\Documents\GitHub\Curriculo_IA\Curriculo_IA-clean\SERVICES\analise.py", line 125, in process_candidate
    raise ValueError("‚ùå PDF vazio ou ileg√≠vel")
ValueError: ‚ùå PDF vazio ou ileg√≠vel
2025-06-16 17:06:51,002 - INFO - üìÑ Processando: CurriculoTalitaSamaradaSilvaAlves.pdf
2025-06-16 17:06:51,412 - INFO - ‚úÖ Curr√≠culo 'Suely Mariada Silva' processado e salvo com ID: bd11af80-66fe-49f0-8fa5-2c26b29245a9
2025-06-16 17:06:52,093 - INFO - üìÑ Processando: CurriculoTatianeLiraDavi.pdf
2025-06-16 17:06:58,295 - INFO - ‚úÖ Curr√≠culo 'Sobremim' processado e salvo com ID: d5b1cf0e-f2df-4afb-9fed-0c29e6765d60
2025-06-16 17:06:58,711 - INFO - üìÑ Processando: CurriculoThaisesLuciaMelo.pdf
2025-06-16 17:07:21,414 - INFO - ‚úÖ Curr√≠culo 'Suevellim Cavalcantede Lima' processado e salvo com ID: 7a2726c8-34cd-457c-b0fb-2d2591a31ff8
2025-06-16 17:07:21,861 - INFO - üìÑ Processando: CurriculoTIAGOMENDESBEZERRA.pdf
2025-06-16 17:07:41,182 - INFO - ‚úÖ Curr√≠culo 'Talita Samarada Silva Alves' processado e salvo com ID: b810a553-4028-4df2-a379-a999a787eadd
2025-06-16 17:07:41,551 - INFO - üìÑ Processando: CurriculoVivianeMariadaSilva.pdf
2025-06-16 17:07:43,648 - INFO - ‚úÖ Curr√≠culo 'Thaises Lucia Melo' processado e salvo com ID: 3d258ad4-f042-4bba-b933-994daf3610fb
2025-06-16 17:07:44,005 - INFO - üìÑ Processando: CurriculoWalkyryaMyrelle.pdf
2025-06-16 17:07:51,220 - INFO - ‚úÖ Curr√≠culo 'Tatiane Lira Davi' processado e salvo com ID: faf9b564-d82d-46be-9da4-fabec32bd61d
2025-06-16 17:07:51,603 - INFO - üìÑ Processando: CurriculowesleydaSilvasgarlate.pdf
2025-06-16 17:08:01,019 - INFO - ‚úÖ Curr√≠culo 'Tiagomendesbezerra' processado e salvo com ID: 5e657d59-51c9-4da2-8e30-a6a536611cc5
2025-06-16 17:08:01,424 - INFO - üìÑ Processando: CurriculoWyllianFeranandodosSantosSilva.pdf
2025-06-16 17:08:09,765 - INFO - ‚úÖ Curr√≠culo 'Viviane Mariada Silva' processado e salvo com ID: 537dc0ec-724a-4ad1-b0fc-dc1e47f01429
2025-06-16 17:08:10,162 - INFO - üìÑ Processando: CurriculoYagoEduardo.pdf
2025-06-16 17:08:12,563 - INFO - ‚úÖ Curr√≠culo 'Walkyrya Myrelle' processado e salvo com ID: 04da2418-6da6-4996-9c31-3ecc8802670f
2025-06-16 17:08:12,991 - INFO - üìÑ Processando: CurriculoYagoVictorCavalcantiFreireAlmeida.pdf
2025-06-16 17:08:38,042 - INFO - ‚úÖ Curr√≠culo 'Wyllian Feranandodos Santos Silva' processado e salvo com ID: 5df8226e-1364-4497-9793-ea4fbc8268df
2025-06-16 17:08:38,414 - INFO - üìÑ Processando: CurriculoYas.pdf
2025-06-16 17:08:39,214 - INFO - ‚úÖ Curr√≠culo 'Wesleyda Silvasgarlate' processado e salvo com ID: c217da79-a37e-4a3a-8555-9601a604927e
2025-06-16 17:08:39,618 - INFO - üìÑ Processando: CurriculoYasmimSoares.pdf
2025-06-16 17:08:43,068 - INFO - ‚úÖ Curr√≠culo 'Yago Eduardo' processado e salvo com ID: 0bf88bc5-41d1-4a18-9626-fbd3b4b8d747
2025-06-16 17:08:43,471 - INFO - üìÑ Processando: CurriculoYASMINLAUANESOUSABARBOSA.pdf
2025-06-16 17:08:49,246 - INFO - ‚úÖ Curr√≠culo 'Yago Victor Cavalcanti Freire Almeida' processado e salvo com ID: 426a5fba-90c9-4909-a74b-ad3723547ac8
2025-06-16 17:08:50,138 - INFO - üìÑ Processando: curriculum Plinio Rafael caruaru.pdf
2025-06-16 17:09:18,516 - INFO - ‚úÖ Curr√≠culo 'Yasminlauanesousabarbosa' processado e salvo com ID: 17ef132c-1279-4cc1-9ecc-ac46db3e5508
2025-06-16 17:09:18,913 - INFO - üìÑ Processando: CurriculoKETLLYEDUARDASOUZAMINERVINO.pdf
2025-06-16 17:09:19,677 - INFO - ‚úÖ Curr√≠culo 'Yas' processado e salvo com ID: 4cc62aea-7e7f-47b9-b7fd-f1c963d472f8
2025-06-16 17:09:20,053 - INFO - üìÑ Processando: CurriculoKeyllaRaphaela.pdf
2025-06-16 17:09:20,366 - INFO - ‚úÖ Curr√≠culo 'Yasmim Soares' processado e salvo com ID: 118ccd11-ffae-4376-849c-a390e6b9c190
2025-06-16 17:09:20,802 - INFO - üìÑ Processando: CurriculoLauannyCibelleFerreiradaSilva.pdf
2025-06-16 17:09:27,897 - INFO - ‚úÖ Curr√≠culo 'Curriculum Plinio Rafael Caruaru' processado e salvo com ID: 8cbec4ed-f376-4153-abc7-fce552f418b7
2025-06-16 17:09:28,417 - INFO - üìÑ Processando: CurriculoLeonardoAlves.pdf
2025-06-16 17:09:55,013 - INFO - ‚úÖ Curr√≠culo 'Keylla Raphaela' processado e salvo com ID: 41116b08-ab17-425b-bcda-51744966ef92
2025-06-16 17:09:55,418 - INFO - üìÑ Processando: CurriculoluanVitor.pdf
2025-06-16 17:09:55,552 - INFO - ‚úÖ Curr√≠culo 'Lauanny Cibelle Ferreirada Silva' processado e salvo com ID: cb10fd35-ef82-4cde-a04f-2b870996b0d8
2025-06-16 17:09:55,686 - INFO - ‚úÖ Curr√≠culo 'Ketllyeduardasouzaminervino' processado e salvo com ID: 02f5c6e5-3d20-464a-b878-0c686a6d98d6
2025-06-16 17:09:56,004 - INFO - üìÑ Processando: CurriculoLucasdeMacedoSantos.pdf
2025-06-16 17:09:56,116 - INFO - üìÑ Processando: CurriculoLucasMateusSantosdeMacedo.pdf
2025-06-16 17:10:13,091 - INFO - ‚úÖ Curr√≠culo 'Leonardo Alves' processado e salvo com ID: c4104b42-d603-45b5-baa3-7e86c5a1cab5
2025-06-16 17:10:13,481 - INFO - üìÑ Processando: CurriculoLuizFelipeTenorioPortoMoraes.pdf
2025-06-16 17:10:24,728 - INFO - ‚úÖ Curr√≠culo 'Luan Vitor' processado e salvo com ID: e312e366-2bcc-4f8f-88ff-539b0fe5235f
2025-06-16 17:10:25,163 - INFO - üìÑ Processando: CurriculoLuizFellipeDaSIlvaGomes.pdf
2025-06-16 17:10:26,624 - INFO - ‚úÖ Curr√≠culo 'Lucas Mateus Santosde Macedo' processado e salvo com ID: 992bbfe8-ef53-4b64-82f4-59d42046899d
2025-06-16 17:10:27,056 - INFO - üìÑ Processando: CurriculoMARCIAEDUARDALAURENTINOSILVA.pdf
2025-06-16 17:10:33,124 - INFO - ‚úÖ Curr√≠culo 'Lucasde Macedo Santos' processado e salvo com ID: d88ae17a-6421-4258-81e4-4f39483ee177
2025-06-16 17:10:33,517 - INFO - üìÑ Processando: CurriculoMariaClara.pdf
2025-06-16 17:11:02,689 - INFO - ‚úÖ Curr√≠culo 'Luiz Felipe Tenorio Porto Moraes' processado e salvo com ID: 5b70db26-aaba-4cd6-9421-b50b17f9b53b
2025-06-16 17:11:03,019 - INFO - ‚úÖ Curr√≠culo 'Maria Clara' processado e salvo com ID: 78cf4c1a-9454-40b3-8e02-e0e4f778d672
2025-06-16 17:11:03,177 - INFO - üìÑ Processando: CurriculoMariaEricaDasilva.pdf
2025-06-16 17:11:03,439 - INFO - üìÑ Processando: CurriculoMariaFernandaMarques.pdf
2025-06-16 17:11:09,792 - INFO - ‚úÖ Curr√≠culo 'Luiz Fellipe da S Ilva Gomes' processado e salvo com ID: e5b95374-055e-4ed4-bf94-89f4a5afc7be
2025-06-16 17:11:10,204 - INFO - üìÑ Processando: CurriculoMariaGabriela.pdf
2025-06-16 17:11:21,829 - INFO - ‚úÖ Curr√≠culo 'Marciaeduardalaurentinosilva' processado e salvo com ID: 664dfa1d-3054-4509-adbe-f91002cb5098
2025-06-16 17:11:22,291 - INFO - üìÑ Processando: CurriculoMARIAVITORIADACRUZMACEDO.pdf
2025-06-16 17:11:35,311 - INFO - ‚úÖ Curr√≠culo 'Maria Fernanda Marques' processado e salvo com ID: 8f95b1db-8861-4f83-8568-f56ec0e3c908
2025-06-16 17:11:35,670 - INFO - üìÑ Processando: CurriculoMatheusJacomettiPalmeira.pdf
2025-06-16 17:11:39,750 - INFO - ‚úÖ Curr√≠culo 'Maria Erica Dasilva' processado e salvo com ID: c19ec32b-14bc-483f-b726-a10fb15763c0
2025-06-16 17:11:40,135 - INFO - üìÑ Processando: CurriculoMatheusSantos.pdf
2025-06-16 17:11:47,336 - INFO - ‚úÖ Curr√≠culo 'Maria Gabriela' processado e salvo com ID: 919b6cad-abf1-4670-9d2d-223b86ff871f
2025-06-16 17:11:47,782 - INFO - üìÑ Processando: CurriculoMichaelLeandroSilva.pdf
2025-06-16 17:12:02,591 - INFO - ‚úÖ Curr√≠culo 'Matheus Santos' processado e salvo com ID: 56013b6e-5165-456b-8c1c-2603939e1b25
2025-06-16 17:12:03,008 - INFO - üìÑ Processando: CurriculoMikaeleCristineDaSilva.pdf
2025-06-16 17:12:05,085 - INFO - ‚úÖ Curr√≠culo 'Mariavitoriadacruzmacedo' processado e salvo com ID: 9b9eb221-8370-4ed7-a4bc-262aeafe972f
2025-06-16 17:12:05,548 - INFO - üìÑ Processando: CurriculoMilenaLima.pdf
2025-06-16 17:12:13,788 - INFO - ‚úÖ Curr√≠culo 'Matheus Jacometti Palmeira' processado e salvo com ID: dda93234-8d26-4378-af9d-c865c8dbcedd
2025-06-16 17:12:14,174 - INFO - üìÑ Processando: CurriculoMONICAMOURA.pdf
2025-06-16 17:12:23,349 - INFO - ‚úÖ Curr√≠culo 'Michael Leandro Silva' processado e salvo com ID: 08ca2620-51e2-4c1f-bbae-a5b6f0ee7488
2025-06-16 17:12:23,794 - INFO - üìÑ Processando: CurriculoOTILIAISLANIATORRES.pdf
2025-06-16 17:12:30,484 - INFO - ‚úÖ Curr√≠culo 'Mikaele Cristine da Silva' processado e salvo com ID: 9b7eb501-387b-45a4-88d8-d35c0faa563d
2025-06-16 17:12:31,038 - INFO - üìÑ Processando: CurriculoPaulosergioSergio.pdf
2025-06-16 17:12:47,710 - INFO - ‚úÖ Curr√≠culo 'Monicamoura' processado e salvo com ID: a66f0b76-0c23-42d3-860f-8b1c5a6bb56a
2025-06-16 17:12:48,086 - INFO - üìÑ Processando: CurriculoPedroHenriqueMarquesdaSilva.pdf
2025-06-16 17:12:48,382 - INFO - ‚úÖ Curr√≠culo 'Milena Lima' processado e salvo com ID: be377f85-8174-474c-9ce7-20a1b2f82463
2025-06-16 17:12:48,816 - INFO - üìÑ Processando: CurriculoQuetulaEliasdeFrancaSilva.pdf
2025-06-16 17:13:00,351 - INFO - ‚úÖ Curr√≠culo 'Otiliaislaniatorres' processado e salvo com ID: 4673dd89-30b6-4c01-b759-66f42571136f
2025-06-16 17:13:00,804 - INFO - üìÑ Processando: CurriculoRafaelSoaresdeLima.pdf
2025-06-16 17:13:25,908 - INFO - ‚úÖ Curr√≠culo 'Paulosergio Sergio' processado e salvo com ID: dff04f8a-a4ac-48cd-95c7-24ff9fe59db2
2025-06-16 17:13:26,293 - INFO - üìÑ Processando: CurriculoREBECCAISLAYNENASCIMENTOFREITAS.pdf
2025-06-16 17:13:33,022 - INFO - ‚úÖ Curr√≠culo 'Pedro Henrique Marquesda Silva' processado e salvo com ID: a3719de0-7b1a-4a8a-b386-3febca7502c2
2025-06-16 17:13:33,424 - INFO - üìÑ Processando: CurriculoREGINALDORODRIGUESNETO.pdf
2025-06-16 17:13:39,363 - INFO - ‚úÖ Curr√≠culo 'Quetula Eliasde Franca Silva' processado e salvo com ID: f677a562-2635-424b-95a5-ac972a9ad503
2025-06-16 17:13:39,776 - INFO - üìÑ Processando: CurriculoRuthFlorencio.pdf
2025-06-16 17:13:46,141 - INFO - ‚úÖ Curr√≠culo 'Rafael Soaresde Lima' processado e salvo com ID: c53e8299-7a2a-4ba1-a0c9-3729196658b9
2025-06-16 17:13:46,504 - INFO - üìÑ Processando: CurriculoSABRINAMARIA.pdf
2025-06-16 17:14:13,079 - INFO - ‚úÖ Curr√≠culo 'Rebeccaislaynenascimentofreitas' processado e salvo com ID: 955da89f-73a5-44ee-ab2d-48c28bf76db2
2025-06-16 17:14:13,475 - INFO - üìÑ Processando: CurriculoFranklinSantosBarbosa.pdf
2025-06-16 17:14:20,917 - INFO - ‚úÖ Curr√≠culo 'Sabrinamaria' processado e salvo com ID: c3710d73-c485-4e5b-9ce0-be54d8b4507c
2025-06-16 17:14:21,304 - INFO - üìÑ Processando: CurriculoGabrielDesantanasantos.pdf
2025-06-16 17:14:27,525 - INFO - ‚úÖ Curr√≠culo 'Reginaldorodriguesneto' processado e salvo com ID: f10f95c8-694b-4032-9114-a131a0743774
2025-06-16 17:14:28,080 - INFO - üìÑ Processando: CurriculoGerusaAlvesdaSilva.pdf
2025-06-16 17:14:42,791 - INFO - ‚úÖ Curr√≠culo 'Ruth Florencio' processado e salvo com ID: 20cbd584-28c5-4559-8d8e-ae0b93ae5efd
2025-06-16 17:14:43,172 - INFO - üìÑ Processando: CurriculoGivanildovelozo.pdf
2025-06-16 17:14:46,646 - INFO - ‚úÖ Curr√≠culo 'Franklin Santos Barbosa' processado e salvo com ID: bfd08629-57a5-4150-8c28-1ad83c229144
2025-06-16 17:14:46,998 - INFO - üìÑ Processando: CurriculoGlauseSilva.pdf
2025-06-16 17:15:14,167 - INFO - ‚úÖ Curr√≠culo 'Gerusa Alvesda Silva' processado e salvo com ID: 7fb7199b-8ce7-4c24-be38-dd67d2e36ad1
2025-06-16 17:15:14,540 - INFO - üìÑ Processando: CurriculoHELTONJOSEDASILVA.pdf
2025-06-16 17:15:16,729 - INFO - ‚úÖ Curr√≠culo 'Gabriel Desantanasantos' processado e salvo com ID: c14ee912-fd94-4546-925c-13a83e85a188
2025-06-16 17:15:17,149 - INFO - üìÑ Processando: CurriculoHOZANAQUEIROZ.pdf
2025-06-16 17:15:28,188 - INFO - ‚úÖ Curr√≠culo 'Glause Silva' processado e salvo com ID: b47b7fb4-0a89-4a51-a615-ef04e13a53e8
2025-06-16 17:15:28,543 - INFO - üìÑ Processando: CurriculoIgorNascimento.pdf
2025-06-16 17:15:28,829 - INFO - ‚úÖ Curr√≠culo 'Givanildovelozo' processado e salvo com ID: 34264b74-c631-4f04-a003-fab9bcd2b568
2025-06-16 17:15:29,615 - INFO - üìÑ Processando: Curriculoigorramos.pdf
2025-06-16 17:15:50,527 - INFO - ‚úÖ Curr√≠culo 'Hozanaqueiroz' processado e salvo com ID: af2dfda1-7c70-4679-b6c9-67e4ff859fbc
2025-06-16 17:15:50,861 - INFO - üìÑ Processando: CurriculoIndianopolisCaruaru.pdf
2025-06-16 17:15:51,005 - ERROR - ‚ùå Erro ao processar CurriculoIndianopolisCaruaru.pdf: ‚ùå PDF vazio ou ileg√≠vel
Traceback (most recent call last):
  File "C:\Users\Viana e Moura.VM210490\Documents\GitHub\Curriculo_IA\Curriculo_IA-clean\SERVICES\analise.py", line 125, in process_candidate
    raise ValueError("‚ùå PDF vazio ou ileg√≠vel")
ValueError: ‚ùå PDF vazio ou ileg√≠vel
2025-06-16 17:15:51,457 - INFO - üìÑ Processando: CurriculoIsaacIourranniCorreiadeSouza.pdf
2025-06-16 17:15:53,574 - INFO - ‚úÖ Curr√≠culo 'Igorramos' processado e salvo com ID: 7ddc5dc3-1ce1-4dc8-b500-fe952931cecc
2025-06-16 17:15:53,944 - INFO - üìÑ Processando: CurriculoJacksonBezerra.pdf
2025-06-16 17:15:56,521 - INFO - ‚úÖ Curr√≠culo 'Heltonjosedasilva' processado e salvo com ID: 52a94ed6-ecba-4b5d-96d5-bdbf50c898a2
2025-06-16 17:15:56,902 - INFO - üìÑ Processando: CurriculoJACKSONMANOELDSANTOSSILVA.pdf
2025-06-16 17:16:10,242 - INFO - ‚úÖ Curr√≠culo 'Igor Nascimento' processado e salvo com ID: 8988b37d-6d5c-425c-964e-0beb2f67e4a4
2025-06-16 17:16:10,651 - INFO - üìÑ Processando: CurriculoJailtonGomes.pdf
2025-06-16 17:16:30,824 - INFO - ‚úÖ Curr√≠culo 'Jackson Bezerra' processado e salvo com ID: 75ceb569-477f-422a-8b97-f6bff35f76db
2025-06-16 17:16:31,194 - INFO - üìÑ Processando: CurriculoJandsonMikaelFrancaSilva.pdf
2025-06-16 17:16:33,477 - INFO - ‚úÖ Curr√≠culo 'Isaac Iourranni Correiade Souza' processado e salvo com ID: 635ec808-b5ee-4b44-83bb-3bc4aac7d5e1
2025-06-16 17:16:33,856 - INFO - üìÑ Processando: CurriculoJarielPereiraDos.pdf
2025-06-16 17:16:33,997 - INFO - ‚úÖ Curr√≠culo 'Jacksonmanoeldsantossilva' processado e salvo com ID: c331982d-496d-4b99-8f77-29cee968fdeb
2025-06-16 17:16:34,413 - INFO - üìÑ Processando: CurriculoJESSICASantos.pdf
2025-06-16 17:16:35,800 - INFO - ‚úÖ Curr√≠culo 'Jailton Gomes' processado e salvo com ID: af97ed32-91a1-47e0-9f04-f94b4fd55a4e
2025-06-16 17:16:36,185 - INFO - üìÑ Processando: CurriculoJessikaNayaraAlmeidaOliveira.pdf
2025-06-16 17:17:08,192 - INFO - ‚úÖ Curr√≠culo 'Jariel Pereira dos' processado e salvo com ID: ff61ec85-7513-453d-b360-c4bcecc978d4
2025-06-16 17:17:08,717 - INFO - üìÑ Processando: CurriculoJoseDavideOliveiraSantos.pdf
2025-06-16 17:17:09,445 - INFO - ‚úÖ Curr√≠culo 'Jessika Nayara Almeida Oliveira' processado e salvo com ID: 883b3708-ca46-438d-ab8e-4e1f977fadef
2025-06-16 17:17:09,935 - INFO - üìÑ Processando: CurriculoJOSEEDINALDODEANDRADEFILHO.pdf
2025-06-16 17:17:10,068 - INFO - ‚úÖ Curr√≠culo 'Jessica Santos' processado e salvo com ID: c4129bbb-2199-452f-b3a8-2135283002e1
2025-06-16 17:17:10,498 - INFO - üìÑ Processando: CurriculoJOSEERIVANBARROSDOSSANTOSERIVAN.pdf
2025-06-16 17:17:46,305 - INFO - ‚úÖ Curr√≠culo 'Jandson Mikael Franca Silva' processado e salvo com ID: 7f478366-e906-4281-aaff-783d0225c1e2
2025-06-16 17:17:46,676 - INFO - üìÑ Processando: CurriculoKETHILLYSAMARADASILVAFIGUEIRA - Copia 2.pdf
2025-06-16 17:17:54,885 - INFO - ‚úÖ Curr√≠culo 'Joseerivanbarrosdossantoserivan' processado e salvo com ID: 31cf42b4-a2fa-4df9-b944-0efce49c4dfe
2025-06-16 17:17:55,260 - INFO - üìÑ Processando: CurriculoAndredaSilvaSantos.pdf
2025-06-16 17:17:56,991 - INFO - ‚úÖ Curr√≠culo 'Joseedinaldodeandradefilho' processado e salvo com ID: 2e08ad17-1019-4b94-ac8a-d574cb0c3e22
2025-06-16 17:17:57,365 - INFO - üìÑ Processando: CurriculoAndrezaelieteDasilva.pdf
2025-06-16 17:17:58,233 - INFO - ‚úÖ Curr√≠culo 'Jos√© Davide Oliveira Santos' processado e salvo com ID: 42cbc974-2d49-467a-b920-39849f51ad09
2025-06-16 17:17:58,735 - INFO - üìÑ Processando: CurriculoANNYCAROLINE.pdf
2025-06-16 17:18:23,165 - INFO - ‚úÖ Curr√≠culo 'Kethillysamaradasilvafigueira Copia 2' processado e salvo com ID: 7c8b2f82-3b90-48ad-a9e0-8e965a4e182e
2025-06-16 17:18:23,692 - INFO - üìÑ Processando: CurriculoArthurSilva.pdf
2025-06-16 17:18:34,369 - INFO - ‚úÖ Curr√≠culo 'Andreda Silva Santos' processado e salvo com ID: f160f2c0-4cab-4fc8-b620-9d9c40a0c0f5
2025-06-16 17:18:34,800 - INFO - üìÑ Processando: CurriculoArturViniciusSilva.pdf
2025-06-16 17:18:39,112 - INFO - ‚úÖ Curr√≠culo 'Andrezaeliete Dasilva' processado e salvo com ID: aec89bc2-91ea-471d-bf78-47597c08607f
2025-06-16 17:18:39,512 - INFO - üìÑ Processando: CurriculoAuxiliarVendas2025.pdf
2025-06-16 17:18:39,628 - INFO - ‚úÖ Curr√≠culo 'Annycaroline' processado e salvo com ID: 9e2b8977-953b-449a-b6e6-0497a452145e
2025-06-16 17:18:39,991 - INFO - üìÑ Processando: CurriculoBarbaraThayse.pdf
2025-06-16 17:18:55,414 - INFO - ‚úÖ Curr√≠culo 'Arthur Silva' processado e salvo com ID: 90e3c5ec-b764-4ee3-9689-f22cc11e221c
2025-06-16 17:18:55,860 - INFO - üìÑ Processando: CurriculoBrenaVitoriaSantosFarias.pdf
2025-06-16 17:19:15,167 - INFO - ‚úÖ Curr√≠culo 'Artur Vinicius Silva' processado e salvo com ID: 50842b3e-2416-4add-9ef2-96ae84120245
2025-06-16 17:19:15,580 - INFO - üìÑ Processando: CurriculoBrunoPereira.pdf
2025-06-16 17:19:17,559 - INFO - ‚úÖ Curr√≠culo 'Barbara Thayse' processado e salvo com ID: 0057b3c7-c02a-4636-8e31-8c11d264a0ed
2025-06-16 17:19:18,016 - INFO - üìÑ Processando: CurriculoCarlosOliveira.pdf
2025-06-16 17:19:22,992 - INFO - ‚úÖ Curr√≠culo 'Auxiliar Vendas2025' processado e salvo com ID: bd1d3beb-8b26-4e4b-ad71-034e1358a4b6
2025-06-16 17:19:23,393 - INFO - üìÑ Processando: CurriculoCELIAVERISSIMO.pdf
2025-06-16 17:19:33,874 - INFO - ‚úÖ Curr√≠culo 'Brena Vitoria Santos Farias' processado e salvo com ID: 67381e71-1ef2-477b-98e8-c0ab8a6a3ec4
2025-06-16 17:19:34,216 - INFO - üìÑ Processando: CurriculoCelyDanuzadaSilva.pdf
2025-06-16 17:19:55,428 - INFO - ‚úÖ Curr√≠culo 'Carlos Oliveira' processado e salvo com ID: 0856142f-1e8f-470a-bdeb-cf117b6735ee
2025-06-16 17:19:55,831 - INFO - üìÑ Processando: CurriculoCiceraJucicleidedosSantosBezerra.pdf
2025-06-16 17:20:00,979 - INFO - ‚úÖ Curr√≠culo 'Bruno Pereira' processado e salvo com ID: 29f38970-3bce-4b65-a115-6b6bd9ecd867
2025-06-16 17:20:01,379 - INFO - üìÑ Processando: CurriculoConceicaoGranja.pdf
2025-06-16 17:20:11,535 - INFO - ‚úÖ Curr√≠culo 'Cely Danuzada Silva' processado e salvo com ID: 646b65b8-c5bf-4128-91ba-7f6ed571c09d
2025-06-16 17:20:11,897 - INFO - üìÑ Processando: CurriculoCristianaPereiraSantana.pdf
2025-06-16 17:20:24,990 - INFO - ‚úÖ Curr√≠culo 'Celiaverissimo' processado e salvo com ID: 5de4c9e7-ca95-430f-b541-6a2122205a1f
2025-06-16 17:20:25,361 - INFO - üìÑ Processando: CurriculoDaillaPietraBezerradaCruz.pdf
2025-06-16 17:20:31,837 - INFO - ‚úÖ Curr√≠culo 'Cicera Jucicleidedos Santos Bezerra' processado e salvo com ID: bc2095a7-950e-4c02-9f2c-4e9315ac7871
2025-06-16 17:20:32,290 - INFO - üìÑ Processando: CurriculoDanielAlmeidaRochaBarros.pdf
2025-06-16 17:20:49,369 - INFO - ‚úÖ Curr√≠culo 'Conceicao Granja' processado e salvo com ID: 267f2eee-008a-45d1-a2f7-610d432f8810
2025-06-16 17:20:49,822 - INFO - üìÑ Processando: CurriculoDAYANESILVA.pdf
2025-06-16 17:20:52,905 - INFO - ‚úÖ Curr√≠culo 'Cristiana Pereira Santana' processado e salvo com ID: b41e4f5e-e8b0-4ce6-91fa-eb9e71dd6129
2025-06-16 17:20:53,364 - INFO - üìÑ Processando: CurriculoDeborakaianneCabraldaSilva.pdf
2025-06-16 17:21:02,046 - INFO - ‚úÖ Curr√≠culo 'Dailla Pietra Bezerrada Cruz' processado e salvo com ID: d018651e-8e91-4d94-b747-a4dbb90b9c62
2025-06-16 17:21:02,419 - INFO - üìÑ Processando: CurriculoEdivanJoseSantanadosSantos.pdf
2025-06-16 17:21:19,008 - INFO - ‚úÖ Curr√≠culo 'Daniel Almeida Rocha Barros' processado e salvo com ID: f89a416f-9cee-4374-b24d-4fe5735192a8
2025-06-16 17:21:19,448 - INFO - üìÑ Processando: CurriculoEDNEYMAIA.pdf
2025-06-16 17:21:27,311 - INFO - ‚úÖ Curr√≠culo 'Dayanesilva' processado e salvo com ID: b44834bf-81f9-408d-a4dd-2f09026c0b1f
2025-06-16 17:21:27,696 - INFO - üìÑ Processando: CurriculoEduardaFarias.pdf
2025-06-16 17:21:31,257 - INFO - ‚úÖ Curr√≠culo 'Deborakaianne Cabralda Silva' processado e salvo com ID: 1d862333-f9da-4809-9128-3b324f7ad7f2
2025-06-16 17:21:31,713 - INFO - üìÑ Processando: CurriculoEduardaLeticia.pdf
2025-06-16 17:21:46,945 - INFO - ‚úÖ Curr√≠culo 'Edivan Jos√© Santanados Santos' processado e salvo com ID: 7d53db20-bdd1-4df9-89aa-a273a20863df
2025-06-16 17:21:47,304 - INFO - üìÑ Processando: CurriculoEduardoFilipeAmarodaSilva.pdf
2025-06-16 17:21:58,163 - INFO - ‚úÖ Curr√≠culo 'Eduarda Farias' processado e salvo com ID: 9ab1cd72-441c-4dfd-8575-f2ac2bb7ed73
2025-06-16 17:21:58,566 - INFO - üìÑ Processando: CurriculoElayneVitoriaRodriguesdaSilva 1.pdf
2025-06-16 17:22:06,849 - INFO - ‚úÖ Curr√≠culo 'Edneymaia' processado e salvo com ID: b3fe6821-1b8f-4665-afe2-4400872b0e16
2025-06-16 17:22:07,203 - INFO - üìÑ Processando: CurriculoEliseuNunes.pdf
2025-06-16 17:22:17,321 - INFO - ‚úÖ Curr√≠culo 'Eduarda Leticia' processado e salvo com ID: 7a7fbe4e-53dc-4e0c-9647-ae0017c88118
2025-06-16 17:22:17,754 - INFO - üìÑ Processando: CurriculoErineizeMaria.pdf
2025-06-16 17:22:29,014 - INFO - ‚úÖ Curr√≠culo 'Eduardo Filipe Amaroda Silva' processado e salvo com ID: a8b55acf-e7c1-4b14-a186-63a8c3a1d21e
2025-06-16 17:22:29,377 - INFO - üìÑ Processando: CurriculoEvelynAlmeida.pdf
2025-06-16 17:22:38,962 - INFO - ‚úÖ Curr√≠culo 'Elayne Vitoria Rodriguesda Silva 1' processado e salvo com ID: 54b83e06-a939-492a-86b9-70efd77e3406
2025-06-16 17:22:39,343 - INFO - üìÑ Processando: CurriculoFelipeManoel.pdf
2025-06-16 17:22:41,321 - INFO - ‚úÖ Curr√≠culo 'Eliseu Nunes' processado e salvo com ID: d0e842f7-91b1-4745-84f3-022c4bb2d5ef
2025-06-16 17:22:41,704 - INFO - üìÑ Processando: CurriculoFernandoAllyssonSerafimdaSilva.pdf
2025-06-16 17:22:52,149 - INFO - ‚úÖ Curr√≠culo 'Erineize Maria' processado e salvo com ID: 99e4c7ee-cf79-43fd-aa41-fd97b53d8f69
2025-06-16 17:22:52,588 - INFO - üìÑ Processando: Ana Beatriz Cavalcante Soares.pdf
2025-06-16 17:22:56,589 - INFO - ‚úÖ Curr√≠culo 'Evelyn Almeida' processado e salvo com ID: 35946e0b-49ab-4efb-a9a1-a550b5c1e2dd
2025-06-16 17:22:57,032 - INFO - üìÑ Processando: ANA BEATRIZ DOS SANTOS SILVA.pdf
2025-06-16 17:23:17,601 - INFO - ‚úÖ Curr√≠culo 'Felipe Manoel' processado e salvo com ID: 82b08cd3-2740-4587-ad03-2bebbf77fae5
2025-06-16 17:23:18,027 - INFO - üìÑ Processando: Curriculo - Emerson Vinicius.pdf
2025-06-16 17:23:22,552 - INFO - ‚úÖ Curr√≠culo 'Fernando Allysson Serafimda Silva' processado e salvo com ID: b80a8b83-c59f-44b9-b836-f761adfc8fd0
2025-06-16 17:23:22,923 - INFO - üìÑ Processando: Curriculo - Esther_20250312_202116_0000.pdf
2025-06-16 17:23:26,696 - INFO - ‚úÖ Curr√≠culo 'Ana Beatriz Cavalcante Soares' processado e salvo com ID: ecdb962f-653b-4ff5-90f0-9be271df6a85
2025-06-16 17:23:27,066 - INFO - üìÑ Processando: curriculo 2.pdf
2025-06-16 17:23:54,028 - INFO - ‚úÖ Curr√≠culo 'Ana Beatriz dos Santos Silva' processado e salvo com ID: 3631f4af-bc7a-48a1-9875-d82ca3d3193d
2025-06-16 17:23:54,381 - INFO - üìÑ Processando: curriculo .pdf
2025-06-16 17:23:55,721 - INFO - ‚úÖ Curr√≠culo 'Esther 20250312 202116 0000' processado e salvo com ID: 7f695dd8-0693-4575-b55d-c29a93f64ad6
2025-06-16 17:23:56,264 - INFO - üìÑ Processando: curriculo _2.pdf
2025-06-16 17:24:05,676 - INFO - ‚úÖ Curr√≠culo 'Emerson Vinicius' processado e salvo com ID: ac79a3da-408d-40c5-b51a-bd0bdffff607
2025-06-16 17:24:06,062 - INFO - üìÑ Processando: Curriculo .pdf 8.pdf
2025-06-16 17:24:06,555 - INFO - ‚úÖ Curr√≠culo '2' processado e salvo com ID: dea60c5b-32d2-4a7e-a8fb-24b074f87fb3
2025-06-16 17:24:06,922 - INFO - üìÑ Processando: Curriculo administracao mulher_20250113_215241_0000 1.pdf
2025-06-16 17:24:32,305 - ERROR - ‚ùå Erro ao processar curriculo .pdf: 1 validation error for Analysis
name
  Value error, O nome n√£o pode estar vazio [type=value_error, input_value='', input_type=str]
    For further information visit https://errors.pydantic.dev/2.11/v/value_error
Traceback (most recent call last):
  File "C:\Users\Viana e Moura.VM210490\Documents\GitHub\Curriculo_IA\Curriculo_IA-clean\SERVICES\analise.py", line 158, in process_candidate
    analysis_data = Analysis(
                    ^^^^^^^^^
  File "C:\Users\Viana e Moura.VM210490\Documents\GitHub\Curriculo_IA\Curriculo_IA-clean\venv312\Lib\site-packages\pydantic\main.py", line 253, in __init__
    validated_self = self.__pydantic_validator__.validate_python(data, self_instance=self)
                     ^^^^^^^^^^^^^^^^^^^^^^^^^^^^^^^^^^^^^^^^^^^^^^^^^^^^^^^^^^^^^^^^^^^^^
pydantic_core._pydantic_core.ValidationError: 1 validation error for Analysis
name
  Value error, O nome n√£o pode estar vazio [type=value_error, input_value='', input_type=str]
    For further information visit https://errors.pydantic.dev/2.11/v/value_error
2025-06-16 17:24:32,701 - INFO - üìÑ Processando: Curriculo Ainoa.pdf
2025-06-16 17:24:40,257 - INFO - ‚úÖ Curr√≠culo '2' processado e salvo com ID: f49fa79a-bb99-4cb7-8a34-927fb2b80f80
2025-06-16 17:24:40,258 - INFO - ‚úÖ Curr√≠culo 'Pdf 8' processado e salvo com ID: 07bf63c5-c372-4a7e-9482-4b11144ea4de
2025-06-16 17:24:40,794 - INFO - üìÑ Processando: CURRICULO DANILO BUARQUE DOS REIS.pdf
2025-06-16 17:24:40,797 - INFO - üìÑ Processando: Curriculo com foto profissional para advogados azul e cinza.pdf
2025-06-16 17:24:43,856 - INFO - ‚úÖ Curr√≠culo 'Administracao Mulher 20250113 215241 0000 1' processado e salvo com ID: ad6834bd-d7fa-4787-bed6-0e15010df4ea
2025-06-16 17:24:44,255 - INFO - üìÑ Processando: Curriculo Joao Bosco.pdf
2025-06-16 17:25:09,486 - INFO - ‚úÖ Curr√≠culo 'Ainoa' processado e salvo com ID: cc3069ab-d593-4c31-a2e8-e6b072977dfe
2025-06-16 17:25:09,897 - INFO - üìÑ Processando: Curriculo Kaic Rian da Silva.pdf
2025-06-16 17:25:15,977 - INFO - ‚úÖ Curr√≠culo 'Jo√£o Bosco' processado e salvo com ID: 3a5bbd6f-eb25-4506-b89c-11897fbcf52b
2025-06-16 17:25:16,305 - INFO - ‚úÖ Curr√≠culo 'Danilo Buarque dos Reis' processado e salvo com ID: ae31d023-987f-4623-bbd2-7f5d8a291a0c
2025-06-16 17:25:16,548 - INFO - üìÑ Processando: Curriculo novo.pdf
2025-06-16 17:25:16,752 - INFO - üìÑ Processando: Curriculo profissional - Abgayl Esttefany 1.pdf
2025-06-16 17:25:22,832 - INFO - ‚úÖ Curr√≠culo 'Com Foto Profissional Para Advogados Azul E Cinza' processado e salvo com ID: a921967e-ed2f-4ea5-8403-b28b559663ae
2025-06-16 17:25:23,244 - INFO - üìÑ Processando: curriculo-1.pdf
2025-06-16 17:25:45,613 - INFO - ‚úÖ Curr√≠culo 'Novo' processado e salvo com ID: 2196b307-5ee0-482c-b2b1-6c6b56044945
2025-06-16 17:25:46,060 - INFO - üìÑ Processando: CurriculoAlessandraMariadaSilva.pdf
2025-06-16 17:25:46,639 - INFO - ‚úÖ Curr√≠culo 'Kaic Rian da Silva' processado e salvo com ID: 3a358d1b-a527-4089-ab82-d2ccc0bbc310
2025-06-16 17:25:47,047 - INFO - üìÑ Processando: CurriculoALEXANDRASEVERINAFERREIRA.pdf
2025-06-16 17:25:50,320 - INFO - ‚úÖ Curr√≠culo 'Profissional Abgayl Esttefany 1' processado e salvo com ID: 739e5425-6554-40ca-97aa-d85f05692f83
2025-06-16 17:25:50,723 - INFO - üìÑ Processando: CurriculoAlexandreDaSilvaSantos.pdf
2025-06-16 17:26:11,101 - INFO - ‚úÖ Curr√≠culo '1' processado e salvo com ID: 61efedc6-12d1-4426-b49c-1c71e85d5fc1
2025-06-16 17:26:11,458 - INFO - üìÑ Processando: CurriculoAlexBarbosa.pdf
2025-06-16 17:26:15,348 - INFO - ‚úÖ Curr√≠culo 'Alexandraseverinaferreira' processado e salvo com ID: 9935db89-a51e-43cd-84ff-d28f6caaee72
2025-06-16 17:26:15,699 - INFO - üìÑ Processando: CurriculoALLYNESANTOSSILVADESOUZA.pdf
2025-06-16 17:26:17,860 - INFO - ‚úÖ Curr√≠culo 'Alessandra Mariada Silva' processado e salvo com ID: 8f419e53-64c9-49f5-a738-a22484a42f95
2025-06-16 17:26:18,247 - INFO - üìÑ Processando: CurriculoAMANDAAPARECIDAFRAZAODASILVA.pdf
2025-06-16 17:26:38,527 - INFO - ‚úÖ Curr√≠culo 'Alexandre da Silva Santos' processado e salvo com ID: 541831cb-b39e-4bec-9104-ee06ae9942ac
2025-06-16 17:26:38,986 - INFO - üìÑ Processando: CurriculoAnapaulaDoNascimentolima.pdf
2025-06-16 17:26:41,366 - INFO - ‚úÖ Curr√≠culo 'Alex Barbosa' processado e salvo com ID: aa769dbd-5329-4712-b9e6-f63b769a2751
2025-06-16 17:26:41,715 - INFO - üìÑ Processando: CurriculoAndersonFernandodoNascimentoSilva.pdf
2025-06-16 17:26:52,291 - INFO - ‚úÖ Curr√≠culo 'Allynesantossilvadesouza' processado e salvo com ID: 804c6b97-1de6-42bb-ac4e-a414ac2116b7
2025-06-16 17:26:52,652 - INFO - üìÑ Processando: CurriculoAndersonPereiradeMoura.pdf
2025-06-16 17:27:04,195 - INFO - ‚úÖ Curr√≠culo 'Amandaaparecidafrazaodasilva' processado e salvo com ID: d55cd15e-8a7b-48c5-90c8-09bc5bdc9682
2025-06-16 17:27:04,591 - INFO - üìÑ Processando: CurriculoANDERSONRODRIGUES.pdf
2025-06-16 17:27:13,940 - INFO - ‚úÖ Curr√≠culo 'Anderson Fernandodo Nascimento Silva' processado e salvo com ID: 02fd6d66-187a-42d4-9ba6-5908cfde7042
2025-06-16 17:27:14,313 - INFO - üìÑ Processando: Sabrina Rafaela de Azevedo Rodrigues_20250115_123256_0000.pdf
2025-06-16 17:27:23,863 - INFO - ‚úÖ Curr√≠culo 'Anapaula do Nascimentolima' processado e salvo com ID: 5a1c1089-393c-4014-b5e5-30a4a41646d9
2025-06-16 17:27:24,281 - INFO - üìÑ Processando: CURRICULUM1 1.docx
2025-06-16 17:27:39,447 - INFO - ‚úÖ Curr√≠culo 'Anderson Pereirade Moura' processado e salvo com ID: 269352c9-1bab-40e8-84f4-3f6d7560ac45
2025-06-16 17:27:39,799 - INFO - üìÑ Processando: CV - 01-2025.pdf
2025-06-16 17:27:49,701 - INFO - ‚úÖ Curr√≠culo 'Andersonrodrigues' processado e salvo com ID: 5b120da1-9332-47ac-bfeb-248dc33d65aa
2025-06-16 17:27:50,056 - INFO - üìÑ Processando: CV Roger Ferreira.pdf
2025-06-16 17:27:51,256 - INFO - ‚úÖ Curr√≠culo 'Curriculum1 1' processado e salvo com ID: 37563bbb-6295-4700-9367-2e0e655180bd
2025-06-16 17:27:51,702 - INFO - üìÑ Processando: CV-igor-20250603154623.pdf
2025-06-16 17:27:53,569 - INFO - ‚úÖ Curr√≠culo 'Sabrina Rafaela de Azevedo Rodrigues 20250115 123256 0000' processado e salvo com ID: c832dd20-034d-4700-9b71-56befcedf151
2025-06-16 17:27:54,096 - INFO - üìÑ Processando: CV-janiele-20250601162852.pdf
2025-06-16 17:28:27,815 - INFO - ‚úÖ Curr√≠culo 'Cv Janiele 20250601162852' processado e salvo com ID: 8137f92b-9cfa-42b9-b06f-d0b1e0e652c9
2025-06-16 17:28:28,272 - INFO - üìÑ Processando: CV-Jenyffer Rayane da Silva.pdf
2025-06-16 17:28:28,415 - INFO - ‚úÖ Curr√≠culo 'Cv Igor 20250603154623' processado e salvo com ID: c91d0c01-feeb-4c9f-bc6b-99fe918d6b26
2025-06-16 17:28:28,834 - INFO - üìÑ Processando: DOC-20241126-WA0092..pdf
2025-06-16 17:28:33,300 - INFO - ‚úÖ Curr√≠culo 'Cv 01 2025' processado e salvo com ID: 1b199d2c-fd36-4cb0-a774-8053ba236b52
2025-06-16 17:28:33,736 - INFO - üìÑ Processando: DOC-20250526-WA0083..pdf
2025-06-16 17:28:35,445 - INFO - ‚úÖ Curr√≠culo 'Cv Roger Ferreira' processado e salvo com ID: 476f8956-2649-4919-b2a4-0aec12ff4879
2025-06-16 17:28:35,827 - INFO - üìÑ Processando: DOC-20250526-WA0141..pdf
2025-06-16 17:29:00,280 - INFO - ‚úÖ Curr√≠culo 'Doc 20241126 Wa0092' processado e salvo com ID: c2678d9a-469d-45d9-b705-4a762e5e6fb6
2025-06-16 17:29:00,691 - INFO - üìÑ Processando: Documento de Eduarda Dos Santos.pdf
2025-06-16 17:29:01,188 - INFO - ‚úÖ Curr√≠culo 'Doc 20250526 Wa0141' processado e salvo com ID: 51bb6e4a-59f0-42e3-a54a-54d1e4a671bf
2025-06-16 17:29:01,714 - INFO - üìÑ Processando: Georgia Camila.pdf
2025-06-16 17:29:06,480 - INFO - ‚úÖ Curr√≠culo 'Cv Jenyffer Rayane da Silva' processado e salvo com ID: 3a00279d-7ee2-4bc2-9387-7fd5839aa36b
2025-06-16 17:29:06,885 - INFO - üìÑ Processando: Jose Henrique dos Santos Silva_20250512_080828_0000.pdf
2025-06-16 17:29:17,933 - INFO - ‚úÖ Curr√≠culo 'Doc 20250526 Wa0083' processado e salvo com ID: 1fb55222-8d4a-4c4f-99fc-eacf7944dc82
2025-06-16 17:29:18,317 - INFO - üìÑ Processando: Meu Curriculo.pdf
2025-06-16 17:29:52,930 - INFO - ‚úÖ Curr√≠culo 'Documento de Eduarda dos Santos' processado e salvo com ID: d230e654-d0a6-4ef1-9294-abe671ea0650
2025-06-16 17:29:53,830 - INFO - ‚úÖ Curr√≠culo 'Georgia Camila' processado e salvo com ID: af440319-9835-4246-941d-4e1635cf44f9
2025-06-16 17:29:58,156 - INFO - ‚úÖ Curr√≠culo 'Jos√© Henrique dos Santos Silva 20250512 080828 0000' processado e salvo com ID: 22c2b598-5514-4a7b-b6cc-ee4294eae518
2025-06-16 17:30:00,460 - INFO - ‚úÖ Curr√≠culo 'Meu Curriculo' processado e salvo com ID: beab972a-cc09-442e-88a8-2f6448e0e250
